[2026-04-25 21:18:46,625][__main__][INFO] - Model saved dir: /home/gloria/Bis-JEPA/outputs/2026-04-25/21-18-46
[2026-04-25 21:18:46,660][__main__][INFO] - rank: 0  model_name: 2026-04-25/21-18-46_pusht_f5_h3_p1
[2026-04-25 21:18:46,660][__main__][INFO] - device: cuda   model_name: 2026-04-25/21-18-46_pusht_f5_h3_p1
[2026-04-25 21:18:53,299][__main__][INFO] - Loading dataset from /home/gloria/Bis-JEPA/datasets/data/pusht_noise ...
[2026-04-25 21:18:53,801][__main__][INFO] - dataloader batch size: 40
[2026-04-25 21:18:53,802][__main__][INFO] - Train encoder, predictor, decoder, bisim, train_w_std_loss, train_w_reward_loss:            False,            True,            True,            True,            True,            False
[2026-04-25 21:18:53,820][dinov2][INFO] - using MLP layer as FFN
[2026-04-25 21:18:54,274][__main__][INFO] - Initializing predictor with bisimulation latent dim: 64
[2026-04-25 21:18:54,327][__main__][INFO] - Initialized bisimulation model with latent dim 64
[2026-04-25 21:18:54,327][__main__][INFO] - Bypass encoder mode: False
[2026-04-25 21:18:54,327][__main__][INFO] - Training obs -> dinov2_vits14 -> bisim
[2026-04-25 21:32:38,579][__main__][INFO] - Epoch 1  Training loss: 0.5326  Validation loss: 0.6732
[2026-04-25 21:32:38,587][__main__][INFO] - Train:  Bisim_loss: 0.2078                      z_loss: 0.3248  z_proprio_loss: 0.2411                     Bisim z_dist: 1.3604  Bisim r_dist: 0.0432                      Var reg (comparable to PCA var col): 0.0370  Transition_dist: 1.5849                     Cov reg (comparable to PCA cov col): 0.0000  VIC invar: 0.0017  VIC total block: 0.0388
[2026-04-25 21:32:38,588][__main__][INFO] - Validation:  Bisim_loss: 0.3617                      z_loss: 0.3115  z_proprio_loss: 0.1530                     Bisim z_dist: 1.5506  Bisim r_dist: 0.0687                      Var reg: 0.1767  Transition_dist: 1.6890                     Cov reg: 0.0000  VIC invar: 0.0101  VIC total block: 0.1868
[2026-04-25 21:32:38,803][__main__][INFO] - Saved model to /home/gloria/Bis-JEPA/outputs/2026-04-25/21-18-46
[2026-04-25 21:48:42,288][__main__][INFO] - Epoch 2  Training loss: 0.4587  Validation loss: 0.6683
[2026-04-25 21:48:42,296][__main__][INFO] - Train:  Bisim_loss: 0.1530                      z_loss: 0.3057  z_proprio_loss: 0.1167                     Bisim z_dist: 1.6162  Bisim r_dist: 0.0508                      Var reg (comparable to PCA var col): 0.0352  Transition_dist: 1.7504                     Cov reg (comparable to PCA cov col): 0.0000  VIC invar: 0.0021  VIC total block: 0.0373
[2026-04-25 21:48:42,296][__main__][INFO] - Validation:  Bisim_loss: 0.3698                      z_loss: 0.2985  z_proprio_loss: 0.0955                     Bisim z_dist: 1.7223  Bisim r_dist: 0.0703                      Var reg: 0.1749  Transition_dist: 1.7943                     Cov reg: 0.0000  VIC invar: 0.0112  VIC total block: 0.1862
[2026-04-25 21:48:42,536][__main__][INFO] - Saved model to /home/gloria/Bis-JEPA/outputs/2026-04-25/21-18-46
[2026-04-25 22:03:30,276][__main__][INFO] - Epoch 3  Training loss: 0.4151  Validation loss: 0.5924
[2026-04-25 22:03:30,277][__main__][INFO] - Train:  Bisim_loss: 0.1397                      z_loss: 0.2755  z_proprio_loss: 0.0804                     Bisim z_dist: 1.6591  Bisim r_dist: 0.0512                      Var reg (comparable to PCA var col): 0.0351  Transition_dist: 1.7752                     Cov reg (comparable to PCA cov col): 0.0000  VIC invar: 0.0021  VIC total block: 0.0372
[2026-04-25 22:03:30,277][__main__][INFO] - Validation:  Bisim_loss: 0.3461                      z_loss: 0.2463  z_proprio_loss: 0.0667                     Bisim z_dist: 1.7312  Bisim r_dist: 0.0625                      Var reg: 0.1747  Transition_dist: 1.7966                     Cov reg: 0.0000  VIC invar: 0.0113  VIC total block: 0.1860
[2026-04-25 22:03:30,563][__main__][INFO] - Saved model to /home/gloria/Bis-JEPA/outputs/2026-04-25/21-18-46
[2026-04-25 22:17:33,743][__main__][INFO] - Epoch 4  Training loss: 0.3538  Validation loss: 0.5217
[2026-04-25 22:17:33,752][__main__][INFO] - Train:  Bisim_loss: 0.1323                      z_loss: 0.2214  z_proprio_loss: 0.0623                     Bisim z_dist: 1.6707  Bisim r_dist: 0.0485                      Var reg (comparable to PCA var col): 0.0350  Transition_dist: 1.7826                     Cov reg (comparable to PCA cov col): 0.0000  VIC invar: 0.0021  VIC total block: 0.0372
[2026-04-25 22:17:33,752][__main__][INFO] - Validation:  Bisim_loss: 0.3397                      z_loss: 0.1820  z_proprio_loss: 0.0502                     Bisim z_dist: 1.7124  Bisim r_dist: 0.0650                      Var reg: 0.1748  Transition_dist: 1.7818                     Cov reg: 0.0000  VIC invar: 0.0112  VIC total block: 0.1860
[2026-04-25 22:17:33,963][__main__][INFO] - Saved model to /home/gloria/Bis-JEPA/outputs/2026-04-25/21-18-46
[2026-04-25 22:31:39,473][__main__][INFO] - Epoch 5  Training loss: 0.3004  Validation loss: 0.4911
[2026-04-25 22:31:39,473][__main__][INFO] - Train:  Bisim_loss: 0.1266                      z_loss: 0.1738  z_proprio_loss: 0.0511                     Bisim z_dist: 1.6800  Bisim r_dist: 0.0489                      Var reg (comparable to PCA var col): 0.0350  Transition_dist: 1.7873                     Cov reg (comparable to PCA cov col): 0.0000  VIC invar: 0.0022  VIC total block: 0.0372
[2026-04-25 22:31:39,473][__main__][INFO] - Validation:  Bisim_loss: 0.3498                      z_loss: 0.1413  z_proprio_loss: 0.0385                     Bisim z_dist: 1.7506  Bisim r_dist: 0.0639                      Var reg: 0.1745  Transition_dist: 1.8028                     Cov reg: 0.0000  VIC invar: 0.0114  VIC total block: 0.1860
[2026-04-25 22:31:39,679][__main__][INFO] - Saved model to /home/gloria/Bis-JEPA/outputs/2026-04-25/21-18-46
[2026-04-25 22:47:18,515][__main__][INFO] - Epoch 6  Training loss: 0.2685  Validation loss: 0.4587
[2026-04-25 22:47:18,524][__main__][INFO] - Train:  Bisim_loss: 0.1230                      z_loss: 0.1455  z_proprio_loss: 0.0435                     Bisim z_dist: 1.6696  Bisim r_dist: 0.0467                      Var reg (comparable to PCA var col): 0.0350  Transition_dist: 1.7781                     Cov reg (comparable to PCA cov col): 0.0000  VIC invar: 0.0022  VIC total block: 0.0372
[2026-04-25 22:47:18,524][__main__][INFO] - Validation:  Bisim_loss: 0.3387                      z_loss: 0.1200  z_proprio_loss: 0.0293                     Bisim z_dist: 1.7497  Bisim r_dist: 0.0619                      Var reg: 0.1745  Transition_dist: 1.8050                     Cov reg: 0.0000  VIC invar: 0.0114  VIC total block: 0.1859
[2026-04-25 22:47:18,751][__main__][INFO] - Saved model to /home/gloria/Bis-JEPA/outputs/2026-04-25/21-18-46
[2026-04-25 23:00:55,041][__main__][INFO] - Epoch 7  Training loss: 0.2490  Validation loss: 0.4484
[2026-04-25 23:00:55,041][__main__][INFO] - Train:  Bisim_loss: 0.1198                      z_loss: 0.1292  z_proprio_loss: 0.0381                     Bisim z_dist: 1.6812  Bisim r_dist: 0.0445                      Var reg (comparable to PCA var col): 0.0350  Transition_dist: 1.7859                     Cov reg (comparable to PCA cov col): 0.0000  VIC invar: 0.0022  VIC total block: 0.0372
[2026-04-25 23:00:55,042][__main__][INFO] - Validation:  Bisim_loss: 0.3388                      z_loss: 0.1096  z_proprio_loss: 0.0251                     Bisim z_dist: 1.7287  Bisim r_dist: 0.0649                      Var reg: 0.1748  Transition_dist: 1.7929                     Cov reg: 0.0000  VIC invar: 0.0113  VIC total block: 0.1861
[2026-04-25 23:00:55,194][__main__][INFO] - Saved model to /home/gloria/Bis-JEPA/outputs/2026-04-25/21-18-46
[2026-04-25 23:14:04,242][__main__][INFO] - Epoch 8  Training loss: 0.2367  Validation loss: 0.4284
[2026-04-25 23:14:04,250][__main__][INFO] - Train:  Bisim_loss: 0.1183                      z_loss: 0.1184  z_proprio_loss: 0.0339                     Bisim z_dist: 1.6801  Bisim r_dist: 0.0473                      Var reg (comparable to PCA var col): 0.0350  Transition_dist: 1.7833                     Cov reg (comparable to PCA cov col): 0.0000  VIC invar: 0.0022  VIC total block: 0.0372
[2026-04-25 23:14:04,250][__main__][INFO] - Validation:  Bisim_loss: 0.3268                      z_loss: 0.1016  z_proprio_loss: 0.0215                     Bisim z_dist: 1.6870  Bisim r_dist: 0.0572                      Var reg: 0.1751  Transition_dist: 1.7714                     Cov reg: 0.0000  VIC invar: 0.0110  VIC total block: 0.1862
[2026-04-25 23:14:04,454][__main__][INFO] - Saved model to /home/gloria/Bis-JEPA/outputs/2026-04-25/21-18-46
[2026-04-25 23:28:07,234][__main__][INFO] - Epoch 9  Training loss: 0.2269  Validation loss: 0.4256
[2026-04-25 23:28:07,243][__main__][INFO] - Train:  Bisim_loss: 0.1163                      z_loss: 0.1106  z_proprio_loss: 0.0305                     Bisim z_dist: 1.6862  Bisim r_dist: 0.0478                      Var reg (comparable to PCA var col): 0.0350  Transition_dist: 1.7875                     Cov reg (comparable to PCA cov col): 0.0000  VIC invar: 0.0022  VIC total block: 0.0372
[2026-04-25 23:28:07,243][__main__][INFO] - Validation:  Bisim_loss: 0.3270                      z_loss: 0.0986  z_proprio_loss: 0.0185                     Bisim z_dist: 1.7077  Bisim r_dist: 0.0598                      Var reg: 0.1748  Transition_dist: 1.7769                     Cov reg: 0.0000  VIC invar: 0.0111  VIC total block: 0.1860
[2026-04-25 23:28:07,476][__main__][INFO] - Saved model to /home/gloria/Bis-JEPA/outputs/2026-04-25/21-18-46
[2026-04-25 23:40:44,890][__main__][INFO] - Epoch 10  Training loss: 0.2186  Validation loss: 0.4215
[2026-04-25 23:40:44,890][__main__][INFO] - Train:  Bisim_loss: 0.1138                      z_loss: 0.1048  z_proprio_loss: 0.0278                     Bisim z_dist: 1.6966  Bisim r_dist: 0.0463                      Var reg (comparable to PCA var col): 0.0350  Transition_dist: 1.7942                     Cov reg (comparable to PCA cov col): 0.0000  VIC invar: 0.0022  VIC total block: 0.0372
[2026-04-25 23:40:44,890][__main__][INFO] - Validation:  Bisim_loss: 0.3253                      z_loss: 0.0962  z_proprio_loss: 0.0172                     Bisim z_dist: 1.7059  Bisim r_dist: 0.0582                      Var reg: 0.1747  Transition_dist: 1.7769                     Cov reg: 0.0000  VIC invar: 0.0111  VIC total block: 0.1859
[2026-04-25 23:40:45,095][__main__][INFO] - Saved model to /home/gloria/Bis-JEPA/outputs/2026-04-25/21-18-46
[2026-04-25 23:54:36,252][__main__][INFO] - Epoch 11  Training loss: 0.2144  Validation loss: 0.4171
[2026-04-25 23:54:36,261][__main__][INFO] - Train:  Bisim_loss: 0.1137                      z_loss: 0.1007  z_proprio_loss: 0.0255                     Bisim z_dist: 1.6843  Bisim r_dist: 0.0449                      Var reg (comparable to PCA var col): 0.0350  Transition_dist: 1.7852                     Cov reg (comparable to PCA cov col): 0.0000  VIC invar: 0.0022  VIC total block: 0.0372
[2026-04-25 23:54:36,261][__main__][INFO] - Validation:  Bisim_loss: 0.3227                      z_loss: 0.0944  z_proprio_loss: 0.0159                     Bisim z_dist: 1.7163  Bisim r_dist: 0.0567                      Var reg: 0.1748  Transition_dist: 1.7838                     Cov reg: 0.0000  VIC invar: 0.0112  VIC total block: 0.1860
[2026-04-25 23:54:36,469][__main__][INFO] - Saved model to /home/gloria/Bis-JEPA/outputs/2026-04-25/21-18-46
[2026-04-26 00:07:44,552][__main__][INFO] - Epoch 12  Training loss: 0.2101  Validation loss: 0.4166
[2026-04-26 00:07:44,561][__main__][INFO] - Train:  Bisim_loss: 0.1129                      z_loss: 0.0972  z_proprio_loss: 0.0236                     Bisim z_dist: 1.6875  Bisim r_dist: 0.0421                      Var reg (comparable to PCA var col): 0.0350  Transition_dist: 1.7867                     Cov reg (comparable to PCA cov col): 0.0000  VIC invar: 0.0022  VIC total block: 0.0372
[2026-04-26 00:07:44,561][__main__][INFO] - Validation:  Bisim_loss: 0.3242                      z_loss: 0.0925  z_proprio_loss: 0.0135                     Bisim z_dist: 1.7216  Bisim r_dist: 0.0552                      Var reg: 0.1749  Transition_dist: 1.7857                     Cov reg: 0.0000  VIC invar: 0.0112  VIC total block: 0.1861
[2026-04-26 00:07:44,733][__main__][INFO] - Saved model to /home/gloria/Bis-JEPA/outputs/2026-04-25/21-18-46
[2026-04-26 00:20:24,708][__main__][INFO] - Epoch 13  Training loss: 0.2057  Validation loss: 0.4141
[2026-04-26 00:20:24,708][__main__][INFO] - Train:  Bisim_loss: 0.1109                      z_loss: 0.0948  z_proprio_loss: 0.0220                     Bisim z_dist: 1.6977  Bisim r_dist: 0.0381                      Var reg (comparable to PCA var col): 0.0350  Transition_dist: 1.7932                     Cov reg (comparable to PCA cov col): 0.0000  VIC invar: 0.0022  VIC total block: 0.0372
[2026-04-26 00:20:24,708][__main__][INFO] - Validation:  Bisim_loss: 0.3215                      z_loss: 0.0926  z_proprio_loss: 0.0134                     Bisim z_dist: 1.7084  Bisim r_dist: 0.0470                      Var reg: 0.1749  Transition_dist: 1.7774                     Cov reg: 0.0000  VIC invar: 0.0111  VIC total block: 0.1861
[2026-04-26 00:20:25,042][__main__][INFO] - Saved model to /home/gloria/Bis-JEPA/outputs/2026-04-25/21-18-46
[2026-04-26 00:35:20,141][__main__][INFO] - Epoch 14  Training loss: 0.2015  Validation loss: 0.4124
[2026-04-26 00:35:20,141][__main__][INFO] - Train:  Bisim_loss: 0.1095                      z_loss: 0.0920  z_proprio_loss: 0.0205                     Bisim z_dist: 1.7011  Bisim r_dist: 0.0418                      Var reg (comparable to PCA var col): 0.0350  Transition_dist: 1.7952                     Cov reg (comparable to PCA cov col): 0.0000  VIC invar: 0.0022  VIC total block: 0.0372
[2026-04-26 00:35:20,142][__main__][INFO] - Validation:  Bisim_loss: 0.3215                      z_loss: 0.0909  z_proprio_loss: 0.0121                     Bisim z_dist: 1.6967  Bisim r_dist: 0.0574                      Var reg: 0.1749  Transition_dist: 1.7702                     Cov reg: 0.0000  VIC invar: 0.0111  VIC total block: 0.1860
[2026-04-26 00:35:20,438][__main__][INFO] - Saved model to /home/gloria/Bis-JEPA/outputs/2026-04-25/21-18-46
[2026-04-26 00:51:23,433][__main__][INFO] - Epoch 15  Training loss: 0.1986  Validation loss: 0.4121
[2026-04-26 00:51:23,437][__main__][INFO] - Train:  Bisim_loss: 0.1087                      z_loss: 0.0899  z_proprio_loss: 0.0192                     Bisim z_dist: 1.7019  Bisim r_dist: 0.0422                      Var reg (comparable to PCA var col): 0.0350  Transition_dist: 1.7950                     Cov reg (comparable to PCA cov col): 0.0000  VIC invar: 0.0022  VIC total block: 0.0372
[2026-04-26 00:51:23,445][__main__][INFO] - Validation:  Bisim_loss: 0.3229                      z_loss: 0.0891  z_proprio_loss: 0.0112                     Bisim z_dist: 1.7172  Bisim r_dist: 0.0574                      Var reg: 0.1748  Transition_dist: 1.7863                     Cov reg: 0.0000  VIC invar: 0.0112  VIC total block: 0.1860
[2026-04-26 00:51:24,016][__main__][INFO] - Saved model to /home/gloria/Bis-JEPA/outputs/2026-04-25/21-18-46
[2026-04-26 01:05:57,291][__main__][INFO] - Epoch 16  Training loss: 0.1951  Validation loss: 0.4067
[2026-04-26 01:05:57,300][__main__][INFO] - Train:  Bisim_loss: 0.1074                      z_loss: 0.0877  z_proprio_loss: 0.0181                     Bisim z_dist: 1.7121  Bisim r_dist: 0.0422                      Var reg (comparable to PCA var col): 0.0349  Transition_dist: 1.8023                     Cov reg (comparable to PCA cov col): 0.0000  VIC invar: 0.0022  VIC total block: 0.0372
[2026-04-26 01:05:57,300][__main__][INFO] - Validation:  Bisim_loss: 0.3175                      z_loss: 0.0892  z_proprio_loss: 0.0106                     Bisim z_dist: 1.6936  Bisim r_dist: 0.0493                      Var reg: 0.1749  Transition_dist: 1.7703                     Cov reg: 0.0000  VIC invar: 0.0111  VIC total block: 0.1860
[2026-04-26 01:05:57,563][__main__][INFO] - Saved model to /home/gloria/Bis-JEPA/outputs/2026-04-25/21-18-46
[2026-04-26 01:19:59,357][__main__][INFO] - Epoch 17  Training loss: 0.1942  Validation loss: 0.4039
[2026-04-26 01:19:59,366][__main__][INFO] - Train:  Bisim_loss: 0.1078                      z_loss: 0.0864  z_proprio_loss: 0.0171                     Bisim z_dist: 1.7046  Bisim r_dist: 0.0423                      Var reg (comparable to PCA var col): 0.0349  Transition_dist: 1.7973                     Cov reg (comparable to PCA cov col): 0.0000  VIC invar: 0.0022  VIC total block: 0.0372
[2026-04-26 01:19:59,367][__main__][INFO] - Validation:  Bisim_loss: 0.3152                      z_loss: 0.0886  z_proprio_loss: 0.0104                     Bisim z_dist: 1.6930  Bisim r_dist: 0.0517                      Var reg: 0.1749  Transition_dist: 1.7679                     Cov reg: 0.0000  VIC invar: 0.0111  VIC total block: 0.1860
[2026-04-26 01:19:59,652][__main__][INFO] - Saved model to /home/gloria/Bis-JEPA/outputs/2026-04-25/21-18-46
[2026-04-26 01:32:51,350][__main__][INFO] - Epoch 18  Training loss: 0.1926  Validation loss: 0.4041
[2026-04-26 01:32:51,350][__main__][INFO] - Train:  Bisim_loss: 0.1071                      z_loss: 0.0855  z_proprio_loss: 0.0162                     Bisim z_dist: 1.7070  Bisim r_dist: 0.0385                      Var reg (comparable to PCA var col): 0.0349  Transition_dist: 1.7977                     Cov reg (comparable to PCA cov col): 0.0000  VIC invar: 0.0022  VIC total block: 0.0372
[2026-04-26 01:32:51,350][__main__][INFO] - Validation:  Bisim_loss: 0.3145                      z_loss: 0.0895  z_proprio_loss: 0.0104                     Bisim z_dist: 1.7132  Bisim r_dist: 0.0529                      Var reg: 0.1748  Transition_dist: 1.7721                     Cov reg: 0.0000  VIC invar: 0.0112  VIC total block: 0.1860
[2026-04-26 01:32:51,582][__main__][INFO] - Saved model to /home/gloria/Bis-JEPA/outputs/2026-04-25/21-18-46
[2026-04-26 01:46:33,338][__main__][INFO] - Epoch 19  Training loss: 0.1898  Validation loss: 0.4077
[2026-04-26 01:46:33,339][__main__][INFO] - Train:  Bisim_loss: 0.1050                      z_loss: 0.0848  z_proprio_loss: 0.0154                     Bisim z_dist: 1.7104  Bisim r_dist: 0.0387                      Var reg (comparable to PCA var col): 0.0349  Transition_dist: 1.7994                     Cov reg (comparable to PCA cov col): 0.0000  VIC invar: 0.0022  VIC total block: 0.0371
[2026-04-26 01:46:33,339][__main__][INFO] - Validation:  Bisim_loss: 0.3194                      z_loss: 0.0883  z_proprio_loss: 0.0099                     Bisim z_dist: 1.6986  Bisim r_dist: 0.0446                      Var reg: 0.1749  Transition_dist: 1.7737                     Cov reg: 0.0000  VIC invar: 0.0111  VIC total block: 0.1860
[2026-04-26 01:46:33,531][__main__][INFO] - Saved model to /home/gloria/Bis-JEPA/outputs/2026-04-25/21-18-46
[2026-04-26 02:02:07,749][__main__][INFO] - Epoch 20  Training loss: 0.1867  Validation loss: 0.4046
[2026-04-26 02:02:07,750][__main__][INFO] - Train:  Bisim_loss: 0.1033                      z_loss: 0.0833  z_proprio_loss: 0.0147                     Bisim z_dist: 1.7164  Bisim r_dist: 0.0385                      Var reg (comparable to PCA var col): 0.0349  Transition_dist: 1.8027                     Cov reg (comparable to PCA cov col): 0.0000  VIC invar: 0.0022  VIC total block: 0.0372
[2026-04-26 02:02:07,750][__main__][INFO] - Validation:  Bisim_loss: 0.3160                      z_loss: 0.0886  z_proprio_loss: 0.0086                     Bisim z_dist: 1.7027  Bisim r_dist: 0.0446                      Var reg: 0.1749  Transition_dist: 1.7781                     Cov reg: 0.0000  VIC invar: 0.0111  VIC total block: 0.1860
[2026-04-26 02:02:08,065][__main__][INFO] - Saved model to /home/gloria/Bis-JEPA/outputs/2026-04-25/21-18-46
[2026-04-26 02:17:25,252][__main__][INFO] - Epoch 21  Training loss: 0.1859  Validation loss: 0.4130
[2026-04-26 02:17:25,261][__main__][INFO] - Train:  Bisim_loss: 0.1034                      z_loss: 0.0825  z_proprio_loss: 0.0140                     Bisim z_dist: 1.7157  Bisim r_dist: 0.0378                      Var reg (comparable to PCA var col): 0.0349  Transition_dist: 1.8039                     Cov reg (comparable to PCA cov col): 0.0000  VIC invar: 0.0022  VIC total block: 0.0372
[2026-04-26 02:17:25,261][__main__][INFO] - Validation:  Bisim_loss: 0.3237                      z_loss: 0.0893  z_proprio_loss: 0.0087                     Bisim z_dist: 1.7434  Bisim r_dist: 0.0549                      Var reg: 0.1745  Transition_dist: 1.7927                     Cov reg: 0.0000  VIC invar: 0.0114  VIC total block: 0.1859
[2026-04-26 02:17:25,484][__main__][INFO] - Saved model to /home/gloria/Bis-JEPA/outputs/2026-04-25/21-18-46
[2026-04-26 02:32:18,517][__main__][INFO] - Epoch 22  Training loss: 0.1844  Validation loss: 0.4088
[2026-04-26 02:32:18,518][__main__][INFO] - Train:  Bisim_loss: 0.1024                      z_loss: 0.0821  z_proprio_loss: 0.0134                     Bisim z_dist: 1.7231  Bisim r_dist: 0.0418                      Var reg (comparable to PCA var col): 0.0349  Transition_dist: 1.8074                     Cov reg (comparable to PCA cov col): 0.0000  VIC invar: 0.0022  VIC total block: 0.0371
[2026-04-26 02:32:18,518][__main__][INFO] - Validation:  Bisim_loss: 0.3188                      z_loss: 0.0900  z_proprio_loss: 0.0092                     Bisim z_dist: 1.7290  Bisim r_dist: 0.0518                      Var reg: 0.1747  Transition_dist: 1.7925                     Cov reg: 0.0000  VIC invar: 0.0113  VIC total block: 0.1860
[2026-04-26 02:32:18,701][__main__][INFO] - Saved model to /home/gloria/Bis-JEPA/outputs/2026-04-25/21-18-46
[2026-04-26 02:46:18,728][__main__][INFO] - Epoch 23  Training loss: 0.1842  Validation loss: 0.4081
[2026-04-26 02:46:18,728][__main__][INFO] - Train:  Bisim_loss: 0.1026                      z_loss: 0.0815  z_proprio_loss: 0.0129                     Bisim z_dist: 1.7207  Bisim r_dist: 0.0393                      Var reg (comparable to PCA var col): 0.0349  Transition_dist: 1.8065                     Cov reg (comparable to PCA cov col): 0.0000  VIC invar: 0.0022  VIC total block: 0.0371
[2026-04-26 02:46:18,728][__main__][INFO] - Validation:  Bisim_loss: 0.3182                      z_loss: 0.0899  z_proprio_loss: 0.0086                     Bisim z_dist: 1.7473  Bisim r_dist: 0.0492                      Var reg: 0.1744  Transition_dist: 1.7924                     Cov reg: 0.0000  VIC invar: 0.0114  VIC total block: 0.1859
[2026-04-26 02:46:18,935][__main__][INFO] - Saved model to /home/gloria/Bis-JEPA/outputs/2026-04-25/21-18-46
[2026-04-26 03:01:44,793][__main__][INFO] - Epoch 24  Training loss: 0.1831  Validation loss: 0.4136
[2026-04-26 03:01:44,794][__main__][INFO] - Train:  Bisim_loss: 0.1025                      z_loss: 0.0806  z_proprio_loss: 0.0124                     Bisim z_dist: 1.7223  Bisim r_dist: 0.0357                      Var reg (comparable to PCA var col): 0.0349  Transition_dist: 1.8074                     Cov reg (comparable to PCA cov col): 0.0000  VIC invar: 0.0022  VIC total block: 0.0371
[2026-04-26 03:01:44,794][__main__][INFO] - Validation:  Bisim_loss: 0.3246                      z_loss: 0.0890  z_proprio_loss: 0.0083                     Bisim z_dist: 1.7485  Bisim r_dist: 0.0466                      Var reg: 0.1745  Transition_dist: 1.8058                     Cov reg: 0.0000  VIC invar: 0.0114  VIC total block: 0.1859
[2026-04-26 03:01:45,133][__main__][INFO] - Saved model to /home/gloria/Bis-JEPA/outputs/2026-04-25/21-18-46
[2026-04-26 03:16:50,284][__main__][INFO] - Epoch 25  Training loss: 0.1806  Validation loss: 0.4010
[2026-04-26 03:16:50,285][__main__][INFO] - Train:  Bisim_loss: 0.1011                      z_loss: 0.0795  z_proprio_loss: 0.0119                     Bisim z_dist: 1.7294  Bisim r_dist: 0.0365                      Var reg (comparable to PCA var col): 0.0349  Transition_dist: 1.8121                     Cov reg (comparable to PCA cov col): 0.0000  VIC invar: 0.0022  VIC total block: 0.0371
[2026-04-26 03:16:50,285][__main__][INFO] - Validation:  Bisim_loss: 0.3130                      z_loss: 0.0879  z_proprio_loss: 0.0081                     Bisim z_dist: 1.7279  Bisim r_dist: 0.0485                      Var reg: 0.1747  Transition_dist: 1.7911                     Cov reg: 0.0000  VIC invar: 0.0113  VIC total block: 0.1860
[2026-04-26 03:16:50,517][__main__][INFO] - Saved model to /home/gloria/Bis-JEPA/outputs/2026-04-25/21-18-46
[2026-04-26 03:32:10,226][__main__][INFO] - Epoch 26  Training loss: 0.1777  Validation loss: 0.4042
[2026-04-26 03:32:10,227][__main__][INFO] - Train:  Bisim_loss: 0.0995                      z_loss: 0.0782  z_proprio_loss: 0.0115                     Bisim z_dist: 1.7235  Bisim r_dist: 0.0353                      Var reg (comparable to PCA var col): 0.0349  Transition_dist: 1.8067                     Cov reg (comparable to PCA cov col): 0.0000  VIC invar: 0.0022  VIC total block: 0.0371
[2026-04-26 03:32:10,227][__main__][INFO] - Validation:  Bisim_loss: 0.3167                      z_loss: 0.0874  z_proprio_loss: 0.0079                     Bisim z_dist: 1.7103  Bisim r_dist: 0.0441                      Var reg: 0.1748  Transition_dist: 1.7828                     Cov reg: 0.0000  VIC invar: 0.0112  VIC total block: 0.1860
[2026-04-26 03:32:10,538][__main__][INFO] - Saved model to /home/gloria/Bis-JEPA/outputs/2026-04-25/21-18-46
[2026-04-26 03:47:40,539][__main__][INFO] - Epoch 27  Training loss: 0.1774  Validation loss: 0.4101
[2026-04-26 03:47:40,539][__main__][INFO] - Train:  Bisim_loss: 0.0995                      z_loss: 0.0779  z_proprio_loss: 0.0111                     Bisim z_dist: 1.7284  Bisim r_dist: 0.0366                      Var reg (comparable to PCA var col): 0.0349  Transition_dist: 1.8099                     Cov reg (comparable to PCA cov col): 0.0000  VIC invar: 0.0022  VIC total block: 0.0371
[2026-04-26 03:47:40,540][__main__][INFO] - Validation:  Bisim_loss: 0.3210                      z_loss: 0.0892  z_proprio_loss: 0.0081                     Bisim z_dist: 1.7415  Bisim r_dist: 0.0460                      Var reg: 0.1745  Transition_dist: 1.7946                     Cov reg: 0.0000  VIC invar: 0.0114  VIC total block: 0.1859
[2026-04-26 03:47:40,765][__main__][INFO] - Saved model to /home/gloria/Bis-JEPA/outputs/2026-04-25/21-18-46
[2026-04-26 04:03:04,281][__main__][INFO] - Epoch 28  Training loss: 0.1778  Validation loss: 0.4061
[2026-04-26 04:03:04,282][__main__][INFO] - Train:  Bisim_loss: 0.1000                      z_loss: 0.0778  z_proprio_loss: 0.0108                     Bisim z_dist: 1.7290  Bisim r_dist: 0.0379                      Var reg (comparable to PCA var col): 0.0349  Transition_dist: 1.8104                     Cov reg (comparable to PCA cov col): 0.0000  VIC invar: 0.0022  VIC total block: 0.0371
[2026-04-26 04:03:04,282][__main__][INFO] - Validation:  Bisim_loss: 0.3161                      z_loss: 0.0900  z_proprio_loss: 0.0083                     Bisim z_dist: 1.7239  Bisim r_dist: 0.0546                      Var reg: 0.1747  Transition_dist: 1.7845                     Cov reg: 0.0000  VIC invar: 0.0113  VIC total block: 0.1859
[2026-04-26 04:03:04,537][__main__][INFO] - Saved model to /home/gloria/Bis-JEPA/outputs/2026-04-25/21-18-46
[2026-04-26 04:18:09,724][__main__][INFO] - Epoch 29  Training loss: 0.1755  Validation loss: 0.4091
[2026-04-26 04:18:09,725][__main__][INFO] - Train:  Bisim_loss: 0.0982                      z_loss: 0.0773  z_proprio_loss: 0.0104                     Bisim z_dist: 1.7284  Bisim r_dist: 0.0384                      Var reg (comparable to PCA var col): 0.0349  Transition_dist: 1.8094                     Cov reg (comparable to PCA cov col): 0.0000  VIC invar: 0.0022  VIC total block: 0.0371
[2026-04-26 04:18:09,725][__main__][INFO] - Validation:  Bisim_loss: 0.3198                      z_loss: 0.0893  z_proprio_loss: 0.0076                     Bisim z_dist: 1.7057  Bisim r_dist: 0.0458                      Var reg: 0.1747  Transition_dist: 1.7721                     Cov reg: 0.0000  VIC invar: 0.0111  VIC total block: 0.1859
[2026-04-26 04:18:10,042][__main__][INFO] - Saved model to /home/gloria/Bis-JEPA/outputs/2026-04-25/21-18-46
[2026-04-26 04:33:18,260][__main__][INFO] - Epoch 30  Training loss: 0.1757  Validation loss: 0.4041
[2026-04-26 04:33:18,260][__main__][INFO] - Train:  Bisim_loss: 0.0986                      z_loss: 0.0771  z_proprio_loss: 0.0101                     Bisim z_dist: 1.7294  Bisim r_dist: 0.0362                      Var reg (comparable to PCA var col): 0.0349  Transition_dist: 1.8103                     Cov reg (comparable to PCA cov col): 0.0000  VIC invar: 0.0022  VIC total block: 0.0371
[2026-04-26 04:33:18,261][__main__][INFO] - Validation:  Bisim_loss: 0.3132                      z_loss: 0.0910  z_proprio_loss: 0.0086                     Bisim z_dist: 1.7124  Bisim r_dist: 0.0444                      Var reg: 0.1748  Transition_dist: 1.7778                     Cov reg: 0.0000  VIC invar: 0.0112  VIC total block: 0.1860
[2026-04-26 04:33:18,583][__main__][INFO] - Saved model to /home/gloria/Bis-JEPA/outputs/2026-04-25/21-18-46
[2026-04-26 04:48:17,442][__main__][INFO] - Epoch 31  Training loss: 0.1742  Validation loss: 0.4074
[2026-04-26 04:48:17,442][__main__][INFO] - Train:  Bisim_loss: 0.0975                      z_loss: 0.0767  z_proprio_loss: 0.0098                     Bisim z_dist: 1.7352  Bisim r_dist: 0.0366                      Var reg (comparable to PCA var col): 0.0349  Transition_dist: 1.8134                     Cov reg (comparable to PCA cov col): 0.0000  VIC invar: 0.0022  VIC total block: 0.0371
[2026-04-26 04:48:17,443][__main__][INFO] - Validation:  Bisim_loss: 0.3177                      z_loss: 0.0897  z_proprio_loss: 0.0071                     Bisim z_dist: 1.7309  Bisim r_dist: 0.0451                      Var reg: 0.1746  Transition_dist: 1.7883                     Cov reg: 0.0000  VIC invar: 0.0113  VIC total block: 0.1860
[2026-04-26 04:48:17,683][__main__][INFO] - Saved model to /home/gloria/Bis-JEPA/outputs/2026-04-25/21-18-46
[2026-04-26 05:03:29,845][__main__][INFO] - Epoch 32  Training loss: 0.1733  Validation loss: 0.4046
[2026-04-26 05:03:29,846][__main__][INFO] - Train:  Bisim_loss: 0.0971                      z_loss: 0.0762  z_proprio_loss: 0.0095                     Bisim z_dist: 1.7342  Bisim r_dist: 0.0349                      Var reg (comparable to PCA var col): 0.0349  Transition_dist: 1.8133                     Cov reg (comparable to PCA cov col): 0.0000  VIC invar: 0.0022  VIC total block: 0.0371
[2026-04-26 05:03:29,846][__main__][INFO] - Validation:  Bisim_loss: 0.3153                      z_loss: 0.0894  z_proprio_loss: 0.0074                     Bisim z_dist: 1.7247  Bisim r_dist: 0.0456                      Var reg: 0.1747  Transition_dist: 1.7875                     Cov reg: 0.0000  VIC invar: 0.0113  VIC total block: 0.1860
[2026-04-26 05:03:30,149][__main__][INFO] - Saved model to /home/gloria/Bis-JEPA/outputs/2026-04-25/21-18-46
[2026-04-26 05:18:23,756][__main__][INFO] - Epoch 33  Training loss: 0.1732  Validation loss: 0.4031
[2026-04-26 05:18:23,757][__main__][INFO] - Train:  Bisim_loss: 0.0976                      z_loss: 0.0756  z_proprio_loss: 0.0093                     Bisim z_dist: 1.7339  Bisim r_dist: 0.0371                      Var reg (comparable to PCA var col): 0.0349  Transition_dist: 1.8132                     Cov reg (comparable to PCA cov col): 0.0000  VIC invar: 0.0022  VIC total block: 0.0371
[2026-04-26 05:18:23,757][__main__][INFO] - Validation:  Bisim_loss: 0.3136                      z_loss: 0.0895  z_proprio_loss: 0.0073                     Bisim z_dist: 1.7332  Bisim r_dist: 0.0432                      Var reg: 0.1745  Transition_dist: 1.7917                     Cov reg: 0.0000  VIC invar: 0.0113  VIC total block: 0.1859
[2026-04-26 05:18:23,981][__main__][INFO] - Saved model to /home/gloria/Bis-JEPA/outputs/2026-04-25/21-18-46
[2026-04-26 05:32:59,028][__main__][INFO] - Epoch 34  Training loss: 0.1723  Validation loss: 0.4051
[2026-04-26 05:32:59,029][__main__][INFO] - Train:  Bisim_loss: 0.0972                      z_loss: 0.0751  z_proprio_loss: 0.0091                     Bisim z_dist: 1.7354  Bisim r_dist: 0.0356                      Var reg (comparable to PCA var col): 0.0349  Transition_dist: 1.8146                     Cov reg (comparable to PCA cov col): 0.0000  VIC invar: 0.0023  VIC total block: 0.0371
[2026-04-26 05:32:59,029][__main__][INFO] - Validation:  Bisim_loss: 0.3136                      z_loss: 0.0916  z_proprio_loss: 0.0080                     Bisim z_dist: 1.7385  Bisim r_dist: 0.0451                      Var reg: 0.1745  Transition_dist: 1.7969                     Cov reg: 0.0000  VIC invar: 0.0113  VIC total block: 0.1859
[2026-04-26 05:32:59,227][__main__][INFO] - Saved model to /home/gloria/Bis-JEPA/outputs/2026-04-25/21-18-46
[2026-04-26 05:47:50,745][__main__][INFO] - Epoch 35  Training loss: 0.1723  Validation loss: 0.4111
[2026-04-26 05:47:50,745][__main__][INFO] - Train:  Bisim_loss: 0.0974                      z_loss: 0.0749  z_proprio_loss: 0.0089                     Bisim z_dist: 1.7383  Bisim r_dist: 0.0382                      Var reg (comparable to PCA var col): 0.0349  Transition_dist: 1.8164                     Cov reg (comparable to PCA cov col): 0.0000  VIC invar: 0.0023  VIC total block: 0.0371
[2026-04-26 05:47:50,745][__main__][INFO] - Validation:  Bisim_loss: 0.3191                      z_loss: 0.0920  z_proprio_loss: 0.0066                     Bisim z_dist: 1.7511  Bisim r_dist: 0.0472                      Var reg: 0.1744  Transition_dist: 1.8018                     Cov reg: 0.0000  VIC invar: 0.0114  VIC total block: 0.1859
[2026-04-26 05:47:50,968][__main__][INFO] - Saved model to /home/gloria/Bis-JEPA/outputs/2026-04-25/21-18-46
[2026-04-26 06:02:31,543][__main__][INFO] - Epoch 36  Training loss: 0.1705  Validation loss: 0.4026
[2026-04-26 06:02:31,544][__main__][INFO] - Train:  Bisim_loss: 0.0963                      z_loss: 0.0742  z_proprio_loss: 0.0087                     Bisim z_dist: 1.7387  Bisim r_dist: 0.0390                      Var reg (comparable to PCA var col): 0.0349  Transition_dist: 1.8168                     Cov reg (comparable to PCA cov col): 0.0000  VIC invar: 0.0023  VIC total block: 0.0371
[2026-04-26 06:02:31,544][__main__][INFO] - Validation:  Bisim_loss: 0.3137                      z_loss: 0.0889  z_proprio_loss: 0.0069                     Bisim z_dist: 1.7341  Bisim r_dist: 0.0456                      Var reg: 0.1747  Transition_dist: 1.7942                     Cov reg: 0.0000  VIC invar: 0.0113  VIC total block: 0.1861
[2026-04-26 06:02:31,731][__main__][INFO] - Saved model to /home/gloria/Bis-JEPA/outputs/2026-04-25/21-18-46
[2026-04-26 06:17:09,160][__main__][INFO] - Epoch 37  Training loss: 0.1702  Validation loss: 0.4096
[2026-04-26 06:17:09,161][__main__][INFO] - Train:  Bisim_loss: 0.0968                      z_loss: 0.0734  z_proprio_loss: 0.0084                     Bisim z_dist: 1.7327  Bisim r_dist: 0.0388                      Var reg (comparable to PCA var col): 0.0349  Transition_dist: 1.8111                     Cov reg (comparable to PCA cov col): 0.0000  VIC invar: 0.0022  VIC total block: 0.0371
[2026-04-26 06:17:09,161][__main__][INFO] - Validation:  Bisim_loss: 0.3189                      z_loss: 0.0908  z_proprio_loss: 0.0074                     Bisim z_dist: 1.7254  Bisim r_dist: 0.0429                      Var reg: 0.1745  Transition_dist: 1.7828                     Cov reg: 0.0000  VIC invar: 0.0113  VIC total block: 0.1858
[2026-04-26 06:17:09,371][__main__][INFO] - Saved model to /home/gloria/Bis-JEPA/outputs/2026-04-25/21-18-46
[2026-04-26 06:32:18,231][__main__][INFO] - Epoch 38  Training loss: 0.1700  Validation loss: 0.4046
[2026-04-26 06:32:18,232][__main__][INFO] - Train:  Bisim_loss: 0.0961                      z_loss: 0.0739  z_proprio_loss: 0.0083                     Bisim z_dist: 1.7365  Bisim r_dist: 0.0344                      Var reg (comparable to PCA var col): 0.0349  Transition_dist: 1.8144                     Cov reg (comparable to PCA cov col): 0.0000  VIC invar: 0.0023  VIC total block: 0.0371
[2026-04-26 06:32:18,232][__main__][INFO] - Validation:  Bisim_loss: 0.3129                      z_loss: 0.0916  z_proprio_loss: 0.0073                     Bisim z_dist: 1.7317  Bisim r_dist: 0.0396                      Var reg: 0.1746  Transition_dist: 1.7939                     Cov reg: 0.0000  VIC invar: 0.0113  VIC total block: 0.1860
[2026-04-26 06:32:18,539][__main__][INFO] - Saved model to /home/gloria/Bis-JEPA/outputs/2026-04-25/21-18-46
[2026-04-26 06:47:35,671][__main__][INFO] - Epoch 39  Training loss: 0.1706  Validation loss: 0.4034
[2026-04-26 06:47:35,671][__main__][INFO] - Train:  Bisim_loss: 0.0968                      z_loss: 0.0739  z_proprio_loss: 0.0082                     Bisim z_dist: 1.7407  Bisim r_dist: 0.0366                      Var reg (comparable to PCA var col): 0.0349  Transition_dist: 1.8177                     Cov reg (comparable to PCA cov col): 0.0000  VIC invar: 0.0023  VIC total block: 0.0371
[2026-04-26 06:47:35,672][__main__][INFO] - Validation:  Bisim_loss: 0.3133                      z_loss: 0.0900  z_proprio_loss: 0.0065                     Bisim z_dist: 1.7061  Bisim r_dist: 0.0445                      Var reg: 0.1747  Transition_dist: 1.7664                     Cov reg: 0.0000  VIC invar: 0.0111  VIC total block: 0.1859
[2026-04-26 06:47:35,889][__main__][INFO] - Saved model to /home/gloria/Bis-JEPA/outputs/2026-04-25/21-18-46
[2026-04-26 07:02:37,039][__main__][INFO] - Epoch 40  Training loss: 0.1694  Validation loss: 0.4068
[2026-04-26 07:02:37,040][__main__][INFO] - Train:  Bisim_loss: 0.0956                      z_loss: 0.0738  z_proprio_loss: 0.0081                     Bisim z_dist: 1.7400  Bisim r_dist: 0.0373                      Var reg (comparable to PCA var col): 0.0349  Transition_dist: 1.8162                     Cov reg (comparable to PCA cov col): 0.0000  VIC invar: 0.0023  VIC total block: 0.0371
[2026-04-26 07:02:37,040][__main__][INFO] - Validation:  Bisim_loss: 0.3146                      z_loss: 0.0921  z_proprio_loss: 0.0078                     Bisim z_dist: 1.7296  Bisim r_dist: 0.0457                      Var reg: 0.1746  Transition_dist: 1.7903                     Cov reg: 0.0000  VIC invar: 0.0113  VIC total block: 0.1859
[2026-04-26 07:02:37,268][__main__][INFO] - Saved model to /home/gloria/Bis-JEPA/outputs/2026-04-25/21-18-46
[2026-04-26 07:17:14,145][__main__][INFO] - Epoch 41  Training loss: 0.1695  Validation loss: 0.4085
[2026-04-26 07:17:14,146][__main__][INFO] - Train:  Bisim_loss: 0.0964                      z_loss: 0.0731  z_proprio_loss: 0.0079                     Bisim z_dist: 1.7381  Bisim r_dist: 0.0371                      Var reg (comparable to PCA var col): 0.0349  Transition_dist: 1.8159                     Cov reg (comparable to PCA cov col): 0.0000  VIC invar: 0.0023  VIC total block: 0.0371
[2026-04-26 07:17:14,146][__main__][INFO] - Validation:  Bisim_loss: 0.3162                      z_loss: 0.0923  z_proprio_loss: 0.0064                     Bisim z_dist: 1.7421  Bisim r_dist: 0.0426                      Var reg: 0.1747  Transition_dist: 1.8000                     Cov reg: 0.0000  VIC invar: 0.0114  VIC total block: 0.1861
[2026-04-26 07:17:14,426][__main__][INFO] - Saved model to /home/gloria/Bis-JEPA/outputs/2026-04-25/21-18-46
[2026-04-26 07:31:59,746][__main__][INFO] - Epoch 42  Training loss: 0.1672  Validation loss: 0.4061
[2026-04-26 07:31:59,747][__main__][INFO] - Train:  Bisim_loss: 0.0946                      z_loss: 0.0726  z_proprio_loss: 0.0077                     Bisim z_dist: 1.7398  Bisim r_dist: 0.0363                      Var reg (comparable to PCA var col): 0.0349  Transition_dist: 1.8162                     Cov reg (comparable to PCA cov col): 0.0000  VIC invar: 0.0023  VIC total block: 0.0371
[2026-04-26 07:31:59,747][__main__][INFO] - Validation:  Bisim_loss: 0.3142                      z_loss: 0.0919  z_proprio_loss: 0.0070                     Bisim z_dist: 1.7650  Bisim r_dist: 0.0479                      Var reg: 0.1744  Transition_dist: 1.8080                     Cov reg: 0.0000  VIC invar: 0.0115  VIC total block: 0.1859
[2026-04-26 07:31:59,930][__main__][INFO] - Saved model to /home/gloria/Bis-JEPA/outputs/2026-04-25/21-18-46
[2026-04-26 07:46:55,667][__main__][INFO] - Epoch 43  Training loss: 0.1671  Validation loss: 0.4078
[2026-04-26 07:46:55,667][__main__][INFO] - Train:  Bisim_loss: 0.0951                      z_loss: 0.0720  z_proprio_loss: 0.0076                     Bisim z_dist: 1.7376  Bisim r_dist: 0.0382                      Var reg (comparable to PCA var col): 0.0349  Transition_dist: 1.8152                     Cov reg (comparable to PCA cov col): 0.0000  VIC invar: 0.0023  VIC total block: 0.0371
[2026-04-26 07:46:55,668][__main__][INFO] - Validation:  Bisim_loss: 0.3170                      z_loss: 0.0908  z_proprio_loss: 0.0067                     Bisim z_dist: 1.7272  Bisim r_dist: 0.0455                      Var reg: 0.1747  Transition_dist: 1.7815                     Cov reg: 0.0000  VIC invar: 0.0113  VIC total block: 0.1860
[2026-04-26 07:46:55,895][__main__][INFO] - Saved model to /home/gloria/Bis-JEPA/outputs/2026-04-25/21-18-46
[2026-04-26 08:02:17,703][__main__][INFO] - Epoch 44  Training loss: 0.1654  Validation loss: 0.4069
[2026-04-26 08:02:17,703][__main__][INFO] - Train:  Bisim_loss: 0.0942                      z_loss: 0.0712  z_proprio_loss: 0.0075                     Bisim z_dist: 1.7415  Bisim r_dist: 0.0384                      Var reg (comparable to PCA var col): 0.0349  Transition_dist: 1.8175                     Cov reg (comparable to PCA cov col): 0.0000  VIC invar: 0.0023  VIC total block: 0.0371
[2026-04-26 08:02:17,704][__main__][INFO] - Validation:  Bisim_loss: 0.3158                      z_loss: 0.0910  z_proprio_loss: 0.0067                     Bisim z_dist: 1.7334  Bisim r_dist: 0.0483                      Var reg: 0.1746  Transition_dist: 1.7853                     Cov reg: 0.0000  VIC invar: 0.0113  VIC total block: 0.1859
[2026-04-26 08:02:17,915][__main__][INFO] - Saved model to /home/gloria/Bis-JEPA/outputs/2026-04-25/21-18-46
[2026-04-26 08:17:39,578][__main__][INFO] - Epoch 45  Training loss: 0.1625  Validation loss: 0.4029
[2026-04-26 08:17:39,578][__main__][INFO] - Train:  Bisim_loss: 0.0916                      z_loss: 0.0709  z_proprio_loss: 0.0074                     Bisim z_dist: 1.7461  Bisim r_dist: 0.0353                      Var reg (comparable to PCA var col): 0.0349  Transition_dist: 1.8190                     Cov reg (comparable to PCA cov col): 0.0000  VIC invar: 0.0023  VIC total block: 0.0371
[2026-04-26 08:17:39,579][__main__][INFO] - Validation:  Bisim_loss: 0.3114                      z_loss: 0.0915  z_proprio_loss: 0.0069                     Bisim z_dist: 1.7441  Bisim r_dist: 0.0402                      Var reg: 0.1745  Transition_dist: 1.7973                     Cov reg: 0.0000  VIC invar: 0.0114  VIC total block: 0.1859
[2026-04-26 08:17:39,881][__main__][INFO] - Saved model to /home/gloria/Bis-JEPA/outputs/2026-04-25/21-18-46
[2026-04-26 08:32:40,480][__main__][INFO] - Epoch 46  Training loss: 0.1642  Validation loss: 0.4098
[2026-04-26 08:32:40,481][__main__][INFO] - Train:  Bisim_loss: 0.0936                      z_loss: 0.0706  z_proprio_loss: 0.0073                     Bisim z_dist: 1.7454  Bisim r_dist: 0.0346                      Var reg (comparable to PCA var col): 0.0348  Transition_dist: 1.8198                     Cov reg (comparable to PCA cov col): 0.0000  VIC invar: 0.0023  VIC total block: 0.0371
[2026-04-26 08:32:40,481][__main__][INFO] - Validation:  Bisim_loss: 0.3170                      z_loss: 0.0928  z_proprio_loss: 0.0074                     Bisim z_dist: 1.7305  Bisim r_dist: 0.0465                      Var reg: 0.1746  Transition_dist: 1.7904                     Cov reg: 0.0000  VIC invar: 0.0113  VIC total block: 0.1859
[2026-04-26 08:32:40,695][__main__][INFO] - Saved model to /home/gloria/Bis-JEPA/outputs/2026-04-25/21-18-46
[2026-04-26 08:47:18,923][__main__][INFO] - Epoch 47  Training loss: 0.1624  Validation loss: 0.4055
[2026-04-26 08:47:18,924][__main__][INFO] - Train:  Bisim_loss: 0.0921                      z_loss: 0.0703  z_proprio_loss: 0.0072                     Bisim z_dist: 1.7475  Bisim r_dist: 0.0384                      Var reg (comparable to PCA var col): 0.0348  Transition_dist: 1.8196                     Cov reg (comparable to PCA cov col): 0.0000  VIC invar: 0.0023  VIC total block: 0.0371
[2026-04-26 08:47:18,924][__main__][INFO] - Validation:  Bisim_loss: 0.3146                      z_loss: 0.0908  z_proprio_loss: 0.0069                     Bisim z_dist: 1.7301  Bisim r_dist: 0.0463                      Var reg: 0.1746  Transition_dist: 1.7896                     Cov reg: 0.0000  VIC invar: 0.0113  VIC total block: 0.1859
[2026-04-26 08:47:19,128][__main__][INFO] - Saved model to /home/gloria/Bis-JEPA/outputs/2026-04-25/21-18-46
[2026-04-26 09:02:21,887][__main__][INFO] - Epoch 48  Training loss: 0.1611  Validation loss: 0.4058
[2026-04-26 09:02:21,887][__main__][INFO] - Train:  Bisim_loss: 0.0915                      z_loss: 0.0696  z_proprio_loss: 0.0071                     Bisim z_dist: 1.7510  Bisim r_dist: 0.0381                      Var reg (comparable to PCA var col): 0.0348  Transition_dist: 1.8227                     Cov reg (comparable to PCA cov col): 0.0000  VIC invar: 0.0023  VIC total block: 0.0371
[2026-04-26 09:02:21,887][__main__][INFO] - Validation:  Bisim_loss: 0.3149                      z_loss: 0.0909  z_proprio_loss: 0.0067                     Bisim z_dist: 1.7158  Bisim r_dist: 0.0451                      Var reg: 0.1747  Transition_dist: 1.7834                     Cov reg: 0.0000  VIC invar: 0.0112  VIC total block: 0.1860
[2026-04-26 09:02:22,125][__main__][INFO] - Saved model to /home/gloria/Bis-JEPA/outputs/2026-04-25/21-18-46
[2026-04-26 09:18:34,871][__main__][INFO] - Epoch 49  Training loss: 0.1615  Validation loss: 0.4139
[2026-04-26 09:18:34,872][__main__][INFO] - Train:  Bisim_loss: 0.0924                      z_loss: 0.0691  z_proprio_loss: 0.0070                     Bisim z_dist: 1.7468  Bisim r_dist: 0.0353                      Var reg (comparable to PCA var col): 0.0348  Transition_dist: 1.8189                     Cov reg (comparable to PCA cov col): 0.0000  VIC invar: 0.0023  VIC total block: 0.0371
[2026-04-26 09:18:34,872][__main__][INFO] - Validation:  Bisim_loss: 0.3227                      z_loss: 0.0912  z_proprio_loss: 0.0060                     Bisim z_dist: 1.7320  Bisim r_dist: 0.0419                      Var reg: 0.1744  Transition_dist: 1.7812                     Cov reg: 0.0000  VIC invar: 0.0113  VIC total block: 0.1857
[2026-04-26 09:18:35,063][__main__][INFO] - Saved model to /home/gloria/Bis-JEPA/outputs/2026-04-25/21-18-46
[2026-04-26 09:35:34,566][__main__][INFO] - Epoch 50  Training loss: 0.1623  Validation loss: 0.4050
[2026-04-26 09:35:34,567][__main__][INFO] - Train:  Bisim_loss: 0.0933                      z_loss: 0.0690  z_proprio_loss: 0.0069                     Bisim z_dist: 1.7417  Bisim r_dist: 0.0358                      Var reg (comparable to PCA var col): 0.0348  Transition_dist: 1.8161                     Cov reg (comparable to PCA cov col): 0.0000  VIC invar: 0.0023  VIC total block: 0.0371
[2026-04-26 09:35:34,568][__main__][INFO] - Validation:  Bisim_loss: 0.3129                      z_loss: 0.0921  z_proprio_loss: 0.0065                     Bisim z_dist: 1.7401  Bisim r_dist: 0.0437                      Var reg: 0.1746  Transition_dist: 1.7958                     Cov reg: 0.0000  VIC invar: 0.0114  VIC total block: 0.1860
[2026-04-26 09:35:34,949][__main__][INFO] - Saved model to /home/gloria/Bis-JEPA/outputs/2026-04-25/21-18-46
[2026-04-26 09:51:27,225][__main__][INFO] - Epoch 51  Training loss: 0.1625  Validation loss: 0.4087
[2026-04-26 09:51:27,226][__main__][INFO] - Train:  Bisim_loss: 0.0933                      z_loss: 0.0691  z_proprio_loss: 0.0068                     Bisim z_dist: 1.7474  Bisim r_dist: 0.0366                      Var reg (comparable to PCA var col): 0.0348  Transition_dist: 1.8208                     Cov reg (comparable to PCA cov col): 0.0000  VIC invar: 0.0023  VIC total block: 0.0371
[2026-04-26 09:51:27,226][__main__][INFO] - Validation:  Bisim_loss: 0.3162                      z_loss: 0.0925  z_proprio_loss: 0.0062                     Bisim z_dist: 1.7237  Bisim r_dist: 0.0428                      Var reg: 0.1746  Transition_dist: 1.7835                     Cov reg: 0.0000  VIC invar: 0.0113  VIC total block: 0.1859
[2026-04-26 09:51:27,463][__main__][INFO] - Saved model to /home/gloria/Bis-JEPA/outputs/2026-04-25/21-18-46
[2026-04-26 10:04:29,052][__main__][INFO] - Epoch 52  Training loss: 0.1618  Validation loss: 0.4013
[2026-04-26 10:04:29,053][__main__][INFO] - Train:  Bisim_loss: 0.0927                      z_loss: 0.0691  z_proprio_loss: 0.0068                     Bisim z_dist: 1.7494  Bisim r_dist: 0.0369                      Var reg (comparable to PCA var col): 0.0348  Transition_dist: 1.8221                     Cov reg (comparable to PCA cov col): 0.0000  VIC invar: 0.0023  VIC total block: 0.0371
[2026-04-26 10:04:29,053][__main__][INFO] - Validation:  Bisim_loss: 0.3086                      z_loss: 0.0926  z_proprio_loss: 0.0064                     Bisim z_dist: 1.7052  Bisim r_dist: 0.0451                      Var reg: 0.1748  Transition_dist: 1.7748                     Cov reg: 0.0000  VIC invar: 0.0111  VIC total block: 0.1860
[2026-04-26 10:04:29,295][__main__][INFO] - Saved model to /home/gloria/Bis-JEPA/outputs/2026-04-25/21-18-46
[2026-04-26 10:18:37,030][__main__][INFO] - Epoch 53  Training loss: 0.1601  Validation loss: 0.4083
[2026-04-26 10:18:37,040][__main__][INFO] - Train:  Bisim_loss: 0.0910                      z_loss: 0.0690  z_proprio_loss: 0.0067                     Bisim z_dist: 1.7515  Bisim r_dist: 0.0370                      Var reg (comparable to PCA var col): 0.0348  Transition_dist: 1.8222                     Cov reg (comparable to PCA cov col): 0.0000  VIC invar: 0.0023  VIC total block: 0.0371
[2026-04-26 10:18:37,040][__main__][INFO] - Validation:  Bisim_loss: 0.3136                      z_loss: 0.0947  z_proprio_loss: 0.0064                     Bisim z_dist: 1.7404  Bisim r_dist: 0.0431                      Var reg: 0.1745  Transition_dist: 1.7918                     Cov reg: 0.0000  VIC invar: 0.0114  VIC total block: 0.1859
[2026-04-26 10:18:37,301][__main__][INFO] - Saved model to /home/gloria/Bis-JEPA/outputs/2026-04-25/21-18-46
[2026-04-26 10:33:26,867][__main__][INFO] - Epoch 54  Training loss: 0.1604  Validation loss: 0.4066
[2026-04-26 10:33:26,876][__main__][INFO] - Train:  Bisim_loss: 0.0913                      z_loss: 0.0691  z_proprio_loss: 0.0067                     Bisim z_dist: 1.7525  Bisim r_dist: 0.0378                      Var reg (comparable to PCA var col): 0.0348  Transition_dist: 1.8236                     Cov reg (comparable to PCA cov col): 0.0000  VIC invar: 0.0023  VIC total block: 0.0371
[2026-04-26 10:33:26,877][__main__][INFO] - Validation:  Bisim_loss: 0.3125                      z_loss: 0.0941  z_proprio_loss: 0.0066                     Bisim z_dist: 1.7383  Bisim r_dist: 0.0467                      Var reg: 0.1746  Transition_dist: 1.7921                     Cov reg: 0.0000  VIC invar: 0.0113  VIC total block: 0.1859
[2026-04-26 10:33:27,221][__main__][INFO] - Saved model to /home/gloria/Bis-JEPA/outputs/2026-04-25/21-18-46
[2026-04-26 10:46:16,381][__main__][INFO] - Epoch 55  Training loss: 0.1581  Validation loss: 0.4015
[2026-04-26 10:46:16,389][__main__][INFO] - Train:  Bisim_loss: 0.0898                      z_loss: 0.0683  z_proprio_loss: 0.0066                     Bisim z_dist: 1.7539  Bisim r_dist: 0.0369                      Var reg (comparable to PCA var col): 0.0348  Transition_dist: 1.8247                     Cov reg (comparable to PCA cov col): 0.0000  VIC invar: 0.0023  VIC total block: 0.0371
[2026-04-26 10:46:16,390][__main__][INFO] - Validation:  Bisim_loss: 0.3080                      z_loss: 0.0934  z_proprio_loss: 0.0062                     Bisim z_dist: 1.7112  Bisim r_dist: 0.0438                      Var reg: 0.1748  Transition_dist: 1.7788                     Cov reg: 0.0000  VIC invar: 0.0112  VIC total block: 0.1860
[2026-04-26 10:46:16,571][__main__][INFO] - Saved model to /home/gloria/Bis-JEPA/outputs/2026-04-25/21-18-46
[2026-04-26 11:00:35,147][__main__][INFO] - Epoch 56  Training loss: 0.1576  Validation loss: 0.4034
[2026-04-26 11:00:35,156][__main__][INFO] - Train:  Bisim_loss: 0.0898                      z_loss: 0.0678  z_proprio_loss: 0.0065                     Bisim z_dist: 1.7562  Bisim r_dist: 0.0352                      Var reg (comparable to PCA var col): 0.0348  Transition_dist: 1.8256                     Cov reg (comparable to PCA cov col): 0.0000  VIC invar: 0.0023  VIC total block: 0.0371
[2026-04-26 11:00:35,157][__main__][INFO] - Validation:  Bisim_loss: 0.3094                      z_loss: 0.0941  z_proprio_loss: 0.0065                     Bisim z_dist: 1.7235  Bisim r_dist: 0.0438                      Var reg: 0.1747  Transition_dist: 1.7851                     Cov reg: 0.0000  VIC invar: 0.0112  VIC total block: 0.1860
[2026-04-26 11:00:35,371][__main__][INFO] - Saved model to /home/gloria/Bis-JEPA/outputs/2026-04-25/21-18-46
[2026-04-26 11:14:20,391][__main__][INFO] - Epoch 57  Training loss: 0.1576  Validation loss: 0.4122
[2026-04-26 11:14:20,400][__main__][INFO] - Train:  Bisim_loss: 0.0900                      z_loss: 0.0676  z_proprio_loss: 0.0065                     Bisim z_dist: 1.7565  Bisim r_dist: 0.0338                      Var reg (comparable to PCA var col): 0.0348  Transition_dist: 1.8256                     Cov reg (comparable to PCA cov col): 0.0000  VIC invar: 0.0023  VIC total block: 0.0371
[2026-04-26 11:14:20,401][__main__][INFO] - Validation:  Bisim_loss: 0.3184                      z_loss: 0.0939  z_proprio_loss: 0.0068                     Bisim z_dist: 1.7122  Bisim r_dist: 0.0407                      Var reg: 0.1747  Transition_dist: 1.7743                     Cov reg: 0.0000  VIC invar: 0.0112  VIC total block: 0.1859
[2026-04-26 11:14:20,656][__main__][INFO] - Saved model to /home/gloria/Bis-JEPA/outputs/2026-04-25/21-18-46
[2026-04-26 11:28:31,840][__main__][INFO] - Epoch 58  Training loss: 0.1585  Validation loss: 0.4115
[2026-04-26 11:28:31,849][__main__][INFO] - Train:  Bisim_loss: 0.0910                      z_loss: 0.0675  z_proprio_loss: 0.0065                     Bisim z_dist: 1.7544  Bisim r_dist: 0.0321                      Var reg (comparable to PCA var col): 0.0348  Transition_dist: 1.8254                     Cov reg (comparable to PCA cov col): 0.0000  VIC invar: 0.0023  VIC total block: 0.0371
[2026-04-26 11:28:31,849][__main__][INFO] - Validation:  Bisim_loss: 0.3171                      z_loss: 0.0944  z_proprio_loss: 0.0065                     Bisim z_dist: 1.7174  Bisim r_dist: 0.0393                      Var reg: 0.1747  Transition_dist: 1.7792                     Cov reg: 0.0000  VIC invar: 0.0112  VIC total block: 0.1859
[2026-04-26 11:28:32,021][__main__][INFO] - Saved model to /home/gloria/Bis-JEPA/outputs/2026-04-25/21-18-46
[2026-04-26 11:43:08,556][__main__][INFO] - Epoch 59  Training loss: 0.1566  Validation loss: 0.4104
[2026-04-26 11:43:08,564][__main__][INFO] - Train:  Bisim_loss: 0.0894                      z_loss: 0.0672  z_proprio_loss: 0.0064                     Bisim z_dist: 1.7585  Bisim r_dist: 0.0343                      Var reg (comparable to PCA var col): 0.0348  Transition_dist: 1.8266                     Cov reg (comparable to PCA cov col): 0.0000  VIC invar: 0.0023  VIC total block: 0.0371
[2026-04-26 11:43:08,564][__main__][INFO] - Validation:  Bisim_loss: 0.3151                      z_loss: 0.0953  z_proprio_loss: 0.0066                     Bisim z_dist: 1.7249  Bisim r_dist: 0.0420                      Var reg: 0.1746  Transition_dist: 1.7779                     Cov reg: 0.0000  VIC invar: 0.0113  VIC total block: 0.1859
[2026-04-26 11:43:08,744][__main__][INFO] - Saved model to /home/gloria/Bis-JEPA/outputs/2026-04-25/21-18-46
[2026-04-26 11:56:27,929][__main__][INFO] - Epoch 60  Training loss: 0.1556  Validation loss: 0.4131
[2026-04-26 11:56:27,937][__main__][INFO] - Train:  Bisim_loss: 0.0889                      z_loss: 0.0667  z_proprio_loss: 0.0064                     Bisim z_dist: 1.7616  Bisim r_dist: 0.0344                      Var reg (comparable to PCA var col): 0.0348  Transition_dist: 1.8296                     Cov reg (comparable to PCA cov col): 0.0000  VIC invar: 0.0023  VIC total block: 0.0371
[2026-04-26 11:56:27,937][__main__][INFO] - Validation:  Bisim_loss: 0.3183                      z_loss: 0.0948  z_proprio_loss: 0.0063                     Bisim z_dist: 1.7342  Bisim r_dist: 0.0404                      Var reg: 0.1746  Transition_dist: 1.7894                     Cov reg: 0.0000  VIC invar: 0.0113  VIC total block: 0.1859
[2026-04-26 11:56:28,129][__main__][INFO] - Saved model to /home/gloria/Bis-JEPA/outputs/2026-04-25/21-18-46
[2026-04-26 12:09:55,235][__main__][INFO] - Epoch 61  Training loss: 0.1545  Validation loss: 0.4112
[2026-04-26 12:09:55,244][__main__][INFO] - Train:  Bisim_loss: 0.0881                      z_loss: 0.0664  z_proprio_loss: 0.0063                     Bisim z_dist: 1.7587  Bisim r_dist: 0.0351                      Var reg (comparable to PCA var col): 0.0348  Transition_dist: 1.8250                     Cov reg (comparable to PCA cov col): 0.0000  VIC invar: 0.0023  VIC total block: 0.0371
[2026-04-26 12:09:55,244][__main__][INFO] - Validation:  Bisim_loss: 0.3149                      z_loss: 0.0963  z_proprio_loss: 0.0067                     Bisim z_dist: 1.7471  Bisim r_dist: 0.0436                      Var reg: 0.1745  Transition_dist: 1.7945                     Cov reg: 0.0000  VIC invar: 0.0114  VIC total block: 0.1859
[2026-04-26 12:09:55,474][__main__][INFO] - Saved model to /home/gloria/Bis-JEPA/outputs/2026-04-25/21-18-46
[2026-04-26 12:23:09,283][__main__][INFO] - Epoch 62  Training loss: 0.1556  Validation loss: 0.4122
[2026-04-26 12:23:09,291][__main__][INFO] - Train:  Bisim_loss: 0.0893                      z_loss: 0.0663  z_proprio_loss: 0.0063                     Bisim z_dist: 1.7564  Bisim r_dist: 0.0344                      Var reg (comparable to PCA var col): 0.0348  Transition_dist: 1.8243                     Cov reg (comparable to PCA cov col): 0.0000  VIC invar: 0.0023  VIC total block: 0.0371
[2026-04-26 12:23:09,291][__main__][INFO] - Validation:  Bisim_loss: 0.3167                      z_loss: 0.0955  z_proprio_loss: 0.0069                     Bisim z_dist: 1.7421  Bisim r_dist: 0.0425                      Var reg: 0.1745  Transition_dist: 1.7944                     Cov reg: 0.0000  VIC invar: 0.0114  VIC total block: 0.1859
[2026-04-26 12:23:09,473][__main__][INFO] - Saved model to /home/gloria/Bis-JEPA/outputs/2026-04-25/21-18-46
[2026-04-26 12:36:13,905][__main__][INFO] - Epoch 63  Training loss: 0.1558  Validation loss: 0.4081
[2026-04-26 12:36:13,913][__main__][INFO] - Train:  Bisim_loss: 0.0902                      z_loss: 0.0656  z_proprio_loss: 0.0063                     Bisim z_dist: 1.7505  Bisim r_dist: 0.0350                      Var reg (comparable to PCA var col): 0.0348  Transition_dist: 1.8214                     Cov reg (comparable to PCA cov col): 0.0000  VIC invar: 0.0023  VIC total block: 0.0371
[2026-04-26 12:36:13,913][__main__][INFO] - Validation:  Bisim_loss: 0.3137                      z_loss: 0.0944  z_proprio_loss: 0.0061                     Bisim z_dist: 1.6920  Bisim r_dist: 0.0392                      Var reg: 0.1748  Transition_dist: 1.7670                     Cov reg: 0.0000  VIC invar: 0.0110  VIC total block: 0.1859
[2026-04-26 12:36:14,088][__main__][INFO] - Saved model to /home/gloria/Bis-JEPA/outputs/2026-04-25/21-18-46
[2026-04-26 12:50:46,150][__main__][INFO] - Epoch 64  Training loss: 0.1525  Validation loss: 0.4061
[2026-04-26 12:50:46,151][__main__][INFO] - Train:  Bisim_loss: 0.0873                      z_loss: 0.0652  z_proprio_loss: 0.0062                     Bisim z_dist: 1.7645  Bisim r_dist: 0.0327                      Var reg (comparable to PCA var col): 0.0348  Transition_dist: 1.8304                     Cov reg (comparable to PCA cov col): 0.0000  VIC invar: 0.0023  VIC total block: 0.0371
[2026-04-26 12:50:46,151][__main__][INFO] - Validation:  Bisim_loss: 0.3122                      z_loss: 0.0939  z_proprio_loss: 0.0067                     Bisim z_dist: 1.7200  Bisim r_dist: 0.0398                      Var reg: 0.1746  Transition_dist: 1.7828                     Cov reg: 0.0000  VIC invar: 0.0112  VIC total block: 0.1859
[2026-04-26 12:50:46,388][__main__][INFO] - Saved model to /home/gloria/Bis-JEPA/outputs/2026-04-25/21-18-46
[2026-04-26 13:04:36,242][__main__][INFO] - Epoch 65  Training loss: 0.1528  Validation loss: 0.4076
[2026-04-26 13:04:36,243][__main__][INFO] - Train:  Bisim_loss: 0.0880                      z_loss: 0.0648  z_proprio_loss: 0.0062                     Bisim z_dist: 1.7592  Bisim r_dist: 0.0319                      Var reg (comparable to PCA var col): 0.0348  Transition_dist: 1.8269                     Cov reg (comparable to PCA cov col): 0.0000  VIC invar: 0.0023  VIC total block: 0.0371
[2026-04-26 13:04:36,244][__main__][INFO] - Validation:  Bisim_loss: 0.3133                      z_loss: 0.0943  z_proprio_loss: 0.0062                     Bisim z_dist: 1.7080  Bisim r_dist: 0.0393                      Var reg: 0.1748  Transition_dist: 1.7751                     Cov reg: 0.0000  VIC invar: 0.0111  VIC total block: 0.1860
[2026-04-26 13:04:36,697][__main__][INFO] - Saved model to /home/gloria/Bis-JEPA/outputs/2026-04-25/21-18-46
[2026-04-26 13:19:22,381][__main__][INFO] - Epoch 66  Training loss: 0.1529  Validation loss: 0.4082
[2026-04-26 13:19:22,390][__main__][INFO] - Train:  Bisim_loss: 0.0884                      z_loss: 0.0645  z_proprio_loss: 0.0062                     Bisim z_dist: 1.7588  Bisim r_dist: 0.0326                      Var reg (comparable to PCA var col): 0.0348  Transition_dist: 1.8267                     Cov reg (comparable to PCA cov col): 0.0000  VIC invar: 0.0023  VIC total block: 0.0371
[2026-04-26 13:19:22,390][__main__][INFO] - Validation:  Bisim_loss: 0.3134                      z_loss: 0.0947  z_proprio_loss: 0.0066                     Bisim z_dist: 1.7200  Bisim r_dist: 0.0418                      Var reg: 0.1747  Transition_dist: 1.7858                     Cov reg: 0.0000  VIC invar: 0.0112  VIC total block: 0.1860
[2026-04-26 13:19:22,549][__main__][INFO] - Saved model to /home/gloria/Bis-JEPA/outputs/2026-04-25/21-18-46
[2026-04-26 13:33:09,450][__main__][INFO] - Epoch 67  Training loss: 0.1525  Validation loss: 0.4083
[2026-04-26 13:33:09,453][__main__][INFO] - Train:  Bisim_loss: 0.0886                      z_loss: 0.0638  z_proprio_loss: 0.0062                     Bisim z_dist: 1.7570  Bisim r_dist: 0.0350                      Var reg (comparable to PCA var col): 0.0348  Transition_dist: 1.8264                     Cov reg (comparable to PCA cov col): 0.0000  VIC invar: 0.0023  VIC total block: 0.0371
[2026-04-26 13:33:09,454][__main__][INFO] - Validation:  Bisim_loss: 0.3144                      z_loss: 0.0939  z_proprio_loss: 0.0063                     Bisim z_dist: 1.7124  Bisim r_dist: 0.0452                      Var reg: 0.1748  Transition_dist: 1.7774                     Cov reg: 0.0000  VIC invar: 0.0112  VIC total block: 0.1860
[2026-04-26 13:33:09,771][__main__][INFO] - Saved model to /home/gloria/Bis-JEPA/outputs/2026-04-25/21-18-46
[2026-04-26 13:48:10,982][__main__][INFO] - Epoch 68  Training loss: 0.1515  Validation loss: 0.4101
[2026-04-26 13:48:10,983][__main__][INFO] - Train:  Bisim_loss: 0.0877                      z_loss: 0.0637  z_proprio_loss: 0.0062                     Bisim z_dist: 1.7596  Bisim r_dist: 0.0348                      Var reg (comparable to PCA var col): 0.0348  Transition_dist: 1.8260                     Cov reg (comparable to PCA cov col): 0.0000  VIC invar: 0.0023  VIC total block: 0.0371
[2026-04-26 13:48:10,983][__main__][INFO] - Validation:  Bisim_loss: 0.3144                      z_loss: 0.0958  z_proprio_loss: 0.0067                     Bisim z_dist: 1.7368  Bisim r_dist: 0.0402                      Var reg: 0.1747  Transition_dist: 1.7948                     Cov reg: 0.0000  VIC invar: 0.0113  VIC total block: 0.1860
[2026-04-26 13:48:11,277][__main__][INFO] - Saved model to /home/gloria/Bis-JEPA/outputs/2026-04-25/21-18-46
[2026-04-26 14:02:08,343][__main__][INFO] - Epoch 69  Training loss: 0.1515  Validation loss: 0.4045
[2026-04-26 14:02:08,344][__main__][INFO] - Train:  Bisim_loss: 0.0879                      z_loss: 0.0636  z_proprio_loss: 0.0062                     Bisim z_dist: 1.7594  Bisim r_dist: 0.0319                      Var reg (comparable to PCA var col): 0.0348  Transition_dist: 1.8270                     Cov reg (comparable to PCA cov col): 0.0000  VIC invar: 0.0023  VIC total block: 0.0371
[2026-04-26 14:02:08,344][__main__][INFO] - Validation:  Bisim_loss: 0.3109                      z_loss: 0.0936  z_proprio_loss: 0.0065                     Bisim z_dist: 1.7024  Bisim r_dist: 0.0365                      Var reg: 0.1748  Transition_dist: 1.7697                     Cov reg: 0.0000  VIC invar: 0.0111  VIC total block: 0.1860
[2026-04-26 14:02:08,523][__main__][INFO] - Saved model to /home/gloria/Bis-JEPA/outputs/2026-04-25/21-18-46
[2026-04-26 14:14:51,557][__main__][INFO] - Epoch 70  Training loss: 0.1505  Validation loss: 0.4068
[2026-04-26 14:14:51,558][__main__][INFO] - Train:  Bisim_loss: 0.0872                      z_loss: 0.0633  z_proprio_loss: 0.0061                     Bisim z_dist: 1.7643  Bisim r_dist: 0.0328                      Var reg (comparable to PCA var col): 0.0348  Transition_dist: 1.8308                     Cov reg (comparable to PCA cov col): 0.0000  VIC invar: 0.0023  VIC total block: 0.0371
[2026-04-26 14:14:51,559][__main__][INFO] - Validation:  Bisim_loss: 0.3116                      z_loss: 0.0952  z_proprio_loss: 0.0066                     Bisim z_dist: 1.7232  Bisim r_dist: 0.0418                      Var reg: 0.1747  Transition_dist: 1.7838                     Cov reg: 0.0000  VIC invar: 0.0112  VIC total block: 0.1860
[2026-04-26 14:14:51,808][__main__][INFO] - Saved model to /home/gloria/Bis-JEPA/outputs/2026-04-25/21-18-46
[2026-04-26 14:27:41,617][__main__][INFO] - Epoch 71  Training loss: 0.1515  Validation loss: 0.4134
[2026-04-26 14:27:41,618][__main__][INFO] - Train:  Bisim_loss: 0.0881                      z_loss: 0.0633  z_proprio_loss: 0.0062                     Bisim z_dist: 1.7583  Bisim r_dist: 0.0335                      Var reg (comparable to PCA var col): 0.0348  Transition_dist: 1.8257                     Cov reg (comparable to PCA cov col): 0.0000  VIC invar: 0.0023  VIC total block: 0.0371
[2026-04-26 14:27:41,618][__main__][INFO] - Validation:  Bisim_loss: 0.3174                      z_loss: 0.0960  z_proprio_loss: 0.0066                     Bisim z_dist: 1.7383  Bisim r_dist: 0.0409                      Var reg: 0.1746  Transition_dist: 1.7900                     Cov reg: 0.0000  VIC invar: 0.0113  VIC total block: 0.1860
[2026-04-26 14:27:41,790][__main__][INFO] - Saved model to /home/gloria/Bis-JEPA/outputs/2026-04-25/21-18-46
[2026-04-26 14:39:13,817][__main__][INFO] - Epoch 72  Training loss: 0.1514  Validation loss: 0.4108
[2026-04-26 14:39:13,825][__main__][INFO] - Train:  Bisim_loss: 0.0880                      z_loss: 0.0634  z_proprio_loss: 0.0062                     Bisim z_dist: 1.7654  Bisim r_dist: 0.0327                      Var reg (comparable to PCA var col): 0.0348  Transition_dist: 1.8307                     Cov reg (comparable to PCA cov col): 0.0000  VIC invar: 0.0023  VIC total block: 0.0371
[2026-04-26 14:39:13,825][__main__][INFO] - Validation:  Bisim_loss: 0.3140                      z_loss: 0.0968  z_proprio_loss: 0.0071                     Bisim z_dist: 1.7234  Bisim r_dist: 0.0403                      Var reg: 0.1747  Transition_dist: 1.7883                     Cov reg: 0.0000  VIC invar: 0.0113  VIC total block: 0.1859
[2026-04-26 14:39:14,000][__main__][INFO] - Saved model to /home/gloria/Bis-JEPA/outputs/2026-04-25/21-18-46
[2026-04-26 14:51:48,156][__main__][INFO] - Epoch 73  Training loss: 0.1504  Validation loss: 0.4106
[2026-04-26 14:51:48,165][__main__][INFO] - Train:  Bisim_loss: 0.0874                      z_loss: 0.0630  z_proprio_loss: 0.0061                     Bisim z_dist: 1.7628  Bisim r_dist: 0.0346                      Var reg (comparable to PCA var col): 0.0348  Transition_dist: 1.8285                     Cov reg (comparable to PCA cov col): 0.0000  VIC invar: 0.0023  VIC total block: 0.0371
[2026-04-26 14:51:48,165][__main__][INFO] - Validation:  Bisim_loss: 0.3130                      z_loss: 0.0976  z_proprio_loss: 0.0069                     Bisim z_dist: 1.7557  Bisim r_dist: 0.0439                      Var reg: 0.1744  Transition_dist: 1.8007                     Cov reg: 0.0000  VIC invar: 0.0115  VIC total block: 0.1859
[2026-04-26 14:51:48,353][__main__][INFO] - Saved model to /home/gloria/Bis-JEPA/outputs/2026-04-25/21-18-46
[2026-04-26 15:04:47,180][__main__][INFO] - Epoch 74  Training loss: 0.1494  Validation loss: 0.4045
[2026-04-26 15:04:47,181][__main__][INFO] - Train:  Bisim_loss: 0.0863                      z_loss: 0.0630  z_proprio_loss: 0.0061                     Bisim z_dist: 1.7632  Bisim r_dist: 0.0345                      Var reg (comparable to PCA var col): 0.0348  Transition_dist: 1.8284                     Cov reg (comparable to PCA cov col): 0.0000  VIC invar: 0.0023  VIC total block: 0.0371
[2026-04-26 15:04:47,182][__main__][INFO] - Validation:  Bisim_loss: 0.3083                      z_loss: 0.0963  z_proprio_loss: 0.0067                     Bisim z_dist: 1.7119  Bisim r_dist: 0.0422                      Var reg: 0.1747  Transition_dist: 1.7768                     Cov reg: 0.0000  VIC invar: 0.0112  VIC total block: 0.1859
[2026-04-26 15:04:47,414][__main__][INFO] - Saved model to /home/gloria/Bis-JEPA/outputs/2026-04-25/21-18-46
[2026-04-26 15:18:36,837][__main__][INFO] - Epoch 75  Training loss: 0.1497  Validation loss: 0.3999
[2026-04-26 15:18:36,846][__main__][INFO] - Train:  Bisim_loss: 0.0874                      z_loss: 0.0624  z_proprio_loss: 0.0061                     Bisim z_dist: 1.7626  Bisim r_dist: 0.0352                      Var reg (comparable to PCA var col): 0.0348  Transition_dist: 1.8292                     Cov reg (comparable to PCA cov col): 0.0000  VIC invar: 0.0023  VIC total block: 0.0371
[2026-04-26 15:18:36,846][__main__][INFO] - Validation:  Bisim_loss: 0.3042                      z_loss: 0.0957  z_proprio_loss: 0.0067                     Bisim z_dist: 1.7167  Bisim r_dist: 0.0424                      Var reg: 0.1746  Transition_dist: 1.7789                     Cov reg: 0.0000  VIC invar: 0.0112  VIC total block: 0.1859
[2026-04-26 15:18:37,092][__main__][INFO] - Saved model to /home/gloria/Bis-JEPA/outputs/2026-04-25/21-18-46
[2026-04-26 15:31:41,356][__main__][INFO] - Epoch 76  Training loss: 0.1490  Validation loss: 0.4057
[2026-04-26 15:31:41,365][__main__][INFO] - Train:  Bisim_loss: 0.0871                      z_loss: 0.0619  z_proprio_loss: 0.0061                     Bisim z_dist: 1.7633  Bisim r_dist: 0.0364                      Var reg (comparable to PCA var col): 0.0348  Transition_dist: 1.8292                     Cov reg (comparable to PCA cov col): 0.0000  VIC invar: 0.0023  VIC total block: 0.0371
[2026-04-26 15:31:41,365][__main__][INFO] - Validation:  Bisim_loss: 0.3087                      z_loss: 0.0971  z_proprio_loss: 0.0069                     Bisim z_dist: 1.7285  Bisim r_dist: 0.0449                      Var reg: 0.1747  Transition_dist: 1.7874                     Cov reg: 0.0000  VIC invar: 0.0113  VIC total block: 0.1860
[2026-04-26 15:31:41,561][__main__][INFO] - Saved model to /home/gloria/Bis-JEPA/outputs/2026-04-25/21-18-46
[2026-04-26 15:44:23,672][__main__][INFO] - Epoch 77  Training loss: 0.1476  Validation loss: 0.4113
[2026-04-26 15:44:23,681][__main__][INFO] - Train:  Bisim_loss: 0.0856                      z_loss: 0.0621  z_proprio_loss: 0.0061                     Bisim z_dist: 1.7685  Bisim r_dist: 0.0355                      Var reg (comparable to PCA var col): 0.0348  Transition_dist: 1.8321                     Cov reg (comparable to PCA cov col): 0.0000  VIC invar: 0.0023  VIC total block: 0.0371
[2026-04-26 15:44:23,681][__main__][INFO] - Validation:  Bisim_loss: 0.3142                      z_loss: 0.0971  z_proprio_loss: 0.0069                     Bisim z_dist: 1.7474  Bisim r_dist: 0.0463                      Var reg: 0.1745  Transition_dist: 1.8024                     Cov reg: 0.0000  VIC invar: 0.0114  VIC total block: 0.1860
[2026-04-26 15:44:23,962][__main__][INFO] - Saved model to /home/gloria/Bis-JEPA/outputs/2026-04-25/21-18-46
[2026-04-26 15:57:57,185][__main__][INFO] - Epoch 78  Training loss: 0.1483  Validation loss: 0.4063
[2026-04-26 15:57:57,185][__main__][INFO] - Train:  Bisim_loss: 0.0861                      z_loss: 0.0621  z_proprio_loss: 0.0061                     Bisim z_dist: 1.7681  Bisim r_dist: 0.0370                      Var reg (comparable to PCA var col): 0.0348  Transition_dist: 1.8320                     Cov reg (comparable to PCA cov col): 0.0000  VIC invar: 0.0023  VIC total block: 0.0371
[2026-04-26 15:57:57,186][__main__][INFO] - Validation:  Bisim_loss: 0.3080                      z_loss: 0.0983  z_proprio_loss: 0.0073                     Bisim z_dist: 1.7180  Bisim r_dist: 0.0426                      Var reg: 0.1746  Transition_dist: 1.7754                     Cov reg: 0.0000  VIC invar: 0.0112  VIC total block: 0.1858
[2026-04-26 15:57:57,419][__main__][INFO] - Saved model to /home/gloria/Bis-JEPA/outputs/2026-04-25/21-18-46
[2026-04-26 16:12:51,500][__main__][INFO] - Epoch 79  Training loss: 0.1483  Validation loss: 0.4086
[2026-04-26 16:12:51,500][__main__][INFO] - Train:  Bisim_loss: 0.0864                      z_loss: 0.0619  z_proprio_loss: 0.0061                     Bisim z_dist: 1.7670  Bisim r_dist: 0.0356                      Var reg (comparable to PCA var col): 0.0348  Transition_dist: 1.8311                     Cov reg (comparable to PCA cov col): 0.0000  VIC invar: 0.0023  VIC total block: 0.0371
[2026-04-26 16:12:51,500][__main__][INFO] - Validation:  Bisim_loss: 0.3117                      z_loss: 0.0969  z_proprio_loss: 0.0071                     Bisim z_dist: 1.7281  Bisim r_dist: 0.0464                      Var reg: 0.1746  Transition_dist: 1.7870                     Cov reg: 0.0000  VIC invar: 0.0113  VIC total block: 0.1859
[2026-04-26 16:12:51,782][__main__][INFO] - Saved model to /home/gloria/Bis-JEPA/outputs/2026-04-25/21-18-46
[2026-04-26 16:27:52,621][__main__][INFO] - Epoch 80  Training loss: 0.1490  Validation loss: 0.4105
[2026-04-26 16:27:52,630][__main__][INFO] - Train:  Bisim_loss: 0.0870                      z_loss: 0.0620  z_proprio_loss: 0.0062                     Bisim z_dist: 1.7665  Bisim r_dist: 0.0350                      Var reg (comparable to PCA var col): 0.0348  Transition_dist: 1.8310                     Cov reg (comparable to PCA cov col): 0.0000  VIC invar: 0.0023  VIC total block: 0.0371
[2026-04-26 16:27:52,630][__main__][INFO] - Validation:  Bisim_loss: 0.3118                      z_loss: 0.0987  z_proprio_loss: 0.0069                     Bisim z_dist: 1.7051  Bisim r_dist: 0.0447                      Var reg: 0.1748  Transition_dist: 1.7701                     Cov reg: 0.0000  VIC invar: 0.0111  VIC total block: 0.1859
[2026-04-26 16:27:52,821][__main__][INFO] - Saved model to /home/gloria/Bis-JEPA/outputs/2026-04-25/21-18-46
[2026-04-26 16:42:48,432][__main__][INFO] - Epoch 81  Training loss: 0.1481  Validation loss: 0.4077
[2026-04-26 16:42:48,433][__main__][INFO] - Train:  Bisim_loss: 0.0864                      z_loss: 0.0618  z_proprio_loss: 0.0061                     Bisim z_dist: 1.7700  Bisim r_dist: 0.0365                      Var reg (comparable to PCA var col): 0.0348  Transition_dist: 1.8341                     Cov reg (comparable to PCA cov col): 0.0000  VIC invar: 0.0023  VIC total block: 0.0371
[2026-04-26 16:42:48,433][__main__][INFO] - Validation:  Bisim_loss: 0.3096                      z_loss: 0.0980  z_proprio_loss: 0.0070                     Bisim z_dist: 1.7344  Bisim r_dist: 0.0432                      Var reg: 0.1745  Transition_dist: 1.7867                     Cov reg: 0.0000  VIC invar: 0.0113  VIC total block: 0.1858
[2026-04-26 16:42:48,624][__main__][INFO] - Saved model to /home/gloria/Bis-JEPA/outputs/2026-04-25/21-18-46
[2026-04-26 16:58:11,154][__main__][INFO] - Epoch 82  Training loss: 0.1461  Validation loss: 0.4107
[2026-04-26 16:58:11,162][__main__][INFO] - Train:  Bisim_loss: 0.0849                      z_loss: 0.0613  z_proprio_loss: 0.0061                     Bisim z_dist: 1.7738  Bisim r_dist: 0.0366                      Var reg (comparable to PCA var col): 0.0348  Transition_dist: 1.8361                     Cov reg (comparable to PCA cov col): 0.0000  VIC invar: 0.0023  VIC total block: 0.0371
[2026-04-26 16:58:11,162][__main__][INFO] - Validation:  Bisim_loss: 0.3123                      z_loss: 0.0985  z_proprio_loss: 0.0070                     Bisim z_dist: 1.7356  Bisim r_dist: 0.0433                      Var reg: 0.1745  Transition_dist: 1.7885                     Cov reg: 0.0000  VIC invar: 0.0113  VIC total block: 0.1859
[2026-04-26 16:58:11,349][__main__][INFO] - Saved model to /home/gloria/Bis-JEPA/outputs/2026-04-25/21-18-46
[2026-04-26 17:12:48,281][__main__][INFO] - Epoch 83  Training loss: 0.1459  Validation loss: 0.4065
[2026-04-26 17:12:48,289][__main__][INFO] - Train:  Bisim_loss: 0.0846                      z_loss: 0.0613  z_proprio_loss: 0.0061                     Bisim z_dist: 1.7731  Bisim r_dist: 0.0344                      Var reg (comparable to PCA var col): 0.0348  Transition_dist: 1.8358                     Cov reg (comparable to PCA cov col): 0.0000  VIC invar: 0.0023  VIC total block: 0.0371
[2026-04-26 17:12:48,289][__main__][INFO] - Validation:  Bisim_loss: 0.3085                      z_loss: 0.0980  z_proprio_loss: 0.0071                     Bisim z_dist: 1.7234  Bisim r_dist: 0.0437                      Var reg: 0.1747  Transition_dist: 1.7873                     Cov reg: 0.0000  VIC invar: 0.0113  VIC total block: 0.1859
[2026-04-26 17:12:48,479][__main__][INFO] - Saved model to /home/gloria/Bis-JEPA/outputs/2026-04-25/21-18-46
[2026-04-26 17:26:18,876][__main__][INFO] - Epoch 84  Training loss: 0.1453  Validation loss: 0.4085
[2026-04-26 17:26:18,885][__main__][INFO] - Train:  Bisim_loss: 0.0845                      z_loss: 0.0608  z_proprio_loss: 0.0061                     Bisim z_dist: 1.7727  Bisim r_dist: 0.0377                      Var reg (comparable to PCA var col): 0.0348  Transition_dist: 1.8353                     Cov reg (comparable to PCA cov col): 0.0000  VIC invar: 0.0023  VIC total block: 0.0371
[2026-04-26 17:26:18,885][__main__][INFO] - Validation:  Bisim_loss: 0.3091                      z_loss: 0.0994  z_proprio_loss: 0.0071                     Bisim z_dist: 1.7257  Bisim r_dist: 0.0466                      Var reg: 0.1746  Transition_dist: 1.7851                     Cov reg: 0.0000  VIC invar: 0.0113  VIC total block: 0.1859
[2026-04-26 17:26:19,087][__main__][INFO] - Saved model to /home/gloria/Bis-JEPA/outputs/2026-04-25/21-18-46
[2026-04-26 17:41:24,280][__main__][INFO] - Epoch 85  Training loss: 0.1456  Validation loss: 0.4160
[2026-04-26 17:41:24,281][__main__][INFO] - Train:  Bisim_loss: 0.0850                      z_loss: 0.0606  z_proprio_loss: 0.0061                     Bisim z_dist: 1.7696  Bisim r_dist: 0.0367                      Var reg (comparable to PCA var col): 0.0348  Transition_dist: 1.8325                     Cov reg (comparable to PCA cov col): 0.0000  VIC invar: 0.0023  VIC total block: 0.0371
[2026-04-26 17:41:24,281][__main__][INFO] - Validation:  Bisim_loss: 0.3159                      z_loss: 0.1001  z_proprio_loss: 0.0071                     Bisim z_dist: 1.7484  Bisim r_dist: 0.0483                      Var reg: 0.1743  Transition_dist: 1.7926                     Cov reg: 0.0000  VIC invar: 0.0114  VIC total block: 0.1858
[2026-04-26 17:41:24,691][__main__][INFO] - Saved model to /home/gloria/Bis-JEPA/outputs/2026-04-25/21-18-46
[2026-04-26 17:56:21,659][__main__][INFO] - Epoch 86  Training loss: 0.1452  Validation loss: 0.4098
[2026-04-26 17:56:21,660][__main__][INFO] - Train:  Bisim_loss: 0.0844                      z_loss: 0.0608  z_proprio_loss: 0.0061                     Bisim z_dist: 1.7710  Bisim r_dist: 0.0354                      Var reg (comparable to PCA var col): 0.0348  Transition_dist: 1.8330                     Cov reg (comparable to PCA cov col): 0.0000  VIC invar: 0.0023  VIC total block: 0.0371
[2026-04-26 17:56:21,660][__main__][INFO] - Validation:  Bisim_loss: 0.3104                      z_loss: 0.0994  z_proprio_loss: 0.0072                     Bisim z_dist: 1.7324  Bisim r_dist: 0.0440                      Var reg: 0.1745  Transition_dist: 1.7892                     Cov reg: 0.0000  VIC invar: 0.0113  VIC total block: 0.1859
[2026-04-26 17:56:21,854][__main__][INFO] - Saved model to /home/gloria/Bis-JEPA/outputs/2026-04-25/21-18-46
[2026-04-26 18:11:04,748][__main__][INFO] - Epoch 87  Training loss: 0.1445  Validation loss: 0.4128
[2026-04-26 18:11:04,748][__main__][INFO] - Train:  Bisim_loss: 0.0837                      z_loss: 0.0608  z_proprio_loss: 0.0061                     Bisim z_dist: 1.7762  Bisim r_dist: 0.0342                      Var reg (comparable to PCA var col): 0.0348  Transition_dist: 1.8369                     Cov reg (comparable to PCA cov col): 0.0000  VIC invar: 0.0023  VIC total block: 0.0371
[2026-04-26 18:11:04,749][__main__][INFO] - Validation:  Bisim_loss: 0.3127                      z_loss: 0.1001  z_proprio_loss: 0.0078                     Bisim z_dist: 1.7339  Bisim r_dist: 0.0429                      Var reg: 0.1745  Transition_dist: 1.7928                     Cov reg: 0.0000  VIC invar: 0.0113  VIC total block: 0.1859
[2026-04-26 18:11:04,952][__main__][INFO] - Saved model to /home/gloria/Bis-JEPA/outputs/2026-04-25/21-18-46
[2026-04-26 18:27:01,652][__main__][INFO] - Epoch 88  Training loss: 0.1443  Validation loss: 0.4150
[2026-04-26 18:27:01,660][__main__][INFO] - Train:  Bisim_loss: 0.0834                      z_loss: 0.0609  z_proprio_loss: 0.0061                     Bisim z_dist: 1.7780  Bisim r_dist: 0.0345                      Var reg (comparable to PCA var col): 0.0348  Transition_dist: 1.8376                     Cov reg (comparable to PCA cov col): 0.0000  VIC invar: 0.0023  VIC total block: 0.0371
[2026-04-26 18:27:01,661][__main__][INFO] - Validation:  Bisim_loss: 0.3140                      z_loss: 0.1010  z_proprio_loss: 0.0074                     Bisim z_dist: 1.7574  Bisim r_dist: 0.0425                      Var reg: 0.1744  Transition_dist: 1.8009                     Cov reg: 0.0000  VIC invar: 0.0115  VIC total block: 0.1859
[2026-04-26 18:27:01,842][__main__][INFO] - Saved model to /home/gloria/Bis-JEPA/outputs/2026-04-25/21-18-46
[2026-04-26 18:42:32,522][__main__][INFO] - Epoch 89  Training loss: 0.1458  Validation loss: 0.4120
[2026-04-26 18:42:32,522][__main__][INFO] - Train:  Bisim_loss: 0.0854                      z_loss: 0.0605  z_proprio_loss: 0.0061                     Bisim z_dist: 1.7747  Bisim r_dist: 0.0337                      Var reg (comparable to PCA var col): 0.0348  Transition_dist: 1.8367                     Cov reg (comparable to PCA cov col): 0.0000  VIC invar: 0.0023  VIC total block: 0.0371
[2026-04-26 18:42:32,522][__main__][INFO] - Validation:  Bisim_loss: 0.3128                      z_loss: 0.0992  z_proprio_loss: 0.0072                     Bisim z_dist: 1.7214  Bisim r_dist: 0.0435                      Var reg: 0.1746  Transition_dist: 1.7821                     Cov reg: 0.0000  VIC invar: 0.0112  VIC total block: 0.1859
[2026-04-26 18:42:32,761][__main__][INFO] - Saved model to /home/gloria/Bis-JEPA/outputs/2026-04-25/21-18-46
[2026-04-26 18:57:16,883][__main__][INFO] - Epoch 90  Training loss: 0.1450  Validation loss: 0.4159
[2026-04-26 18:57:16,884][__main__][INFO] - Train:  Bisim_loss: 0.0851                      z_loss: 0.0599  z_proprio_loss: 0.0061                     Bisim z_dist: 1.7721  Bisim r_dist: 0.0333                      Var reg (comparable to PCA var col): 0.0348  Transition_dist: 1.8355                     Cov reg (comparable to PCA cov col): 0.0000  VIC invar: 0.0023  VIC total block: 0.0371
[2026-04-26 18:57:16,884][__main__][INFO] - Validation:  Bisim_loss: 0.3168                      z_loss: 0.0991  z_proprio_loss: 0.0076                     Bisim z_dist: 1.7391  Bisim r_dist: 0.0427                      Var reg: 0.1745  Transition_dist: 1.7902                     Cov reg: 0.0000  VIC invar: 0.0114  VIC total block: 0.1859
[2026-04-26 18:57:17,062][__main__][INFO] - Saved model to /home/gloria/Bis-JEPA/outputs/2026-04-25/21-18-46
[2026-04-26 19:12:03,616][__main__][INFO] - Epoch 91  Training loss: 0.1442  Validation loss: 0.4124
[2026-04-26 19:12:03,617][__main__][INFO] - Train:  Bisim_loss: 0.0843                      z_loss: 0.0599  z_proprio_loss: 0.0061                     Bisim z_dist: 1.7762  Bisim r_dist: 0.0325                      Var reg (comparable to PCA var col): 0.0348  Transition_dist: 1.8377                     Cov reg (comparable to PCA cov col): 0.0000  VIC invar: 0.0023  VIC total block: 0.0371
[2026-04-26 19:12:03,617][__main__][INFO] - Validation:  Bisim_loss: 0.3112                      z_loss: 0.1012  z_proprio_loss: 0.0075                     Bisim z_dist: 1.7126  Bisim r_dist: 0.0417                      Var reg: 0.1746  Transition_dist: 1.7769                     Cov reg: 0.0000  VIC invar: 0.0112  VIC total block: 0.1858
[2026-04-26 19:12:03,858][__main__][INFO] - Saved model to /home/gloria/Bis-JEPA/outputs/2026-04-25/21-18-46
[2026-04-26 19:26:30,314][__main__][INFO] - Epoch 92  Training loss: 0.1430  Validation loss: 0.4156
[2026-04-26 19:26:30,322][__main__][INFO] - Train:  Bisim_loss: 0.0835                      z_loss: 0.0596  z_proprio_loss: 0.0061                     Bisim z_dist: 1.7747  Bisim r_dist: 0.0311                      Var reg (comparable to PCA var col): 0.0348  Transition_dist: 1.8359                     Cov reg (comparable to PCA cov col): 0.0000  VIC invar: 0.0023  VIC total block: 0.0371
[2026-04-26 19:26:30,322][__main__][INFO] - Validation:  Bisim_loss: 0.3140                      z_loss: 0.1015  z_proprio_loss: 0.0076                     Bisim z_dist: 1.7309  Bisim r_dist: 0.0402                      Var reg: 0.1746  Transition_dist: 1.7918                     Cov reg: 0.0000  VIC invar: 0.0113  VIC total block: 0.1859
[2026-04-26 19:26:30,503][__main__][INFO] - Saved model to /home/gloria/Bis-JEPA/outputs/2026-04-25/21-18-46
[2026-04-26 19:41:19,338][__main__][INFO] - Epoch 93  Training loss: 0.1438  Validation loss: 0.4176
[2026-04-26 19:41:19,338][__main__][INFO] - Train:  Bisim_loss: 0.0840                      z_loss: 0.0598  z_proprio_loss: 0.0061                     Bisim z_dist: 1.7770  Bisim r_dist: 0.0324                      Var reg (comparable to PCA var col): 0.0348  Transition_dist: 1.8380                     Cov reg (comparable to PCA cov col): 0.0000  VIC invar: 0.0023  VIC total block: 0.0371
[2026-04-26 19:41:19,339][__main__][INFO] - Validation:  Bisim_loss: 0.3171                      z_loss: 0.1005  z_proprio_loss: 0.0078                     Bisim z_dist: 1.7246  Bisim r_dist: 0.0433                      Var reg: 0.1746  Transition_dist: 1.7793                     Cov reg: 0.0000  VIC invar: 0.0113  VIC total block: 0.1859
[2026-04-26 19:41:19,542][__main__][INFO] - Saved model to /home/gloria/Bis-JEPA/outputs/2026-04-25/21-18-46
[2026-04-26 19:56:39,092][__main__][INFO] - Epoch 94  Training loss: 0.1425  Validation loss: 0.4153
[2026-04-26 19:56:39,100][__main__][INFO] - Train:  Bisim_loss: 0.0832                      z_loss: 0.0593  z_proprio_loss: 0.0061                     Bisim z_dist: 1.7763  Bisim r_dist: 0.0329                      Var reg (comparable to PCA var col): 0.0348  Transition_dist: 1.8364                     Cov reg (comparable to PCA cov col): 0.0000  VIC invar: 0.0023  VIC total block: 0.0371
[2026-04-26 19:56:39,101][__main__][INFO] - Validation:  Bisim_loss: 0.3143                      z_loss: 0.1009  z_proprio_loss: 0.0072                     Bisim z_dist: 1.7464  Bisim r_dist: 0.0419                      Var reg: 0.1745  Transition_dist: 1.7906                     Cov reg: 0.0000  VIC invar: 0.0114  VIC total block: 0.1859
[2026-04-26 19:56:39,286][__main__][INFO] - Saved model to /home/gloria/Bis-JEPA/outputs/2026-04-25/21-18-46
[2026-04-26 20:12:03,306][__main__][INFO] - Epoch 95  Training loss: 0.1426  Validation loss: 0.4144
[2026-04-26 20:12:03,306][__main__][INFO] - Train:  Bisim_loss: 0.0834                      z_loss: 0.0592  z_proprio_loss: 0.0061                     Bisim z_dist: 1.7795  Bisim r_dist: 0.0322                      Var reg (comparable to PCA var col): 0.0348  Transition_dist: 1.8387                     Cov reg (comparable to PCA cov col): 0.0000  VIC invar: 0.0023  VIC total block: 0.0371
[2026-04-26 20:12:03,314][__main__][INFO] - Validation:  Bisim_loss: 0.3141                      z_loss: 0.1003  z_proprio_loss: 0.0081                     Bisim z_dist: 1.7422  Bisim r_dist: 0.0425                      Var reg: 0.1744  Transition_dist: 1.7946                     Cov reg: 0.0000  VIC invar: 0.0114  VIC total block: 0.1858
[2026-04-26 20:12:03,502][__main__][INFO] - Saved model to /home/gloria/Bis-JEPA/outputs/2026-04-25/21-18-46
[2026-04-26 20:27:35,148][__main__][INFO] - Epoch 96  Training loss: 0.1421  Validation loss: 0.4086
[2026-04-26 20:27:35,148][__main__][INFO] - Train:  Bisim_loss: 0.0832                      z_loss: 0.0588  z_proprio_loss: 0.0061                     Bisim z_dist: 1.7742  Bisim r_dist: 0.0335                      Var reg (comparable to PCA var col): 0.0348  Transition_dist: 1.8349                     Cov reg (comparable to PCA cov col): 0.0000  VIC invar: 0.0023  VIC total block: 0.0371
[2026-04-26 20:27:35,149][__main__][INFO] - Validation:  Bisim_loss: 0.3079                      z_loss: 0.1008  z_proprio_loss: 0.0079                     Bisim z_dist: 1.7034  Bisim r_dist: 0.0412                      Var reg: 0.1748  Transition_dist: 1.7762                     Cov reg: 0.0000  VIC invar: 0.0111  VIC total block: 0.1859
[2026-04-26 20:27:35,380][__main__][INFO] - Saved model to /home/gloria/Bis-JEPA/outputs/2026-04-25/21-18-46
[2026-04-26 20:42:37,708][__main__][INFO] - Epoch 97  Training loss: 0.1403  Validation loss: 0.4163
[2026-04-26 20:42:37,716][__main__][INFO] - Train:  Bisim_loss: 0.0816                      z_loss: 0.0587  z_proprio_loss: 0.0061                     Bisim z_dist: 1.7817  Bisim r_dist: 0.0326                      Var reg (comparable to PCA var col): 0.0348  Transition_dist: 1.8401                     Cov reg (comparable to PCA cov col): 0.0000  VIC invar: 0.0023  VIC total block: 0.0371
[2026-04-26 20:42:37,716][__main__][INFO] - Validation:  Bisim_loss: 0.3155                      z_loss: 0.1008  z_proprio_loss: 0.0077                     Bisim z_dist: 1.7224  Bisim r_dist: 0.0397                      Var reg: 0.1747  Transition_dist: 1.7847                     Cov reg: 0.0000  VIC invar: 0.0112  VIC total block: 0.1860
[2026-04-26 20:42:37,873][__main__][INFO] - Saved model to /home/gloria/Bis-JEPA/outputs/2026-04-25/21-18-46
[2026-04-26 20:57:14,352][__main__][INFO] - Epoch 98  Training loss: 0.1417  Validation loss: 0.4078
[2026-04-26 20:57:14,352][__main__][INFO] - Train:  Bisim_loss: 0.0834                      z_loss: 0.0582  z_proprio_loss: 0.0061                     Bisim z_dist: 1.7747  Bisim r_dist: 0.0314                      Var reg (comparable to PCA var col): 0.0348  Transition_dist: 1.8358                     Cov reg (comparable to PCA cov col): 0.0000  VIC invar: 0.0023  VIC total block: 0.0371
[2026-04-26 20:57:14,353][__main__][INFO] - Validation:  Bisim_loss: 0.3075                      z_loss: 0.1003  z_proprio_loss: 0.0081                     Bisim z_dist: 1.7375  Bisim r_dist: 0.0386                      Var reg: 0.1747  Transition_dist: 1.7936                     Cov reg: 0.0000  VIC invar: 0.0113  VIC total block: 0.1860
[2026-04-26 20:57:14,548][__main__][INFO] - Saved model to /home/gloria/Bis-JEPA/outputs/2026-04-25/21-18-46
[2026-04-26 21:11:47,639][__main__][INFO] - Epoch 99  Training loss: 0.1403  Validation loss: 0.4095
[2026-04-26 21:11:47,640][__main__][INFO] - Train:  Bisim_loss: 0.0826                      z_loss: 0.0576  z_proprio_loss: 0.0060                     Bisim z_dist: 1.7737  Bisim r_dist: 0.0306                      Var reg (comparable to PCA var col): 0.0348  Transition_dist: 1.8344                     Cov reg (comparable to PCA cov col): 0.0000  VIC invar: 0.0023  VIC total block: 0.0371
[2026-04-26 21:11:47,640][__main__][INFO] - Validation:  Bisim_loss: 0.3098                      z_loss: 0.0998  z_proprio_loss: 0.0077                     Bisim z_dist: 1.7037  Bisim r_dist: 0.0384                      Var reg: 0.1746  Transition_dist: 1.7633                     Cov reg: 0.0000  VIC invar: 0.0111  VIC total block: 0.1858
[2026-04-26 21:11:47,913][__main__][INFO] - Saved model to /home/gloria/Bis-JEPA/outputs/2026-04-25/21-18-46
[2026-04-26 21:26:17,115][__main__][INFO] - Epoch 100  Training loss: 0.1419  Validation loss: 0.4116
[2026-04-26 21:26:17,115][__main__][INFO] - Train:  Bisim_loss: 0.0842                      z_loss: 0.0577  z_proprio_loss: 0.0061                     Bisim z_dist: 1.7788  Bisim r_dist: 0.0296                      Var reg (comparable to PCA var col): 0.0348  Transition_dist: 1.8387                     Cov reg (comparable to PCA cov col): 0.0000  VIC invar: 0.0023  VIC total block: 0.0371
[2026-04-26 21:26:17,115][__main__][INFO] - Validation:  Bisim_loss: 0.3119                      z_loss: 0.0997  z_proprio_loss: 0.0078                     Bisim z_dist: 1.7223  Bisim r_dist: 0.0368                      Var reg: 0.1746  Transition_dist: 1.7796                     Cov reg: 0.0000  VIC invar: 0.0112  VIC total block: 0.1859
[2026-04-26 21:26:17,309][__main__][INFO] - Saved model to /home/gloria/Bis-JEPA/outputs/2026-04-25/21-18-46
