[2026-04-27 19:35:14,779][__main__][INFO] - Model saved dir: /home/gloria/Bis-JEPA/outputs/2026-04-27/19-35-14
[2026-04-27 19:35:14,818][__main__][INFO] - rank: 0  model_name: 2026-04-27/19-35-14_pusht_f5_h3_p1
[2026-04-27 19:35:14,818][__main__][INFO] - device: cuda   model_name: 2026-04-27/19-35-14_pusht_f5_h3_p1
[2026-04-27 19:35:21,695][__main__][INFO] - Loading dataset from /home/gloria/Bis-JEPA/datasets/data/pusht_noise ...
[2026-04-27 19:35:22,380][__main__][INFO] - dataloader batch size: 40
[2026-04-27 19:35:22,382][__main__][INFO] - Train encoder, predictor, decoder, bisim, train_w_std_loss, train_w_reward_loss:            False,            True,            True,            True,            True,            False
[2026-04-27 19:35:22,400][dinov2][INFO] - using MLP layer as FFN
[2026-04-27 19:35:22,952][__main__][INFO] - Initializing predictor with bisimulation latent dim: 64
[2026-04-27 19:35:23,052][__main__][INFO] - Initialized bisimulation model with latent dim 64
[2026-04-27 19:35:23,053][__main__][INFO] - Bypass encoder mode: False
[2026-04-27 19:35:23,054][__main__][INFO] - Training obs -> dinov2_vits14 -> bisim
[2026-04-27 19:50:07,629][__main__][INFO] - Epoch 1  Training loss: 0.4334  Validation loss: 0.3958
[2026-04-27 19:50:07,630][__main__][INFO] - Train:  Bisim_loss: 3.8607                      z_loss: 0.4334  z_proprio_loss: 0.2736                     Bisim z_dist: 3.5483  Bisim r_dist: 0.0575                      Var reg (comparable to PCA var col): 0.0339  Transition_dist: 2.4966                     Cov reg (comparable to PCA cov col): 0.0001  VIC invar: 0.0043  VIC total block: 0.0383
[2026-04-27 19:50:07,630][__main__][INFO] - Validation:  Bisim_loss: 0.5805                      z_loss: 0.3958  z_proprio_loss: 0.1704                     Bisim z_dist: 2.0253  Bisim r_dist: 0.0637                      Var reg: 0.1719  Transition_dist: 1.9354                     Cov reg: 0.0001  VIC invar: 0.0132  VIC total block: 0.1852
[2026-04-27 19:50:07,764][__main__][INFO] - Saved model to /home/gloria/Bis-JEPA/outputs/2026-04-27/19-35-14
[2026-04-27 20:05:02,853][__main__][INFO] - Epoch 2  Training loss: 0.3822  Validation loss: 0.3865
[2026-04-27 20:05:02,854][__main__][INFO] - Train:  Bisim_loss: 3.6807                      z_loss: 0.3822  z_proprio_loss: 0.1334                     Bisim z_dist: 3.5988  Bisim r_dist: 0.0517                      Var reg (comparable to PCA var col): 0.0327  Transition_dist: 2.5295                     Cov reg (comparable to PCA cov col): 0.0001  VIC invar: 0.0042  VIC total block: 0.0371
[2026-04-27 20:05:02,854][__main__][INFO] - Validation:  Bisim_loss: 0.5663                      z_loss: 0.3865  z_proprio_loss: 0.1138                     Bisim z_dist: 2.0518  Bisim r_dist: 0.0583                      Var reg: 0.1720  Transition_dist: 1.9590                     Cov reg: 0.0001  VIC invar: 0.0134  VIC total block: 0.1854
[2026-04-27 20:05:03,049][__main__][INFO] - Saved model to /home/gloria/Bis-JEPA/outputs/2026-04-27/19-35-14
[2026-04-27 20:20:43,239][__main__][INFO] - Epoch 3  Training loss: 0.3797  Validation loss: 0.3706
[2026-04-27 20:20:43,239][__main__][INFO] - Train:  Bisim_loss: 3.5598                      z_loss: 0.3797  z_proprio_loss: 0.0987                     Bisim z_dist: 3.5450  Bisim r_dist: 0.0574                      Var reg (comparable to PCA var col): 0.0328  Transition_dist: 2.5039                     Cov reg (comparable to PCA cov col): 0.0002  VIC invar: 0.0041  VIC total block: 0.0371
[2026-04-27 20:20:43,239][__main__][INFO] - Validation:  Bisim_loss: 0.4877                      z_loss: 0.3706  z_proprio_loss: 0.0879                     Bisim z_dist: 1.8656  Bisim r_dist: 0.0604                      Var reg: 0.1734  Transition_dist: 1.8654                     Cov reg: 0.0001  VIC invar: 0.0122  VIC total block: 0.1857
[2026-04-27 20:20:43,512][__main__][INFO] - Saved model to /home/gloria/Bis-JEPA/outputs/2026-04-27/19-35-14
[2026-04-27 20:35:48,059][__main__][INFO] - Epoch 4  Training loss: 0.3611  Validation loss: 0.3424
[2026-04-27 20:35:48,060][__main__][INFO] - Train:  Bisim_loss: 2.1364                      z_loss: 0.3611  z_proprio_loss: 0.0801                     Bisim z_dist: 3.0351  Bisim r_dist: 0.0563                      Var reg (comparable to PCA var col): 0.0336  Transition_dist: 2.3256                     Cov reg (comparable to PCA cov col): 0.0001  VIC invar: 0.0035  VIC total block: 0.0372
[2026-04-27 20:35:48,060][__main__][INFO] - Validation:  Bisim_loss: 0.4512                      z_loss: 0.3424  z_proprio_loss: 0.0732                     Bisim z_dist: 1.7431  Bisim r_dist: 0.0541                      Var reg: 0.1745  Transition_dist: 1.8000                     Cov reg: 0.0000  VIC invar: 0.0114  VIC total block: 0.1859
[2026-04-27 20:35:48,273][__main__][INFO] - Saved model to /home/gloria/Bis-JEPA/outputs/2026-04-27/19-35-14
[2026-04-27 20:51:09,897][__main__][INFO] - Epoch 5  Training loss: 0.3283  Validation loss: 0.2964
[2026-04-27 20:51:09,897][__main__][INFO] - Train:  Bisim_loss: 1.5739                      z_loss: 0.3283  z_proprio_loss: 0.0684                     Bisim z_dist: 2.6884  Bisim r_dist: 0.0540                      Var reg (comparable to PCA var col): 0.0340  Transition_dist: 2.1868                     Cov reg (comparable to PCA cov col): 0.0001  VIC invar: 0.0031  VIC total block: 0.0372
[2026-04-27 20:51:09,898][__main__][INFO] - Validation:  Bisim_loss: 0.4548                      z_loss: 0.2964  z_proprio_loss: 0.0567                     Bisim z_dist: 1.6830  Bisim r_dist: 0.0693                      Var reg: 0.1752  Transition_dist: 1.7693                     Cov reg: 0.0000  VIC invar: 0.0110  VIC total block: 0.1862
[2026-04-27 20:51:10,170][__main__][INFO] - Saved model to /home/gloria/Bis-JEPA/outputs/2026-04-27/19-35-14
[2026-04-27 21:05:02,110][__main__][INFO] - Epoch 6  Training loss: 0.2843  Validation loss: 0.2451
[2026-04-27 21:05:02,119][__main__][INFO] - Train:  Bisim_loss: 1.1382                      z_loss: 0.2843  z_proprio_loss: 0.0597                     Bisim z_dist: 2.3019  Bisim r_dist: 0.0508                      Var reg (comparable to PCA var col): 0.0346  Transition_dist: 2.0192                     Cov reg (comparable to PCA cov col): 0.0001  VIC invar: 0.0027  VIC total block: 0.0373
[2026-04-27 21:05:02,119][__main__][INFO] - Validation:  Bisim_loss: 0.4207                      z_loss: 0.2451  z_proprio_loss: 0.0473                     Bisim z_dist: 1.5638  Bisim r_dist: 0.0544                      Var reg: 0.1764  Transition_dist: 1.7122                     Cov reg: 0.0000  VIC invar: 0.0102  VIC total block: 0.1866
[2026-04-27 21:05:02,304][__main__][INFO] - Saved model to /home/gloria/Bis-JEPA/outputs/2026-04-27/19-35-14
[2026-04-27 21:19:24,978][__main__][INFO] - Epoch 7  Training loss: 0.2355  Validation loss: 0.1954
[2026-04-27 21:19:24,978][__main__][INFO] - Train:  Bisim_loss: 0.4285                      z_loss: 0.2355  z_proprio_loss: 0.0534                     Bisim z_dist: 1.7590  Bisim r_dist: 0.0434                      Var reg (comparable to PCA var col): 0.0354  Transition_dist: 1.7924                     Cov reg (comparable to PCA cov col): 0.0000  VIC invar: 0.0021  VIC total block: 0.0375
[2026-04-27 21:19:24,978][__main__][INFO] - Validation:  Bisim_loss: 0.4158                      z_loss: 0.1954  z_proprio_loss: 0.0391                     Bisim z_dist: 1.4416  Bisim r_dist: 0.0534                      Var reg: 0.1778  Transition_dist: 1.6379                     Cov reg: 0.0000  VIC invar: 0.0094  VIC total block: 0.1872
[2026-04-27 21:19:25,169][__main__][INFO] - Saved model to /home/gloria/Bis-JEPA/outputs/2026-04-27/19-35-14
[2026-04-27 21:35:35,635][__main__][INFO] - Epoch 8  Training loss: 0.1972  Validation loss: 0.1621
[2026-04-27 21:35:35,636][__main__][INFO] - Train:  Bisim_loss: 0.2908                      z_loss: 0.1972  z_proprio_loss: 0.0483                     Bisim z_dist: 1.5663  Bisim r_dist: 0.0405                      Var reg (comparable to PCA var col): 0.0356  Transition_dist: 1.7020                     Cov reg (comparable to PCA cov col): 0.0000  VIC invar: 0.0019  VIC total block: 0.0375
[2026-04-27 21:35:35,636][__main__][INFO] - Validation:  Bisim_loss: 0.4156                      z_loss: 0.1621  z_proprio_loss: 0.0336                     Bisim z_dist: 1.4116  Bisim r_dist: 0.0519                      Var reg: 0.1781  Transition_dist: 1.6202                     Cov reg: 0.0000  VIC invar: 0.0092  VIC total block: 0.1873
[2026-04-27 21:35:35,825][__main__][INFO] - Saved model to /home/gloria/Bis-JEPA/outputs/2026-04-27/19-35-14
[2026-04-27 21:51:50,198][__main__][INFO] - Epoch 9  Training loss: 0.1742  Validation loss: 0.1390
[2026-04-27 21:51:50,199][__main__][INFO] - Train:  Bisim_loss: 0.3470                      z_loss: 0.1742  z_proprio_loss: 0.0442                     Bisim z_dist: 1.5788  Bisim r_dist: 0.0391                      Var reg (comparable to PCA var col): 0.0357  Transition_dist: 1.6945                     Cov reg (comparable to PCA cov col): 0.0000  VIC invar: 0.0019  VIC total block: 0.0376
[2026-04-27 21:51:50,199][__main__][INFO] - Validation:  Bisim_loss: 0.4088                      z_loss: 0.1390  z_proprio_loss: 0.0297                     Bisim z_dist: 1.3134  Bisim r_dist: 0.0449                      Var reg: 0.1790  Transition_dist: 1.5602                     Cov reg: 0.0000  VIC invar: 0.0086  VIC total block: 0.1876
[2026-04-27 21:51:50,391][__main__][INFO] - Saved model to /home/gloria/Bis-JEPA/outputs/2026-04-27/19-35-14
[2026-04-27 22:07:57,379][__main__][INFO] - Epoch 10  Training loss: 0.1632  Validation loss: 0.1364
[2026-04-27 22:07:57,387][__main__][INFO] - Train:  Bisim_loss: 0.3704                      z_loss: 0.1632  z_proprio_loss: 0.0406                     Bisim z_dist: 1.6733  Bisim r_dist: 0.0389                      Var reg (comparable to PCA var col): 0.0355  Transition_dist: 1.7400                     Cov reg (comparable to PCA cov col): 0.0000  VIC invar: 0.0020  VIC total block: 0.0375
[2026-04-27 22:07:57,388][__main__][INFO] - Validation:  Bisim_loss: 0.4103                      z_loss: 0.1364  z_proprio_loss: 0.0272                     Bisim z_dist: 1.2903  Bisim r_dist: 0.0510                      Var reg: 0.1793  Transition_dist: 1.5458                     Cov reg: 0.0000  VIC invar: 0.0084  VIC total block: 0.1877
[2026-04-27 22:07:57,602][__main__][INFO] - Saved model to /home/gloria/Bis-JEPA/outputs/2026-04-27/19-35-14
[2026-04-27 22:23:19,018][__main__][INFO] - Epoch 11  Training loss: 0.1572  Validation loss: 0.1329
[2026-04-27 22:23:19,019][__main__][INFO] - Train:  Bisim_loss: 0.5292                      z_loss: 0.1572  z_proprio_loss: 0.0378                     Bisim z_dist: 1.8438  Bisim r_dist: 0.0365                      Var reg (comparable to PCA var col): 0.0353  Transition_dist: 1.8097                     Cov reg (comparable to PCA cov col): 0.0000  VIC invar: 0.0022  VIC total block: 0.0375
[2026-04-27 22:23:19,019][__main__][INFO] - Validation:  Bisim_loss: 0.4067                      z_loss: 0.1329  z_proprio_loss: 0.0238                     Bisim z_dist: 1.2589  Bisim r_dist: 0.0479                      Var reg: 0.1798  Transition_dist: 1.5278                     Cov reg: 0.0000  VIC invar: 0.0082  VIC total block: 0.1880
[2026-04-27 22:23:19,251][__main__][INFO] - Saved model to /home/gloria/Bis-JEPA/outputs/2026-04-27/19-35-14
[2026-04-27 22:38:42,399][__main__][INFO] - Epoch 12  Training loss: 0.1557  Validation loss: 0.1314
[2026-04-27 22:38:42,400][__main__][INFO] - Train:  Bisim_loss: 0.5409                      z_loss: 0.1557  z_proprio_loss: 0.0357                     Bisim z_dist: 1.8838  Bisim r_dist: 0.0349                      Var reg (comparable to PCA var col): 0.0352  Transition_dist: 1.8258                     Cov reg (comparable to PCA cov col): 0.0000  VIC invar: 0.0022  VIC total block: 0.0375
[2026-04-27 22:38:42,400][__main__][INFO] - Validation:  Bisim_loss: 0.4134                      z_loss: 0.1314  z_proprio_loss: 0.0231                     Bisim z_dist: 1.2675  Bisim r_dist: 0.0460                      Var reg: 0.1797  Transition_dist: 1.5315                     Cov reg: 0.0000  VIC invar: 0.0083  VIC total block: 0.1880
[2026-04-27 22:38:42,573][__main__][INFO] - Saved model to /home/gloria/Bis-JEPA/outputs/2026-04-27/19-35-14
[2026-04-27 22:54:56,475][__main__][INFO] - Epoch 13  Training loss: 0.1570  Validation loss: 0.1344
[2026-04-27 22:54:56,475][__main__][INFO] - Train:  Bisim_loss: 0.9810                      z_loss: 0.1570  z_proprio_loss: 0.0341                     Bisim z_dist: 2.1787  Bisim r_dist: 0.0385                      Var reg (comparable to PCA var col): 0.0348  Transition_dist: 1.9448                     Cov reg (comparable to PCA cov col): 0.0001  VIC invar: 0.0025  VIC total block: 0.0374
[2026-04-27 22:54:56,475][__main__][INFO] - Validation:  Bisim_loss: 0.4147                      z_loss: 0.1344  z_proprio_loss: 0.0222                     Bisim z_dist: 1.2157  Bisim r_dist: 0.0419                      Var reg: 0.1803  Transition_dist: 1.4996                     Cov reg: 0.0000  VIC invar: 0.0079  VIC total block: 0.1883
[2026-04-27 22:54:56,741][__main__][INFO] - Saved model to /home/gloria/Bis-JEPA/outputs/2026-04-27/19-35-14
[2026-04-27 23:10:32,521][__main__][INFO] - Epoch 14  Training loss: 0.1576  Validation loss: 0.1415
[2026-04-27 23:10:32,521][__main__][INFO] - Train:  Bisim_loss: 1.0323                      z_loss: 0.1576  z_proprio_loss: 0.0326                     Bisim z_dist: 2.2458  Bisim r_dist: 0.0342                      Var reg (comparable to PCA var col): 0.0348  Transition_dist: 1.9736                     Cov reg (comparable to PCA cov col): 0.0001  VIC invar: 0.0026  VIC total block: 0.0374
[2026-04-27 23:10:32,522][__main__][INFO] - Validation:  Bisim_loss: 0.4112                      z_loss: 0.1415  z_proprio_loss: 0.0221                     Bisim z_dist: 1.1722  Bisim r_dist: 0.0517                      Var reg: 0.1806  Transition_dist: 1.4691                     Cov reg: 0.0000  VIC invar: 0.0077  VIC total block: 0.1883
[2026-04-27 23:10:32,699][__main__][INFO] - Saved model to /home/gloria/Bis-JEPA/outputs/2026-04-27/19-35-14
[2026-04-27 23:26:05,613][__main__][INFO] - Epoch 15  Training loss: 0.1619  Validation loss: 0.1404
[2026-04-27 23:26:05,613][__main__][INFO] - Train:  Bisim_loss: 1.2521                      z_loss: 0.1619  z_proprio_loss: 0.0318                     Bisim z_dist: 2.3494  Bisim r_dist: 0.0347                      Var reg (comparable to PCA var col): 0.0346  Transition_dist: 2.0120                     Cov reg (comparable to PCA cov col): 0.0001  VIC invar: 0.0027  VIC total block: 0.0374
[2026-04-27 23:26:05,613][__main__][INFO] - Validation:  Bisim_loss: 0.4085                      z_loss: 0.1404  z_proprio_loss: 0.0215                     Bisim z_dist: 1.2225  Bisim r_dist: 0.0426                      Var reg: 0.1802  Transition_dist: 1.5097                     Cov reg: 0.0000  VIC invar: 0.0080  VIC total block: 0.1882
[2026-04-27 23:26:05,789][__main__][INFO] - Saved model to /home/gloria/Bis-JEPA/outputs/2026-04-27/19-35-14
[2026-04-27 23:41:39,092][__main__][INFO] - Epoch 16  Training loss: 0.1659  Validation loss: 0.1494
[2026-04-27 23:41:39,092][__main__][INFO] - Train:  Bisim_loss: 1.8926                      z_loss: 0.1659  z_proprio_loss: 0.0312                     Bisim z_dist: 2.6337  Bisim r_dist: 0.0341                      Var reg (comparable to PCA var col): 0.0343  Transition_dist: 2.1215                     Cov reg (comparable to PCA cov col): 0.0001  VIC invar: 0.0030  VIC total block: 0.0374
[2026-04-27 23:41:39,092][__main__][INFO] - Validation:  Bisim_loss: 0.3989                      z_loss: 0.1494  z_proprio_loss: 0.0216                     Bisim z_dist: 1.2613  Bisim r_dist: 0.0387                      Var reg: 0.1798  Transition_dist: 1.5272                     Cov reg: 0.0000  VIC invar: 0.0082  VIC total block: 0.1880
[2026-04-27 23:41:39,313][__main__][INFO] - Saved model to /home/gloria/Bis-JEPA/outputs/2026-04-27/19-35-14
[2026-04-27 23:57:18,098][__main__][INFO] - Epoch 17  Training loss: 0.1721  Validation loss: 0.1560
[2026-04-27 23:57:18,099][__main__][INFO] - Train:  Bisim_loss: 1.5485                      z_loss: 0.1721  z_proprio_loss: 0.0306                     Bisim z_dist: 2.5736  Bisim r_dist: 0.0354                      Var reg (comparable to PCA var col): 0.0343  Transition_dist: 2.1086                     Cov reg (comparable to PCA cov col): 0.0001  VIC invar: 0.0030  VIC total block: 0.0373
[2026-04-27 23:57:18,099][__main__][INFO] - Validation:  Bisim_loss: 0.4208                      z_loss: 0.1560  z_proprio_loss: 0.0224                     Bisim z_dist: 1.3596  Bisim r_dist: 0.0440                      Var reg: 0.1784  Transition_dist: 1.5873                     Cov reg: 0.0000  VIC invar: 0.0089  VIC total block: 0.1874
[2026-04-27 23:57:18,326][__main__][INFO] - Saved model to /home/gloria/Bis-JEPA/outputs/2026-04-27/19-35-14
[2026-04-28 00:12:48,306][__main__][INFO] - Epoch 18  Training loss: 0.1774  Validation loss: 0.1684
[2026-04-28 00:12:48,307][__main__][INFO] - Train:  Bisim_loss: 2.6235                      z_loss: 0.1774  z_proprio_loss: 0.0306                     Bisim z_dist: 2.9474  Bisim r_dist: 0.0321                      Var reg (comparable to PCA var col): 0.0339  Transition_dist: 2.2403                     Cov reg (comparable to PCA cov col): 0.0001  VIC invar: 0.0034  VIC total block: 0.0374
[2026-04-28 00:12:48,307][__main__][INFO] - Validation:  Bisim_loss: 0.4178                      z_loss: 0.1684  z_proprio_loss: 0.0235                     Bisim z_dist: 1.3546  Bisim r_dist: 0.0426                      Var reg: 0.1787  Transition_dist: 1.5770                     Cov reg: 0.0000  VIC invar: 0.0088  VIC total block: 0.1876
[2026-04-28 00:12:48,575][__main__][INFO] - Saved model to /home/gloria/Bis-JEPA/outputs/2026-04-27/19-35-14
[2026-04-28 00:28:23,885][__main__][INFO] - Epoch 19  Training loss: 0.1824  Validation loss: 0.1702
[2026-04-28 00:28:23,885][__main__][INFO] - Train:  Bisim_loss: 2.9713                      z_loss: 0.1824  z_proprio_loss: 0.0304                     Bisim z_dist: 3.0411  Bisim r_dist: 0.0378                      Var reg (comparable to PCA var col): 0.0337  Transition_dist: 2.2739                     Cov reg (comparable to PCA cov col): 0.0001  VIC invar: 0.0035  VIC total block: 0.0374
[2026-04-28 00:28:23,885][__main__][INFO] - Validation:  Bisim_loss: 0.4172                      z_loss: 0.1702  z_proprio_loss: 0.0213                     Bisim z_dist: 1.3483  Bisim r_dist: 0.0420                      Var reg: 0.1789  Transition_dist: 1.5779                     Cov reg: 0.0000  VIC invar: 0.0088  VIC total block: 0.1877
[2026-04-28 00:28:24,129][__main__][INFO] - Saved model to /home/gloria/Bis-JEPA/outputs/2026-04-27/19-35-14
[2026-04-28 00:44:07,684][__main__][INFO] - Epoch 20  Training loss: 0.1887  Validation loss: 0.1699
[2026-04-28 00:44:07,685][__main__][INFO] - Train:  Bisim_loss: 2.5193                      z_loss: 0.1887  z_proprio_loss: 0.0303                     Bisim z_dist: 2.9144  Bisim r_dist: 0.0298                      Var reg (comparable to PCA var col): 0.0339  Transition_dist: 2.2359                     Cov reg (comparable to PCA cov col): 0.0001  VIC invar: 0.0034  VIC total block: 0.0374
[2026-04-28 00:44:07,685][__main__][INFO] - Validation:  Bisim_loss: 0.4105                      z_loss: 0.1699  z_proprio_loss: 0.0235                     Bisim z_dist: 1.4015  Bisim r_dist: 0.0348                      Var reg: 0.1782  Transition_dist: 1.6199                     Cov reg: 0.0000  VIC invar: 0.0091  VIC total block: 0.1874
[2026-04-28 00:44:08,038][__main__][INFO] - Saved model to /home/gloria/Bis-JEPA/outputs/2026-04-27/19-35-14
[2026-04-28 00:59:52,751][__main__][INFO] - Epoch 21  Training loss: 0.1973  Validation loss: 0.1781
[2026-04-28 00:59:52,752][__main__][INFO] - Train:  Bisim_loss: 2.6655                      z_loss: 0.1973  z_proprio_loss: 0.0304                     Bisim z_dist: 3.0520  Bisim r_dist: 0.0301                      Var reg (comparable to PCA var col): 0.0337  Transition_dist: 2.2922                     Cov reg (comparable to PCA cov col): 0.0001  VIC invar: 0.0035  VIC total block: 0.0373
[2026-04-28 00:59:52,752][__main__][INFO] - Validation:  Bisim_loss: 0.4066                      z_loss: 0.1781  z_proprio_loss: 0.0252                     Bisim z_dist: 1.4033  Bisim r_dist: 0.0337                      Var reg: 0.1782  Transition_dist: 1.6120                     Cov reg: 0.0000  VIC invar: 0.0092  VIC total block: 0.1874
[2026-04-28 00:59:53,071][__main__][INFO] - Saved model to /home/gloria/Bis-JEPA/outputs/2026-04-27/19-35-14
[2026-04-28 01:13:44,717][__main__][INFO] - Epoch 22  Training loss: 0.2029  Validation loss: 0.1870
[2026-04-28 01:13:44,718][__main__][INFO] - Train:  Bisim_loss: 4.4475                      z_loss: 0.2029  z_proprio_loss: 0.0307                     Bisim z_dist: 3.4112  Bisim r_dist: 0.0350                      Var reg (comparable to PCA var col): 0.0333  Transition_dist: 2.4062                     Cov reg (comparable to PCA cov col): 0.0002  VIC invar: 0.0039  VIC total block: 0.0374
[2026-04-28 01:13:44,718][__main__][INFO] - Validation:  Bisim_loss: 0.4165                      z_loss: 0.1870  z_proprio_loss: 0.0252                     Bisim z_dist: 1.4907  Bisim r_dist: 0.0333                      Var reg: 0.1773  Transition_dist: 1.6697                     Cov reg: 0.0000  VIC invar: 0.0097  VIC total block: 0.1871
[2026-04-28 01:13:44,953][__main__][INFO] - Saved model to /home/gloria/Bis-JEPA/outputs/2026-04-27/19-35-14
[2026-04-28 01:23:36,229][__main__][INFO] - Epoch 23  Training loss: 0.2135  Validation loss: 0.1978
[2026-04-28 01:23:36,230][__main__][INFO] - Train:  Bisim_loss: 4.1824                      z_loss: 0.2135  z_proprio_loss: 0.0310                     Bisim z_dist: 3.3744  Bisim r_dist: 0.0311                      Var reg (comparable to PCA var col): 0.0333  Transition_dist: 2.4013                     Cov reg (comparable to PCA cov col): 0.0002  VIC invar: 0.0039  VIC total block: 0.0374
[2026-04-28 01:23:36,230][__main__][INFO] - Validation:  Bisim_loss: 0.3905                      z_loss: 0.1978  z_proprio_loss: 0.0277                     Bisim z_dist: 1.4166  Bisim r_dist: 0.0267                      Var reg: 0.1780  Transition_dist: 1.6144                     Cov reg: 0.0000  VIC invar: 0.0092  VIC total block: 0.1873
[2026-04-28 01:23:36,372][__main__][INFO] - Saved model to /home/gloria/Bis-JEPA/outputs/2026-04-27/19-35-14
[2026-04-28 01:32:01,719][__main__][INFO] - Epoch 24  Training loss: 0.2205  Validation loss: 0.2036
[2026-04-28 01:32:01,719][__main__][INFO] - Train:  Bisim_loss: 4.2454                      z_loss: 0.2205  z_proprio_loss: 0.0313                     Bisim z_dist: 3.4906  Bisim r_dist: 0.0327                      Var reg (comparable to PCA var col): 0.0331  Transition_dist: 2.4404                     Cov reg (comparable to PCA cov col): 0.0002  VIC invar: 0.0040  VIC total block: 0.0373
[2026-04-28 01:32:01,719][__main__][INFO] - Validation:  Bisim_loss: 0.4323                      z_loss: 0.2036  z_proprio_loss: 0.0251                     Bisim z_dist: 1.5485  Bisim r_dist: 0.0324                      Var reg: 0.1767  Transition_dist: 1.6970                     Cov reg: 0.0001  VIC invar: 0.0101  VIC total block: 0.1869
[2026-04-28 01:32:01,863][__main__][INFO] - Saved model to /home/gloria/Bis-JEPA/outputs/2026-04-27/19-35-14
[2026-04-28 01:40:52,288][__main__][INFO] - Epoch 25  Training loss: 0.2274  Validation loss: 0.2123
[2026-04-28 01:40:52,289][__main__][INFO] - Train:  Bisim_loss: 5.0219                      z_loss: 0.2274  z_proprio_loss: 0.0315                     Bisim z_dist: 3.6110  Bisim r_dist: 0.0314                      Var reg (comparable to PCA var col): 0.0330  Transition_dist: 2.4794                     Cov reg (comparable to PCA cov col): 0.0002  VIC invar: 0.0041  VIC total block: 0.0374
[2026-04-28 01:40:52,289][__main__][INFO] - Validation:  Bisim_loss: 0.4340                      z_loss: 0.2123  z_proprio_loss: 0.0266                     Bisim z_dist: 1.5926  Bisim r_dist: 0.0296                      Var reg: 0.1764  Transition_dist: 1.7219                     Cov reg: 0.0000  VIC invar: 0.0104  VIC total block: 0.1869
[2026-04-28 01:40:52,452][__main__][INFO] - Saved model to /home/gloria/Bis-JEPA/outputs/2026-04-27/19-35-14
[2026-04-28 01:49:50,892][__main__][INFO] - Epoch 26  Training loss: 0.2355  Validation loss: 0.2345
[2026-04-28 01:49:50,892][__main__][INFO] - Train:  Bisim_loss: 6.1071                      z_loss: 0.2355  z_proprio_loss: 0.0316                     Bisim z_dist: 3.9148  Bisim r_dist: 0.0314                      Var reg (comparable to PCA var col): 0.0326  Transition_dist: 2.5937                     Cov reg (comparable to PCA cov col): 0.0003  VIC invar: 0.0046  VIC total block: 0.0375
[2026-04-28 01:49:50,892][__main__][INFO] - Validation:  Bisim_loss: 0.4392                      z_loss: 0.2345  z_proprio_loss: 0.0268                     Bisim z_dist: 1.6682  Bisim r_dist: 0.0366                      Var reg: 0.1754  Transition_dist: 1.7614                     Cov reg: 0.0001  VIC invar: 0.0109  VIC total block: 0.1864
[2026-04-28 01:49:51,035][__main__][INFO] - Saved model to /home/gloria/Bis-JEPA/outputs/2026-04-27/19-35-14
[2026-04-28 01:58:37,960][__main__][INFO] - Epoch 27  Training loss: 0.2454  Validation loss: 0.2248
[2026-04-28 01:58:37,960][__main__][INFO] - Train:  Bisim_loss: 5.5439                      z_loss: 0.2454  z_proprio_loss: 0.0319                     Bisim z_dist: 3.9304  Bisim r_dist: 0.0337                      Var reg (comparable to PCA var col): 0.0326  Transition_dist: 2.6138                     Cov reg (comparable to PCA cov col): 0.0002  VIC invar: 0.0046  VIC total block: 0.0374
[2026-04-28 01:58:37,960][__main__][INFO] - Validation:  Bisim_loss: 0.4479                      z_loss: 0.2248  z_proprio_loss: 0.0285                     Bisim z_dist: 1.5922  Bisim r_dist: 0.0329                      Var reg: 0.1763  Transition_dist: 1.7175                     Cov reg: 0.0001  VIC invar: 0.0104  VIC total block: 0.1867
[2026-04-28 01:58:38,102][__main__][INFO] - Saved model to /home/gloria/Bis-JEPA/outputs/2026-04-27/19-35-14
[2026-04-28 02:07:05,485][__main__][INFO] - Epoch 28  Training loss: 0.2503  Validation loss: 0.2420
[2026-04-28 02:07:05,486][__main__][INFO] - Train:  Bisim_loss: 6.1996                      z_loss: 0.2503  z_proprio_loss: 0.0325                     Bisim z_dist: 3.9229  Bisim r_dist: 0.0289                      Var reg (comparable to PCA var col): 0.0326  Transition_dist: 2.6013                     Cov reg (comparable to PCA cov col): 0.0003  VIC invar: 0.0046  VIC total block: 0.0374
[2026-04-28 02:07:05,486][__main__][INFO] - Validation:  Bisim_loss: 0.3995                      z_loss: 0.2420  z_proprio_loss: 0.0292                     Bisim z_dist: 1.5978  Bisim r_dist: 0.0255                      Var reg: 0.1761  Transition_dist: 1.7180                     Cov reg: 0.0000  VIC invar: 0.0104  VIC total block: 0.1866
[2026-04-28 02:07:05,632][__main__][INFO] - Saved model to /home/gloria/Bis-JEPA/outputs/2026-04-27/19-35-14
[2026-04-28 02:16:01,918][__main__][INFO] - Epoch 29  Training loss: 0.2613  Validation loss: 0.2494
[2026-04-28 02:16:01,926][__main__][INFO] - Train:  Bisim_loss: 7.1680                      z_loss: 0.2613  z_proprio_loss: 0.0326                     Bisim z_dist: 4.2105  Bisim r_dist: 0.0310                      Var reg (comparable to PCA var col): 0.0323  Transition_dist: 2.6941                     Cov reg (comparable to PCA cov col): 0.0003  VIC invar: 0.0049  VIC total block: 0.0374
[2026-04-28 02:16:01,926][__main__][INFO] - Validation:  Bisim_loss: 0.4287                      z_loss: 0.2494  z_proprio_loss: 0.0285                     Bisim z_dist: 1.6262  Bisim r_dist: 0.0250                      Var reg: 0.1759  Transition_dist: 1.7251                     Cov reg: 0.0000  VIC invar: 0.0106  VIC total block: 0.1865
[2026-04-28 02:16:02,073][__main__][INFO] - Saved model to /home/gloria/Bis-JEPA/outputs/2026-04-27/19-35-14
[2026-04-28 02:25:20,431][__main__][INFO] - Epoch 30  Training loss: 0.2713  Validation loss: 0.2558
[2026-04-28 02:25:20,431][__main__][INFO] - Train:  Bisim_loss: 6.3667                      z_loss: 0.2713  z_proprio_loss: 0.0330                     Bisim z_dist: 4.1135  Bisim r_dist: 0.0257                      Var reg (comparable to PCA var col): 0.0323  Transition_dist: 2.6693                     Cov reg (comparable to PCA cov col): 0.0002  VIC invar: 0.0048  VIC total block: 0.0373
[2026-04-28 02:25:20,432][__main__][INFO] - Validation:  Bisim_loss: 0.4238                      z_loss: 0.2558  z_proprio_loss: 0.0287                     Bisim z_dist: 1.5168  Bisim r_dist: 0.0374                      Var reg: 0.1771  Transition_dist: 1.6711                     Cov reg: 0.0000  VIC invar: 0.0099  VIC total block: 0.1870
[2026-04-28 02:25:20,570][__main__][INFO] - Saved model to /home/gloria/Bis-JEPA/outputs/2026-04-27/19-35-14
[2026-04-28 02:33:28,546][__main__][INFO] - Epoch 31  Training loss: 0.2799  Validation loss: 0.2680
[2026-04-28 02:33:28,546][__main__][INFO] - Train:  Bisim_loss: 6.4071                      z_loss: 0.2799  z_proprio_loss: 0.0331                     Bisim z_dist: 4.1062  Bisim r_dist: 0.0294                      Var reg (comparable to PCA var col): 0.0324  Transition_dist: 2.6644                     Cov reg (comparable to PCA cov col): 0.0002  VIC invar: 0.0048  VIC total block: 0.0374
[2026-04-28 02:33:28,546][__main__][INFO] - Validation:  Bisim_loss: 0.4605                      z_loss: 0.2680  z_proprio_loss: 0.0290                     Bisim z_dist: 1.7480  Bisim r_dist: 0.0190                      Var reg: 0.1746  Transition_dist: 1.7930                     Cov reg: 0.0001  VIC invar: 0.0114  VIC total block: 0.1861
[2026-04-28 02:33:28,691][__main__][INFO] - Saved model to /home/gloria/Bis-JEPA/outputs/2026-04-27/19-35-14
[2026-04-28 02:41:53,606][__main__][INFO] - Epoch 32  Training loss: 0.2902  Validation loss: 0.2787
[2026-04-28 02:41:53,614][__main__][INFO] - Train:  Bisim_loss: 10.6946                      z_loss: 0.2902  z_proprio_loss: 0.0336                     Bisim z_dist: 4.7220  Bisim r_dist: 0.0346                      Var reg (comparable to PCA var col): 0.0318  Transition_dist: 2.8320                     Cov reg (comparable to PCA cov col): 0.0004  VIC invar: 0.0055  VIC total block: 0.0376
[2026-04-28 02:41:53,614][__main__][INFO] - Validation:  Bisim_loss: 0.4763                      z_loss: 0.2787  z_proprio_loss: 0.0298                     Bisim z_dist: 1.7161  Bisim r_dist: 0.0279                      Var reg: 0.1750  Transition_dist: 1.7755                     Cov reg: 0.0001  VIC invar: 0.0112  VIC total block: 0.1862
[2026-04-28 02:41:53,766][__main__][INFO] - Saved model to /home/gloria/Bis-JEPA/outputs/2026-04-27/19-35-14
[2026-04-28 02:49:46,471][__main__][INFO] - Epoch 33  Training loss: 0.3003  Validation loss: 0.2837
[2026-04-28 02:49:46,472][__main__][INFO] - Train:  Bisim_loss: 10.0122                      z_loss: 0.3003  z_proprio_loss: 0.0341                     Bisim z_dist: 4.5900  Bisim r_dist: 0.0433                      Var reg (comparable to PCA var col): 0.0319  Transition_dist: 2.7971                     Cov reg (comparable to PCA cov col): 0.0004  VIC invar: 0.0053  VIC total block: 0.0376
[2026-04-28 02:49:46,472][__main__][INFO] - Validation:  Bisim_loss: 0.4615                      z_loss: 0.2837  z_proprio_loss: 0.0319                     Bisim z_dist: 1.5642  Bisim r_dist: 0.0279                      Var reg: 0.1765  Transition_dist: 1.6942                     Cov reg: 0.0001  VIC invar: 0.0102  VIC total block: 0.1868
[2026-04-28 02:49:46,611][__main__][INFO] - Saved model to /home/gloria/Bis-JEPA/outputs/2026-04-27/19-35-14
[2026-04-28 02:57:43,574][__main__][INFO] - Epoch 34  Training loss: 0.3093  Validation loss: 0.3053
[2026-04-28 02:57:43,574][__main__][INFO] - Train:  Bisim_loss: 7.8790                      z_loss: 0.3093  z_proprio_loss: 0.0341                     Bisim z_dist: 4.3949  Bisim r_dist: 0.0356                      Var reg (comparable to PCA var col): 0.0320  Transition_dist: 2.7613                     Cov reg (comparable to PCA cov col): 0.0003  VIC invar: 0.0051  VIC total block: 0.0374
[2026-04-28 02:57:43,574][__main__][INFO] - Validation:  Bisim_loss: 0.6425                      z_loss: 0.3053  z_proprio_loss: 0.0342                     Bisim z_dist: 1.9581  Bisim r_dist: 0.0304                      Var reg: 0.1730  Transition_dist: 1.8856                     Cov reg: 0.0001  VIC invar: 0.0128  VIC total block: 0.1859
[2026-04-28 02:57:43,721][__main__][INFO] - Saved model to /home/gloria/Bis-JEPA/outputs/2026-04-27/19-35-14
[2026-04-28 03:05:08,478][__main__][INFO] - Epoch 35  Training loss: 0.3198  Validation loss: 0.3082
[2026-04-28 03:05:08,479][__main__][INFO] - Train:  Bisim_loss: 10.3317                      z_loss: 0.3198  z_proprio_loss: 0.0346                     Bisim z_dist: 4.7306  Bisim r_dist: 0.0328                      Var reg (comparable to PCA var col): 0.0317  Transition_dist: 2.8520                     Cov reg (comparable to PCA cov col): 0.0004  VIC invar: 0.0055  VIC total block: 0.0376
[2026-04-28 03:05:08,479][__main__][INFO] - Validation:  Bisim_loss: 0.4867                      z_loss: 0.3082  z_proprio_loss: 0.0322                     Bisim z_dist: 1.7856  Bisim r_dist: 0.0267                      Var reg: 0.1743  Transition_dist: 1.8188                     Cov reg: 0.0001  VIC invar: 0.0117  VIC total block: 0.1860
[2026-04-28 03:05:08,653][__main__][INFO] - Saved model to /home/gloria/Bis-JEPA/outputs/2026-04-27/19-35-14
[2026-04-28 03:12:23,885][__main__][INFO] - Epoch 36  Training loss: 0.3290  Validation loss: 0.3134
[2026-04-28 03:12:23,885][__main__][INFO] - Train:  Bisim_loss: 7.5837                      z_loss: 0.3290  z_proprio_loss: 0.0350                     Bisim z_dist: 4.3291  Bisim r_dist: 0.0353                      Var reg (comparable to PCA var col): 0.0322  Transition_dist: 2.7337                     Cov reg (comparable to PCA cov col): 0.0003  VIC invar: 0.0050  VIC total block: 0.0374
[2026-04-28 03:12:23,885][__main__][INFO] - Validation:  Bisim_loss: 0.4200                      z_loss: 0.3134  z_proprio_loss: 0.0326                     Bisim z_dist: 1.6858  Bisim r_dist: 0.0266                      Var reg: 0.1754  Transition_dist: 1.7616                     Cov reg: 0.0001  VIC invar: 0.0110  VIC total block: 0.1865
[2026-04-28 03:12:24,024][__main__][INFO] - Saved model to /home/gloria/Bis-JEPA/outputs/2026-04-27/19-35-14
[2026-04-28 03:19:33,326][__main__][INFO] - Epoch 37  Training loss: 0.3413  Validation loss: 0.3284
[2026-04-28 03:19:33,326][__main__][INFO] - Train:  Bisim_loss: 9.4697                      z_loss: 0.3413  z_proprio_loss: 0.0353                     Bisim z_dist: 4.7806  Bisim r_dist: 0.0365                      Var reg (comparable to PCA var col): 0.0317  Transition_dist: 2.8824                     Cov reg (comparable to PCA cov col): 0.0003  VIC invar: 0.0055  VIC total block: 0.0375
[2026-04-28 03:19:33,326][__main__][INFO] - Validation:  Bisim_loss: 0.5742                      z_loss: 0.3284  z_proprio_loss: 0.0319                     Bisim z_dist: 1.8823  Bisim r_dist: 0.0201                      Var reg: 0.1735  Transition_dist: 1.8578                     Cov reg: 0.0001  VIC invar: 0.0123  VIC total block: 0.1859
[2026-04-28 03:19:33,473][__main__][INFO] - Saved model to /home/gloria/Bis-JEPA/outputs/2026-04-27/19-35-14
[2026-04-28 03:26:54,137][__main__][INFO] - Epoch 38  Training loss: 0.3554  Validation loss: 0.3549
[2026-04-28 03:26:54,137][__main__][INFO] - Train:  Bisim_loss: 10.6058                      z_loss: 0.3554  z_proprio_loss: 0.0353                     Bisim z_dist: 4.8427  Bisim r_dist: 0.0261                      Var reg (comparable to PCA var col): 0.0316  Transition_dist: 2.8882                     Cov reg (comparable to PCA cov col): 0.0004  VIC invar: 0.0056  VIC total block: 0.0376
[2026-04-28 03:26:54,137][__main__][INFO] - Validation:  Bisim_loss: 0.5391                      z_loss: 0.3549  z_proprio_loss: 0.0343                     Bisim z_dist: 1.9044  Bisim r_dist: 0.0230                      Var reg: 0.1733  Transition_dist: 1.8764                     Cov reg: 0.0001  VIC invar: 0.0124  VIC total block: 0.1859
[2026-04-28 03:26:54,291][__main__][INFO] - Saved model to /home/gloria/Bis-JEPA/outputs/2026-04-27/19-35-14
[2026-04-28 03:34:17,847][__main__][INFO] - Epoch 39  Training loss: 0.3673  Validation loss: 0.3636
[2026-04-28 03:34:17,848][__main__][INFO] - Train:  Bisim_loss: 12.4039                      z_loss: 0.3673  z_proprio_loss: 0.0356                     Bisim z_dist: 5.1292  Bisim r_dist: 0.0391                      Var reg (comparable to PCA var col): 0.0312  Transition_dist: 2.9770                     Cov reg (comparable to PCA cov col): 0.0004  VIC invar: 0.0060  VIC total block: 0.0376
[2026-04-28 03:34:17,848][__main__][INFO] - Validation:  Bisim_loss: 0.6851                      z_loss: 0.3636  z_proprio_loss: 0.0384                     Bisim z_dist: 2.0420  Bisim r_dist: 0.0156                      Var reg: 0.1721  Transition_dist: 1.9190                     Cov reg: 0.0001  VIC invar: 0.0133  VIC total block: 0.1856
[2026-04-28 03:34:17,992][__main__][INFO] - Saved model to /home/gloria/Bis-JEPA/outputs/2026-04-27/19-35-14
[2026-04-28 03:41:26,519][__main__][INFO] - Epoch 40  Training loss: 0.3783  Validation loss: 0.3766
[2026-04-28 03:41:26,519][__main__][INFO] - Train:  Bisim_loss: 13.1471                      z_loss: 0.3783  z_proprio_loss: 0.0365                     Bisim z_dist: 5.1390  Bisim r_dist: 0.0254                      Var reg (comparable to PCA var col): 0.0313  Transition_dist: 2.9598                     Cov reg (comparable to PCA cov col): 0.0005  VIC invar: 0.0060  VIC total block: 0.0377
[2026-04-28 03:41:26,519][__main__][INFO] - Validation:  Bisim_loss: 0.6301                      z_loss: 0.3766  z_proprio_loss: 0.0338                     Bisim z_dist: 1.9997  Bisim r_dist: 0.0153                      Var reg: 0.1724  Transition_dist: 1.9123                     Cov reg: 0.0001  VIC invar: 0.0131  VIC total block: 0.1855
[2026-04-28 03:41:26,664][__main__][INFO] - Saved model to /home/gloria/Bis-JEPA/outputs/2026-04-27/19-35-14
[2026-04-28 03:48:48,383][__main__][INFO] - Epoch 41  Training loss: 0.3839  Validation loss: 0.3816
[2026-04-28 03:48:48,383][__main__][INFO] - Train:  Bisim_loss: 10.9065                      z_loss: 0.3839  z_proprio_loss: 0.0359                     Bisim z_dist: 4.8345  Bisim r_dist: 0.0269                      Var reg (comparable to PCA var col): 0.0316  Transition_dist: 2.8875                     Cov reg (comparable to PCA cov col): 0.0004  VIC invar: 0.0056  VIC total block: 0.0376
[2026-04-28 03:48:48,383][__main__][INFO] - Validation:  Bisim_loss: 0.7036                      z_loss: 0.3816  z_proprio_loss: 0.0359                     Bisim z_dist: 2.0209  Bisim r_dist: 0.0163                      Var reg: 0.1725  Transition_dist: 1.9218                     Cov reg: 0.0001  VIC invar: 0.0132  VIC total block: 0.1858
[2026-04-28 03:48:48,526][__main__][INFO] - Saved model to /home/gloria/Bis-JEPA/outputs/2026-04-27/19-35-14
[2026-04-28 03:55:57,026][__main__][INFO] - Epoch 42  Training loss: 0.3988  Validation loss: 0.3826
[2026-04-28 03:55:57,026][__main__][INFO] - Train:  Bisim_loss: 13.5232                      z_loss: 0.3988  z_proprio_loss: 0.0363                     Bisim z_dist: 5.0590  Bisim r_dist: 0.0368                      Var reg (comparable to PCA var col): 0.0314  Transition_dist: 2.9443                     Cov reg (comparable to PCA cov col): 0.0005  VIC invar: 0.0059  VIC total block: 0.0378
[2026-04-28 03:55:57,027][__main__][INFO] - Validation:  Bisim_loss: 0.7394                      z_loss: 0.3826  z_proprio_loss: 0.0344                     Bisim z_dist: 2.1438  Bisim r_dist: 0.0161                      Var reg: 0.1714  Transition_dist: 1.9817                     Cov reg: 0.0001  VIC invar: 0.0140  VIC total block: 0.1855
[2026-04-28 03:55:57,194][__main__][INFO] - Saved model to /home/gloria/Bis-JEPA/outputs/2026-04-27/19-35-14
[2026-04-28 04:03:09,761][__main__][INFO] - Epoch 43  Training loss: 0.4099  Validation loss: 0.4099
[2026-04-28 04:03:09,761][__main__][INFO] - Train:  Bisim_loss: 9.2144                      z_loss: 0.4099  z_proprio_loss: 0.0361                     Bisim z_dist: 4.6150  Bisim r_dist: 0.0236                      Var reg (comparable to PCA var col): 0.0318  Transition_dist: 2.8348                     Cov reg (comparable to PCA cov col): 0.0003  VIC invar: 0.0054  VIC total block: 0.0375
[2026-04-28 04:03:09,761][__main__][INFO] - Validation:  Bisim_loss: 0.6931                      z_loss: 0.4099  z_proprio_loss: 0.0349                     Bisim z_dist: 2.1025  Bisim r_dist: 0.0120                      Var reg: 0.1715  Transition_dist: 1.9532                     Cov reg: 0.0001  VIC invar: 0.0137  VIC total block: 0.1853
[2026-04-28 04:03:09,910][__main__][INFO] - Saved model to /home/gloria/Bis-JEPA/outputs/2026-04-27/19-35-14
[2026-04-28 04:10:29,790][__main__][INFO] - Epoch 44  Training loss: 0.4241  Validation loss: 0.4148
[2026-04-28 04:10:29,790][__main__][INFO] - Train:  Bisim_loss: 16.3851                      z_loss: 0.4241  z_proprio_loss: 0.0363                     Bisim z_dist: 5.4466  Bisim r_dist: 0.0279                      Var reg (comparable to PCA var col): 0.0311  Transition_dist: 3.0488                     Cov reg (comparable to PCA cov col): 0.0006  VIC invar: 0.0063  VIC total block: 0.0379
[2026-04-28 04:10:29,790][__main__][INFO] - Validation:  Bisim_loss: 0.6985                      z_loss: 0.4148  z_proprio_loss: 0.0376                     Bisim z_dist: 2.0488  Bisim r_dist: 0.0179                      Var reg: 0.1720  Transition_dist: 1.9286                     Cov reg: 0.0001  VIC invar: 0.0134  VIC total block: 0.1855
[2026-04-28 04:10:29,937][__main__][INFO] - Saved model to /home/gloria/Bis-JEPA/outputs/2026-04-27/19-35-14
[2026-04-28 04:17:44,728][__main__][INFO] - Epoch 45  Training loss: 0.4393  Validation loss: 0.4287
[2026-04-28 04:17:44,728][__main__][INFO] - Train:  Bisim_loss: 19.0620                      z_loss: 0.4393  z_proprio_loss: 0.0367                     Bisim z_dist: 5.7070  Bisim r_dist: 0.0231                      Var reg (comparable to PCA var col): 0.0308  Transition_dist: 3.1129                     Cov reg (comparable to PCA cov col): 0.0006  VIC invar: 0.0067  VIC total block: 0.0381
[2026-04-28 04:17:44,729][__main__][INFO] - Validation:  Bisim_loss: 0.5975                      z_loss: 0.4287  z_proprio_loss: 0.0347                     Bisim z_dist: 1.9442  Bisim r_dist: 0.0133                      Var reg: 0.1729  Transition_dist: 1.8848                     Cov reg: 0.0001  VIC invar: 0.0127  VIC total block: 0.1857
[2026-04-28 04:17:44,908][__main__][INFO] - Saved model to /home/gloria/Bis-JEPA/outputs/2026-04-27/19-35-14
[2026-04-28 04:24:58,977][__main__][INFO] - Epoch 46  Training loss: 0.4517  Validation loss: 0.4465
[2026-04-28 04:24:58,977][__main__][INFO] - Train:  Bisim_loss: 12.6847                      z_loss: 0.4517  z_proprio_loss: 0.0367                     Bisim z_dist: 5.2212  Bisim r_dist: 0.0294                      Var reg (comparable to PCA var col): 0.0312  Transition_dist: 2.9990                     Cov reg (comparable to PCA cov col): 0.0004  VIC invar: 0.0061  VIC total block: 0.0377
[2026-04-28 04:24:58,977][__main__][INFO] - Validation:  Bisim_loss: 0.5859                      z_loss: 0.4465  z_proprio_loss: 0.0335                     Bisim z_dist: 1.9279  Bisim r_dist: 0.0198                      Var reg: 0.1728  Transition_dist: 1.8782                     Cov reg: 0.0001  VIC invar: 0.0126  VIC total block: 0.1855
[2026-04-28 04:24:59,119][__main__][INFO] - Saved model to /home/gloria/Bis-JEPA/outputs/2026-04-27/19-35-14
[2026-04-28 04:32:09,490][__main__][INFO] - Epoch 47  Training loss: 0.4635  Validation loss: 0.4549
[2026-04-28 04:32:09,491][__main__][INFO] - Train:  Bisim_loss: 13.9630                      z_loss: 0.4635  z_proprio_loss: 0.0368                     Bisim z_dist: 5.1928  Bisim r_dist: 0.0233                      Var reg (comparable to PCA var col): 0.0313  Transition_dist: 2.9775                     Cov reg (comparable to PCA cov col): 0.0005  VIC invar: 0.0060  VIC total block: 0.0378
[2026-04-28 04:32:09,491][__main__][INFO] - Validation:  Bisim_loss: 0.5567                      z_loss: 0.4549  z_proprio_loss: 0.0357                     Bisim z_dist: 1.9175  Bisim r_dist: 0.0195                      Var reg: 0.1731  Transition_dist: 1.8782                     Cov reg: 0.0001  VIC invar: 0.0125  VIC total block: 0.1857
[2026-04-28 04:32:09,669][__main__][INFO] - Saved model to /home/gloria/Bis-JEPA/outputs/2026-04-27/19-35-14
[2026-04-28 04:39:30,253][__main__][INFO] - Epoch 48  Training loss: 0.4780  Validation loss: 0.4738
[2026-04-28 04:39:30,254][__main__][INFO] - Train:  Bisim_loss: 14.3173                      z_loss: 0.4780  z_proprio_loss: 0.0370                     Bisim z_dist: 5.2035  Bisim r_dist: 0.0303                      Var reg (comparable to PCA var col): 0.0313  Transition_dist: 2.9751                     Cov reg (comparable to PCA cov col): 0.0005  VIC invar: 0.0060  VIC total block: 0.0378
[2026-04-28 04:39:30,254][__main__][INFO] - Validation:  Bisim_loss: 0.6597                      z_loss: 0.4738  z_proprio_loss: 0.0419                     Bisim z_dist: 2.0290  Bisim r_dist: 0.0197                      Var reg: 0.1721  Transition_dist: 1.9332                     Cov reg: 0.0001  VIC invar: 0.0132  VIC total block: 0.1854
[2026-04-28 04:39:30,403][__main__][INFO] - Saved model to /home/gloria/Bis-JEPA/outputs/2026-04-27/19-35-14
[2026-04-28 04:47:14,193][__main__][INFO] - Epoch 49  Training loss: 0.4880  Validation loss: 0.4967
[2026-04-28 04:47:14,193][__main__][INFO] - Train:  Bisim_loss: 16.6663                      z_loss: 0.4880  z_proprio_loss: 0.0367                     Bisim z_dist: 5.4740  Bisim r_dist: 0.0355                      Var reg (comparable to PCA var col): 0.0311  Transition_dist: 3.0548                     Cov reg (comparable to PCA cov col): 0.0005  VIC invar: 0.0063  VIC total block: 0.0379
[2026-04-28 04:47:14,193][__main__][INFO] - Validation:  Bisim_loss: 0.6882                      z_loss: 0.4967  z_proprio_loss: 0.0340                     Bisim z_dist: 1.9906  Bisim r_dist: 0.0193                      Var reg: 0.1723  Transition_dist: 1.9021                     Cov reg: 0.0001  VIC invar: 0.0130  VIC total block: 0.1854
[2026-04-28 04:47:14,341][__main__][INFO] - Saved model to /home/gloria/Bis-JEPA/outputs/2026-04-27/19-35-14
[2026-04-28 04:54:47,380][__main__][INFO] - Epoch 50  Training loss: 0.5044  Validation loss: 0.5058
[2026-04-28 04:54:47,380][__main__][INFO] - Train:  Bisim_loss: 16.9190                      z_loss: 0.5044  z_proprio_loss: 0.0367                     Bisim z_dist: 5.6933  Bisim r_dist: 0.0221                      Var reg (comparable to PCA var col): 0.0307  Transition_dist: 3.1292                     Cov reg (comparable to PCA cov col): 0.0006  VIC invar: 0.0067  VIC total block: 0.0380
[2026-04-28 04:54:47,381][__main__][INFO] - Validation:  Bisim_loss: 0.9218                      z_loss: 0.5058  z_proprio_loss: 0.0369                     Bisim z_dist: 2.1986  Bisim r_dist: 0.0410                      Var reg: 0.1711  Transition_dist: 2.0085                     Cov reg: 0.0002  VIC invar: 0.0144  VIC total block: 0.1856
[2026-04-28 04:54:47,522][__main__][INFO] - Saved model to /home/gloria/Bis-JEPA/outputs/2026-04-27/19-35-14
[2026-04-28 05:02:19,339][__main__][INFO] - Epoch 51  Training loss: 0.5175  Validation loss: 0.5313
[2026-04-28 05:02:19,339][__main__][INFO] - Train:  Bisim_loss: 13.9422                      z_loss: 0.5175  z_proprio_loss: 0.0373                     Bisim z_dist: 5.2851  Bisim r_dist: 0.0370                      Var reg (comparable to PCA var col): 0.0312  Transition_dist: 3.0185                     Cov reg (comparable to PCA cov col): 0.0005  VIC invar: 0.0061  VIC total block: 0.0378
[2026-04-28 05:02:19,339][__main__][INFO] - Validation:  Bisim_loss: 0.8422                      z_loss: 0.5313  z_proprio_loss: 0.0383                     Bisim z_dist: 2.1475  Bisim r_dist: 0.0167                      Var reg: 0.1710  Transition_dist: 1.9793                     Cov reg: 0.0002  VIC invar: 0.0140  VIC total block: 0.1852
[2026-04-28 05:02:19,541][__main__][INFO] - Saved model to /home/gloria/Bis-JEPA/outputs/2026-04-27/19-35-14
[2026-04-28 05:09:51,896][__main__][INFO] - Epoch 52  Training loss: 0.5327  Validation loss: 0.5302
[2026-04-28 05:09:51,896][__main__][INFO] - Train:  Bisim_loss: 20.8909                      z_loss: 0.5327  z_proprio_loss: 0.0365                     Bisim z_dist: 5.9819  Bisim r_dist: 0.0263                      Var reg (comparable to PCA var col): 0.0305  Transition_dist: 3.1943                     Cov reg (comparable to PCA cov col): 0.0007  VIC invar: 0.0070  VIC total block: 0.0382
[2026-04-28 05:09:51,896][__main__][INFO] - Validation:  Bisim_loss: 0.8012                      z_loss: 0.5302  z_proprio_loss: 0.0359                     Bisim z_dist: 2.0280  Bisim r_dist: 0.0199                      Var reg: 0.1722  Transition_dist: 1.9307                     Cov reg: 0.0002  VIC invar: 0.0132  VIC total block: 0.1856
[2026-04-28 05:09:52,049][__main__][INFO] - Saved model to /home/gloria/Bis-JEPA/outputs/2026-04-27/19-35-14
[2026-04-28 05:17:16,776][__main__][INFO] - Epoch 53  Training loss: 0.5496  Validation loss: 0.5419
[2026-04-28 05:17:16,776][__main__][INFO] - Train:  Bisim_loss: 21.4019                      z_loss: 0.5496  z_proprio_loss: 0.0365                     Bisim z_dist: 5.9710  Bisim r_dist: 0.0312                      Var reg (comparable to PCA var col): 0.0306  Transition_dist: 3.1860                     Cov reg (comparable to PCA cov col): 0.0007  VIC invar: 0.0070  VIC total block: 0.0383
[2026-04-28 05:17:16,776][__main__][INFO] - Validation:  Bisim_loss: 0.9062                      z_loss: 0.5419  z_proprio_loss: 0.0372                     Bisim z_dist: 2.1973  Bisim r_dist: 0.0268                      Var reg: 0.1709  Transition_dist: 1.9934                     Cov reg: 0.0002  VIC invar: 0.0143  VIC total block: 0.1854
[2026-04-28 05:17:16,964][__main__][INFO] - Saved model to /home/gloria/Bis-JEPA/outputs/2026-04-27/19-35-14
[2026-04-28 05:24:37,110][__main__][INFO] - Epoch 54  Training loss: 0.5626  Validation loss: 0.5604
[2026-04-28 05:24:37,111][__main__][INFO] - Train:  Bisim_loss: 12.3586                      z_loss: 0.5626  z_proprio_loss: 0.0365                     Bisim z_dist: 5.1838  Bisim r_dist: 0.0491                      Var reg (comparable to PCA var col): 0.0312  Transition_dist: 3.0003                     Cov reg (comparable to PCA cov col): 0.0004  VIC invar: 0.0060  VIC total block: 0.0376
[2026-04-28 05:24:37,111][__main__][INFO] - Validation:  Bisim_loss: 0.8306                      z_loss: 0.5604  z_proprio_loss: 0.0386                     Bisim z_dist: 2.1667  Bisim r_dist: 0.0294                      Var reg: 0.1712  Transition_dist: 1.9825                     Cov reg: 0.0001  VIC invar: 0.0141  VIC total block: 0.1855
[2026-04-28 05:24:37,271][__main__][INFO] - Saved model to /home/gloria/Bis-JEPA/outputs/2026-04-27/19-35-14
[2026-04-28 05:32:04,659][__main__][INFO] - Epoch 55  Training loss: 0.5815  Validation loss: 0.5727
[2026-04-28 05:32:04,660][__main__][INFO] - Train:  Bisim_loss: 15.5646                      z_loss: 0.5815  z_proprio_loss: 0.0365                     Bisim z_dist: 5.5518  Bisim r_dist: 0.0243                      Var reg (comparable to PCA var col): 0.0308  Transition_dist: 3.0990                     Cov reg (comparable to PCA cov col): 0.0005  VIC invar: 0.0065  VIC total block: 0.0379
[2026-04-28 05:32:04,660][__main__][INFO] - Validation:  Bisim_loss: 0.9392                      z_loss: 0.5727  z_proprio_loss: 0.0387                     Bisim z_dist: 2.2532  Bisim r_dist: 0.0160                      Var reg: 0.1705  Transition_dist: 2.0219                     Cov reg: 0.0002  VIC invar: 0.0147  VIC total block: 0.1854
[2026-04-28 05:32:04,852][__main__][INFO] - Saved model to /home/gloria/Bis-JEPA/outputs/2026-04-27/19-35-14
[2026-04-28 05:39:32,396][__main__][INFO] - Epoch 56  Training loss: 0.5961  Validation loss: 0.5969
[2026-04-28 05:39:32,396][__main__][INFO] - Train:  Bisim_loss: 14.1250                      z_loss: 0.5961  z_proprio_loss: 0.0366                     Bisim z_dist: 5.4934  Bisim r_dist: 0.0335                      Var reg (comparable to PCA var col): 0.0309  Transition_dist: 3.0893                     Cov reg (comparable to PCA cov col): 0.0005  VIC invar: 0.0064  VIC total block: 0.0377
[2026-04-28 05:39:32,396][__main__][INFO] - Validation:  Bisim_loss: 0.9412                      z_loss: 0.5969  z_proprio_loss: 0.0384                     Bisim z_dist: 2.2724  Bisim r_dist: 0.0151                      Var reg: 0.1701  Transition_dist: 2.0293                     Cov reg: 0.0002  VIC invar: 0.0148  VIC total block: 0.1851
