[2026-04-26 23:20:40,079][__main__][INFO] - Model saved dir: /home/gloria/Bis-JEPA/outputs/2026-04-26/23-20-39
[2026-04-26 23:20:40,110][__main__][INFO] - rank: 0  model_name: 2026-04-26/23-20-39_pusht_f5_h3_p1
[2026-04-26 23:20:40,110][__main__][INFO] - device: cuda   model_name: 2026-04-26/23-20-39_pusht_f5_h3_p1
[2026-04-26 23:20:46,603][__main__][INFO] - Loading dataset from /home/gloria/Bis-JEPA/datasets/data/pusht_noise ...
[2026-04-26 23:20:46,910][__main__][INFO] - dataloader batch size: 40
[2026-04-26 23:20:46,912][__main__][INFO] - Train encoder, predictor, decoder, bisim, train_w_std_loss, train_w_reward_loss:            False,            True,            True,            True,            True,            False
[2026-04-26 23:20:46,921][dinov2][INFO] - using MLP layer as FFN
[2026-04-26 23:20:47,309][__main__][INFO] - Initializing predictor with bisimulation latent dim: 64
[2026-04-26 23:20:47,363][__main__][INFO] - Initialized bisimulation model with latent dim 64
[2026-04-26 23:20:47,364][__main__][INFO] - Bypass encoder mode: False
[2026-04-26 23:20:47,364][__main__][INFO] - Training obs -> dinov2_vits14 -> bisim
[2026-04-26 23:36:32,222][__main__][INFO] - Epoch 1  Training loss: 0.4937  Validation loss: 0.4864
[2026-04-26 23:36:32,222][__main__][INFO] - Train:  Bisim_loss: 0.1691                      z_loss: 0.3246  z_proprio_loss: 0.2411                     Bisim z_dist: 1.3592  Bisim r_dist: 0.0431                      Var reg (comparable to PCA var col): 0.0000  Transition_dist: 1.5841                     Cov reg (comparable to PCA cov col): 0.0000
[2026-04-26 23:36:32,222][__main__][INFO] - Validation:  Bisim_loss: 0.1749                      z_loss: 0.3115  z_proprio_loss: 0.1531                     Bisim z_dist: 1.5499  Bisim r_dist: 0.0686                      Var reg: 0.0000  Transition_dist: 1.6885                     Cov reg: 0.0000
[2026-04-26 23:36:32,413][__main__][INFO] - Saved model to /home/gloria/Bis-JEPA/outputs/2026-04-26/23-20-39
[2026-04-26 23:52:46,567][__main__][INFO] - Epoch 2  Training loss: 0.4214  Validation loss: 0.4820
[2026-04-26 23:52:46,567][__main__][INFO] - Train:  Bisim_loss: 0.1157                      z_loss: 0.3057  z_proprio_loss: 0.1167                     Bisim z_dist: 1.6155  Bisim r_dist: 0.0508                      Var reg (comparable to PCA var col): 0.0000  Transition_dist: 1.7500                     Cov reg (comparable to PCA cov col): 0.0000
[2026-04-26 23:52:46,567][__main__][INFO] - Validation:  Bisim_loss: 0.1835                      z_loss: 0.2985  z_proprio_loss: 0.0955                     Bisim z_dist: 1.7216  Bisim r_dist: 0.0703                      Var reg: 0.0000  Transition_dist: 1.7939                     Cov reg: 0.0000
[2026-04-26 23:52:46,798][__main__][INFO] - Saved model to /home/gloria/Bis-JEPA/outputs/2026-04-26/23-20-39
[2026-04-27 00:08:22,197][__main__][INFO] - Epoch 3  Training loss: 0.3779  Validation loss: 0.4064
[2026-04-27 00:08:22,206][__main__][INFO] - Train:  Bisim_loss: 0.1024                      z_loss: 0.2755  z_proprio_loss: 0.0804                     Bisim z_dist: 1.6585  Bisim r_dist: 0.0512                      Var reg (comparable to PCA var col): 0.0000  Transition_dist: 1.7749                     Cov reg (comparable to PCA cov col): 0.0000
[2026-04-27 00:08:22,206][__main__][INFO] - Validation:  Bisim_loss: 0.1601                      z_loss: 0.2463  z_proprio_loss: 0.0667                     Bisim z_dist: 1.7305  Bisim r_dist: 0.0625                      Var reg: 0.0000  Transition_dist: 1.7963                     Cov reg: 0.0000
[2026-04-27 00:08:22,586][__main__][INFO] - Saved model to /home/gloria/Bis-JEPA/outputs/2026-04-26/23-20-39
[2026-04-27 00:22:47,517][__main__][INFO] - Epoch 4  Training loss: 0.3165  Validation loss: 0.3357
[2026-04-27 00:22:47,517][__main__][INFO] - Train:  Bisim_loss: 0.0951                      z_loss: 0.2214  z_proprio_loss: 0.0623                     Bisim z_dist: 1.6702  Bisim r_dist: 0.0485                      Var reg (comparable to PCA var col): 0.0000  Transition_dist: 1.7822                     Cov reg (comparable to PCA cov col): 0.0000
[2026-04-27 00:22:47,517][__main__][INFO] - Validation:  Bisim_loss: 0.1537                      z_loss: 0.1820  z_proprio_loss: 0.0502                     Bisim z_dist: 1.7118  Bisim r_dist: 0.0650                      Var reg: 0.0000  Transition_dist: 1.7815                     Cov reg: 0.0000
[2026-04-27 00:22:47,659][__main__][INFO] - Saved model to /home/gloria/Bis-JEPA/outputs/2026-04-26/23-20-39
[2026-04-27 00:35:53,856][__main__][INFO] - Epoch 5  Training loss: 0.2632  Validation loss: 0.3050
[2026-04-27 00:35:53,856][__main__][INFO] - Train:  Bisim_loss: 0.0894                      z_loss: 0.1738  z_proprio_loss: 0.0511                     Bisim z_dist: 1.6795  Bisim r_dist: 0.0489                      Var reg (comparable to PCA var col): 0.0000  Transition_dist: 1.7870                     Cov reg (comparable to PCA cov col): 0.0000
[2026-04-27 00:35:53,856][__main__][INFO] - Validation:  Bisim_loss: 0.1638                      z_loss: 0.1413  z_proprio_loss: 0.0385                     Bisim z_dist: 1.7501  Bisim r_dist: 0.0639                      Var reg: 0.0000  Transition_dist: 1.8025                     Cov reg: 0.0000
[2026-04-27 00:35:54,053][__main__][INFO] - Saved model to /home/gloria/Bis-JEPA/outputs/2026-04-26/23-20-39
[2026-04-27 00:49:45,910][__main__][INFO] - Epoch 6  Training loss: 0.2313  Validation loss: 0.2727
[2026-04-27 00:49:45,918][__main__][INFO] - Train:  Bisim_loss: 0.0858                      z_loss: 0.1454  z_proprio_loss: 0.0435                     Bisim z_dist: 1.6690  Bisim r_dist: 0.0467                      Var reg (comparable to PCA var col): 0.0000  Transition_dist: 1.7777                     Cov reg (comparable to PCA cov col): 0.0000
[2026-04-27 00:49:45,918][__main__][INFO] - Validation:  Bisim_loss: 0.1527                      z_loss: 0.1200  z_proprio_loss: 0.0293                     Bisim z_dist: 1.7492  Bisim r_dist: 0.0619                      Var reg: 0.0000  Transition_dist: 1.8047                     Cov reg: 0.0000
[2026-04-27 00:49:46,099][__main__][INFO] - Saved model to /home/gloria/Bis-JEPA/outputs/2026-04-26/23-20-39
[2026-04-27 01:03:07,313][__main__][INFO] - Epoch 7  Training loss: 0.2118  Validation loss: 0.2622
[2026-04-27 01:03:07,313][__main__][INFO] - Train:  Bisim_loss: 0.0826                      z_loss: 0.1292  z_proprio_loss: 0.0381                     Bisim z_dist: 1.6807  Bisim r_dist: 0.0446                      Var reg (comparable to PCA var col): 0.0000  Transition_dist: 1.7856                     Cov reg (comparable to PCA cov col): 0.0000
[2026-04-27 01:03:07,314][__main__][INFO] - Validation:  Bisim_loss: 0.1526                      z_loss: 0.1095  z_proprio_loss: 0.0251                     Bisim z_dist: 1.7281  Bisim r_dist: 0.0648                      Var reg: 0.0000  Transition_dist: 1.7925                     Cov reg: 0.0000
[2026-04-27 01:03:07,492][__main__][INFO] - Saved model to /home/gloria/Bis-JEPA/outputs/2026-04-26/23-20-39
[2026-04-27 01:16:58,993][__main__][INFO] - Epoch 8  Training loss: 0.1995  Validation loss: 0.2422
[2026-04-27 01:16:59,002][__main__][INFO] - Train:  Bisim_loss: 0.0811                      z_loss: 0.1184  z_proprio_loss: 0.0339                     Bisim z_dist: 1.6796  Bisim r_dist: 0.0473                      Var reg (comparable to PCA var col): 0.0000  Transition_dist: 1.7829                     Cov reg (comparable to PCA cov col): 0.0000
[2026-04-27 01:16:59,002][__main__][INFO] - Validation:  Bisim_loss: 0.1406                      z_loss: 0.1016  z_proprio_loss: 0.0215                     Bisim z_dist: 1.6865  Bisim r_dist: 0.0573                      Var reg: 0.0000  Transition_dist: 1.7711                     Cov reg: 0.0000
[2026-04-27 01:16:59,282][__main__][INFO] - Saved model to /home/gloria/Bis-JEPA/outputs/2026-04-26/23-20-39
[2026-04-27 01:30:36,621][__main__][INFO] - Epoch 9  Training loss: 0.1897  Validation loss: 0.2396
[2026-04-27 01:30:36,629][__main__][INFO] - Train:  Bisim_loss: 0.0791                      z_loss: 0.1106  z_proprio_loss: 0.0305                     Bisim z_dist: 1.6856  Bisim r_dist: 0.0479                      Var reg (comparable to PCA var col): 0.0000  Transition_dist: 1.7871                     Cov reg (comparable to PCA cov col): 0.0000
[2026-04-27 01:30:36,629][__main__][INFO] - Validation:  Bisim_loss: 0.1411                      z_loss: 0.0985  z_proprio_loss: 0.0185                     Bisim z_dist: 1.7070  Bisim r_dist: 0.0597                      Var reg: 0.0000  Transition_dist: 1.7766                     Cov reg: 0.0000
[2026-04-27 01:30:36,796][__main__][INFO] - Saved model to /home/gloria/Bis-JEPA/outputs/2026-04-26/23-20-39
[2026-04-27 01:43:43,212][__main__][INFO] - Epoch 10  Training loss: 0.1814  Validation loss: 0.2356
[2026-04-27 01:43:43,213][__main__][INFO] - Train:  Bisim_loss: 0.0766                      z_loss: 0.1048  z_proprio_loss: 0.0278                     Bisim z_dist: 1.6960  Bisim r_dist: 0.0463                      Var reg (comparable to PCA var col): 0.0000  Transition_dist: 1.7938                     Cov reg (comparable to PCA cov col): 0.0000
[2026-04-27 01:43:43,213][__main__][INFO] - Validation:  Bisim_loss: 0.1394                      z_loss: 0.0962  z_proprio_loss: 0.0172                     Bisim z_dist: 1.7055  Bisim r_dist: 0.0582                      Var reg: 0.0000  Transition_dist: 1.7766                     Cov reg: 0.0000
[2026-04-27 01:43:43,404][__main__][INFO] - Saved model to /home/gloria/Bis-JEPA/outputs/2026-04-26/23-20-39
[2026-04-27 01:57:54,846][__main__][INFO] - Epoch 11  Training loss: 0.1772  Validation loss: 0.2310
[2026-04-27 01:57:54,846][__main__][INFO] - Train:  Bisim_loss: 0.0765                      z_loss: 0.1007  z_proprio_loss: 0.0255                     Bisim z_dist: 1.6837  Bisim r_dist: 0.0450                      Var reg (comparable to PCA var col): 0.0000  Transition_dist: 1.7849                     Cov reg (comparable to PCA cov col): 0.0000
[2026-04-27 01:57:54,847][__main__][INFO] - Validation:  Bisim_loss: 0.1367                      z_loss: 0.0943  z_proprio_loss: 0.0159                     Bisim z_dist: 1.7158  Bisim r_dist: 0.0568                      Var reg: 0.0000  Transition_dist: 1.7835                     Cov reg: 0.0000
[2026-04-27 01:57:55,043][__main__][INFO] - Saved model to /home/gloria/Bis-JEPA/outputs/2026-04-26/23-20-39
[2026-04-27 02:14:03,585][__main__][INFO] - Epoch 12  Training loss: 0.1729  Validation loss: 0.2304
[2026-04-27 02:14:03,586][__main__][INFO] - Train:  Bisim_loss: 0.0757                      z_loss: 0.0972  z_proprio_loss: 0.0236                     Bisim z_dist: 1.6869  Bisim r_dist: 0.0421                      Var reg (comparable to PCA var col): 0.0000  Transition_dist: 1.7863                     Cov reg (comparable to PCA cov col): 0.0000
[2026-04-27 02:14:03,586][__main__][INFO] - Validation:  Bisim_loss: 0.1380                      z_loss: 0.0924  z_proprio_loss: 0.0135                     Bisim z_dist: 1.7208  Bisim r_dist: 0.0553                      Var reg: 0.0000  Transition_dist: 1.7853                     Cov reg: 0.0000
[2026-04-27 02:14:03,956][__main__][INFO] - Saved model to /home/gloria/Bis-JEPA/outputs/2026-04-26/23-20-39
[2026-04-27 02:30:17,524][__main__][INFO] - Epoch 13  Training loss: 0.1685  Validation loss: 0.2280
[2026-04-27 02:30:17,525][__main__][INFO] - Train:  Bisim_loss: 0.0737                      z_loss: 0.0947  z_proprio_loss: 0.0220                     Bisim z_dist: 1.6971  Bisim r_dist: 0.0382                      Var reg (comparable to PCA var col): 0.0000  Transition_dist: 1.7928                     Cov reg (comparable to PCA cov col): 0.0000
[2026-04-27 02:30:17,525][__main__][INFO] - Validation:  Bisim_loss: 0.1354                      z_loss: 0.0926  z_proprio_loss: 0.0134                     Bisim z_dist: 1.7074  Bisim r_dist: 0.0470                      Var reg: 0.0000  Transition_dist: 1.7769                     Cov reg: 0.0000
[2026-04-27 02:30:17,760][__main__][INFO] - Saved model to /home/gloria/Bis-JEPA/outputs/2026-04-26/23-20-39
[2026-04-27 02:46:31,251][__main__][INFO] - Epoch 14  Training loss: 0.1643  Validation loss: 0.2263
[2026-04-27 02:46:31,251][__main__][INFO] - Train:  Bisim_loss: 0.0723                      z_loss: 0.0920  z_proprio_loss: 0.0205                     Bisim z_dist: 1.7005  Bisim r_dist: 0.0418                      Var reg (comparable to PCA var col): 0.0000  Transition_dist: 1.7948                     Cov reg (comparable to PCA cov col): 0.0000
[2026-04-27 02:46:31,251][__main__][INFO] - Validation:  Bisim_loss: 0.1354                      z_loss: 0.0908  z_proprio_loss: 0.0121                     Bisim z_dist: 1.6959  Bisim r_dist: 0.0574                      Var reg: 0.0000  Transition_dist: 1.7697                     Cov reg: 0.0000
[2026-04-27 02:46:31,443][__main__][INFO] - Saved model to /home/gloria/Bis-JEPA/outputs/2026-04-26/23-20-39
[2026-04-27 03:02:38,336][__main__][INFO] - Epoch 15  Training loss: 0.1614  Validation loss: 0.2260
[2026-04-27 03:02:38,336][__main__][INFO] - Train:  Bisim_loss: 0.0715                      z_loss: 0.0898  z_proprio_loss: 0.0192                     Bisim z_dist: 1.7013  Bisim r_dist: 0.0422                      Var reg (comparable to PCA var col): 0.0000  Transition_dist: 1.7946                     Cov reg (comparable to PCA cov col): 0.0000
[2026-04-27 03:02:38,336][__main__][INFO] - Validation:  Bisim_loss: 0.1369                      z_loss: 0.0891  z_proprio_loss: 0.0112                     Bisim z_dist: 1.7164  Bisim r_dist: 0.0574                      Var reg: 0.0000  Transition_dist: 1.7858                     Cov reg: 0.0000
[2026-04-27 03:02:38,531][__main__][INFO] - Saved model to /home/gloria/Bis-JEPA/outputs/2026-04-26/23-20-39
[2026-04-27 03:18:42,209][__main__][INFO] - Epoch 16  Training loss: 0.1579  Validation loss: 0.2207
[2026-04-27 03:18:42,210][__main__][INFO] - Train:  Bisim_loss: 0.0702                      z_loss: 0.0877  z_proprio_loss: 0.0181                     Bisim z_dist: 1.7115  Bisim r_dist: 0.0423                      Var reg (comparable to PCA var col): 0.0000  Transition_dist: 1.8020                     Cov reg (comparable to PCA cov col): 0.0000
[2026-04-27 03:18:42,210][__main__][INFO] - Validation:  Bisim_loss: 0.1315                      z_loss: 0.0892  z_proprio_loss: 0.0106                     Bisim z_dist: 1.6927  Bisim r_dist: 0.0493                      Var reg: 0.0000  Transition_dist: 1.7697                     Cov reg: 0.0000
[2026-04-27 03:18:42,404][__main__][INFO] - Saved model to /home/gloria/Bis-JEPA/outputs/2026-04-26/23-20-39
[2026-04-27 03:35:02,859][__main__][INFO] - Epoch 17  Training loss: 0.1570  Validation loss: 0.2179
[2026-04-27 03:35:02,860][__main__][INFO] - Train:  Bisim_loss: 0.0706                      z_loss: 0.0864  z_proprio_loss: 0.0171                     Bisim z_dist: 1.7040  Bisim r_dist: 0.0424                      Var reg (comparable to PCA var col): 0.0000  Transition_dist: 1.7969                     Cov reg (comparable to PCA cov col): 0.0000
[2026-04-27 03:35:02,860][__main__][INFO] - Validation:  Bisim_loss: 0.1293                      z_loss: 0.0886  z_proprio_loss: 0.0104                     Bisim z_dist: 1.6921  Bisim r_dist: 0.0517                      Var reg: 0.0000  Transition_dist: 1.7674                     Cov reg: 0.0000
[2026-04-27 03:35:03,066][__main__][INFO] - Saved model to /home/gloria/Bis-JEPA/outputs/2026-04-26/23-20-39
[2026-04-27 03:51:03,229][__main__][INFO] - Epoch 18  Training loss: 0.1554  Validation loss: 0.2180
[2026-04-27 03:51:03,230][__main__][INFO] - Train:  Bisim_loss: 0.0699                      z_loss: 0.0855  z_proprio_loss: 0.0162                     Bisim z_dist: 1.7064  Bisim r_dist: 0.0386                      Var reg (comparable to PCA var col): 0.0000  Transition_dist: 1.7973                     Cov reg (comparable to PCA cov col): 0.0000
[2026-04-27 03:51:03,230][__main__][INFO] - Validation:  Bisim_loss: 0.1286                      z_loss: 0.0895  z_proprio_loss: 0.0104                     Bisim z_dist: 1.7124  Bisim r_dist: 0.0530                      Var reg: 0.0000  Transition_dist: 1.7716                     Cov reg: 0.0000
[2026-04-27 03:51:03,579][__main__][INFO] - Saved model to /home/gloria/Bis-JEPA/outputs/2026-04-26/23-20-39
[2026-04-27 04:06:55,979][__main__][INFO] - Epoch 19  Training loss: 0.1526  Validation loss: 0.2216
[2026-04-27 04:06:55,980][__main__][INFO] - Train:  Bisim_loss: 0.0678                      z_loss: 0.0848  z_proprio_loss: 0.0154                     Bisim z_dist: 1.7097  Bisim r_dist: 0.0388                      Var reg (comparable to PCA var col): 0.0000  Transition_dist: 1.7990                     Cov reg (comparable to PCA cov col): 0.0000
[2026-04-27 04:06:55,980][__main__][INFO] - Validation:  Bisim_loss: 0.1334                      z_loss: 0.0882  z_proprio_loss: 0.0099                     Bisim z_dist: 1.6976  Bisim r_dist: 0.0446                      Var reg: 0.0000  Transition_dist: 1.7732                     Cov reg: 0.0000
[2026-04-27 04:06:56,281][__main__][INFO] - Saved model to /home/gloria/Bis-JEPA/outputs/2026-04-26/23-20-39
[2026-04-27 04:22:56,718][__main__][INFO] - Epoch 20  Training loss: 0.1495  Validation loss: 0.2186
[2026-04-27 04:22:56,718][__main__][INFO] - Train:  Bisim_loss: 0.0662                      z_loss: 0.0833  z_proprio_loss: 0.0147                     Bisim z_dist: 1.7158  Bisim r_dist: 0.0386                      Var reg (comparable to PCA var col): 0.0000  Transition_dist: 1.8023                     Cov reg (comparable to PCA cov col): 0.0000
[2026-04-27 04:22:56,718][__main__][INFO] - Validation:  Bisim_loss: 0.1300                      z_loss: 0.0886  z_proprio_loss: 0.0086                     Bisim z_dist: 1.7019  Bisim r_dist: 0.0447                      Var reg: 0.0000  Transition_dist: 1.7776                     Cov reg: 0.0000
[2026-04-27 04:22:56,965][__main__][INFO] - Saved model to /home/gloria/Bis-JEPA/outputs/2026-04-26/23-20-39
[2026-04-27 04:38:50,504][__main__][INFO] - Epoch 21  Training loss: 0.1487  Validation loss: 0.2271
[2026-04-27 04:38:50,505][__main__][INFO] - Train:  Bisim_loss: 0.0662                      z_loss: 0.0825  z_proprio_loss: 0.0140                     Bisim z_dist: 1.7151  Bisim r_dist: 0.0378                      Var reg (comparable to PCA var col): 0.0000  Transition_dist: 1.8035                     Cov reg (comparable to PCA cov col): 0.0000
[2026-04-27 04:38:50,505][__main__][INFO] - Validation:  Bisim_loss: 0.1378                      z_loss: 0.0893  z_proprio_loss: 0.0087                     Bisim z_dist: 1.7425  Bisim r_dist: 0.0549                      Var reg: 0.0000  Transition_dist: 1.7922                     Cov reg: 0.0000
[2026-04-27 04:38:50,808][__main__][INFO] - Saved model to /home/gloria/Bis-JEPA/outputs/2026-04-26/23-20-39
[2026-04-27 04:52:32,657][__main__][INFO] - Epoch 22  Training loss: 0.1472  Validation loss: 0.2228
[2026-04-27 04:52:32,657][__main__][INFO] - Train:  Bisim_loss: 0.0652                      z_loss: 0.0820  z_proprio_loss: 0.0134                     Bisim z_dist: 1.7225  Bisim r_dist: 0.0419                      Var reg (comparable to PCA var col): 0.0000  Transition_dist: 1.8070                     Cov reg (comparable to PCA cov col): 0.0000
[2026-04-27 04:52:32,657][__main__][INFO] - Validation:  Bisim_loss: 0.1329                      z_loss: 0.0900  z_proprio_loss: 0.0092                     Bisim z_dist: 1.7283  Bisim r_dist: 0.0519                      Var reg: 0.0000  Transition_dist: 1.7921                     Cov reg: 0.0000
[2026-04-27 04:52:32,911][__main__][INFO] - Saved model to /home/gloria/Bis-JEPA/outputs/2026-04-26/23-20-39
[2026-04-27 05:05:36,834][__main__][INFO] - Epoch 23  Training loss: 0.1470  Validation loss: 0.2222
[2026-04-27 05:05:36,834][__main__][INFO] - Train:  Bisim_loss: 0.0655                      z_loss: 0.0815  z_proprio_loss: 0.0129                     Bisim z_dist: 1.7201  Bisim r_dist: 0.0395                      Var reg (comparable to PCA var col): 0.0000  Transition_dist: 1.8061                     Cov reg (comparable to PCA cov col): 0.0000
[2026-04-27 05:05:36,834][__main__][INFO] - Validation:  Bisim_loss: 0.1323                      z_loss: 0.0899  z_proprio_loss: 0.0085                     Bisim z_dist: 1.7463  Bisim r_dist: 0.0493                      Var reg: 0.0000  Transition_dist: 1.7918                     Cov reg: 0.0000
[2026-04-27 05:05:37,050][__main__][INFO] - Saved model to /home/gloria/Bis-JEPA/outputs/2026-04-26/23-20-39
[2026-04-27 05:19:03,419][__main__][INFO] - Epoch 24  Training loss: 0.1459  Validation loss: 0.2277
[2026-04-27 05:19:03,419][__main__][INFO] - Train:  Bisim_loss: 0.0654                      z_loss: 0.0805  z_proprio_loss: 0.0124                     Bisim z_dist: 1.7217  Bisim r_dist: 0.0358                      Var reg (comparable to PCA var col): 0.0000  Transition_dist: 1.8070                     Cov reg (comparable to PCA cov col): 0.0000
[2026-04-27 05:19:03,420][__main__][INFO] - Validation:  Bisim_loss: 0.1387                      z_loss: 0.0890  z_proprio_loss: 0.0083                     Bisim z_dist: 1.7475  Bisim r_dist: 0.0466                      Var reg: 0.0000  Transition_dist: 1.8053                     Cov reg: 0.0000
[2026-04-27 05:19:03,620][__main__][INFO] - Saved model to /home/gloria/Bis-JEPA/outputs/2026-04-26/23-20-39
[2026-04-27 05:32:13,931][__main__][INFO] - Epoch 25  Training loss: 0.1434  Validation loss: 0.2150
[2026-04-27 05:32:13,931][__main__][INFO] - Train:  Bisim_loss: 0.0639                      z_loss: 0.0795  z_proprio_loss: 0.0119                     Bisim z_dist: 1.7288  Bisim r_dist: 0.0366                      Var reg (comparable to PCA var col): 0.0000  Transition_dist: 1.8118                     Cov reg (comparable to PCA cov col): 0.0000
[2026-04-27 05:32:13,931][__main__][INFO] - Validation:  Bisim_loss: 0.1270                      z_loss: 0.0879  z_proprio_loss: 0.0081                     Bisim z_dist: 1.7272  Bisim r_dist: 0.0486                      Var reg: 0.0000  Transition_dist: 1.7907                     Cov reg: 0.0000
[2026-04-27 05:32:14,121][__main__][INFO] - Saved model to /home/gloria/Bis-JEPA/outputs/2026-04-26/23-20-39
[2026-04-27 05:45:21,897][__main__][INFO] - Epoch 26  Training loss: 0.1405  Validation loss: 0.2181
[2026-04-27 05:45:21,898][__main__][INFO] - Train:  Bisim_loss: 0.0623                      z_loss: 0.0781  z_proprio_loss: 0.0115                     Bisim z_dist: 1.7229  Bisim r_dist: 0.0354                      Var reg (comparable to PCA var col): 0.0000  Transition_dist: 1.8063                     Cov reg (comparable to PCA cov col): 0.0000
[2026-04-27 05:45:21,898][__main__][INFO] - Validation:  Bisim_loss: 0.1307                      z_loss: 0.0874  z_proprio_loss: 0.0079                     Bisim z_dist: 1.7094  Bisim r_dist: 0.0441                      Var reg: 0.0000  Transition_dist: 1.7823                     Cov reg: 0.0000
[2026-04-27 05:45:22,073][__main__][INFO] - Saved model to /home/gloria/Bis-JEPA/outputs/2026-04-26/23-20-39
[2026-04-27 05:58:18,424][__main__][INFO] - Epoch 27  Training loss: 0.1402  Validation loss: 0.2242
[2026-04-27 05:58:18,427][__main__][INFO] - Train:  Bisim_loss: 0.0624                      z_loss: 0.0778  z_proprio_loss: 0.0111                     Bisim z_dist: 1.7278  Bisim r_dist: 0.0367                      Var reg (comparable to PCA var col): 0.0000  Transition_dist: 1.8095                     Cov reg (comparable to PCA cov col): 0.0000
[2026-04-27 05:58:18,428][__main__][INFO] - Validation:  Bisim_loss: 0.1350                      z_loss: 0.0892  z_proprio_loss: 0.0081                     Bisim z_dist: 1.7404  Bisim r_dist: 0.0461                      Var reg: 0.0000  Transition_dist: 1.7940                     Cov reg: 0.0000
[2026-04-27 05:58:18,801][__main__][INFO] - Saved model to /home/gloria/Bis-JEPA/outputs/2026-04-26/23-20-39
[2026-04-27 06:11:25,768][__main__][INFO] - Epoch 28  Training loss: 0.1407  Validation loss: 0.2201
[2026-04-27 06:11:25,769][__main__][INFO] - Train:  Bisim_loss: 0.0629                      z_loss: 0.0778  z_proprio_loss: 0.0108                     Bisim z_dist: 1.7283  Bisim r_dist: 0.0380                      Var reg (comparable to PCA var col): 0.0000  Transition_dist: 1.8100                     Cov reg (comparable to PCA cov col): 0.0000
[2026-04-27 06:11:25,770][__main__][INFO] - Validation:  Bisim_loss: 0.1302                      z_loss: 0.0900  z_proprio_loss: 0.0083                     Bisim z_dist: 1.7227  Bisim r_dist: 0.0547                      Var reg: 0.0000  Transition_dist: 1.7838                     Cov reg: 0.0000
[2026-04-27 06:11:25,981][__main__][INFO] - Saved model to /home/gloria/Bis-JEPA/outputs/2026-04-26/23-20-39
[2026-04-27 06:24:11,756][__main__][INFO] - Epoch 29  Training loss: 0.1383  Validation loss: 0.2232
[2026-04-27 06:24:11,757][__main__][INFO] - Train:  Bisim_loss: 0.0611                      z_loss: 0.0772  z_proprio_loss: 0.0104                     Bisim z_dist: 1.7277  Bisim r_dist: 0.0385                      Var reg (comparable to PCA var col): 0.0000  Transition_dist: 1.8090                     Cov reg (comparable to PCA cov col): 0.0000
[2026-04-27 06:24:11,757][__main__][INFO] - Validation:  Bisim_loss: 0.1339                      z_loss: 0.0892  z_proprio_loss: 0.0076                     Bisim z_dist: 1.7047  Bisim r_dist: 0.0458                      Var reg: 0.0000  Transition_dist: 1.7715                     Cov reg: 0.0000
[2026-04-27 06:24:12,027][__main__][INFO] - Saved model to /home/gloria/Bis-JEPA/outputs/2026-04-26/23-20-39
[2026-04-27 06:37:31,327][__main__][INFO] - Epoch 30  Training loss: 0.1385  Validation loss: 0.2181
[2026-04-27 06:37:31,327][__main__][INFO] - Train:  Bisim_loss: 0.0614                      z_loss: 0.0771  z_proprio_loss: 0.0101                     Bisim z_dist: 1.7288  Bisim r_dist: 0.0363                      Var reg (comparable to PCA var col): 0.0000  Transition_dist: 1.8099                     Cov reg (comparable to PCA cov col): 0.0000
[2026-04-27 06:37:31,327][__main__][INFO] - Validation:  Bisim_loss: 0.1271                      z_loss: 0.0909  z_proprio_loss: 0.0086                     Bisim z_dist: 1.7112  Bisim r_dist: 0.0444                      Var reg: 0.0000  Transition_dist: 1.7771                     Cov reg: 0.0000
[2026-04-27 06:37:31,500][__main__][INFO] - Saved model to /home/gloria/Bis-JEPA/outputs/2026-04-26/23-20-39
[2026-04-27 06:50:43,946][__main__][INFO] - Epoch 31  Training loss: 0.1370  Validation loss: 0.2214
[2026-04-27 06:50:43,946][__main__][INFO] - Train:  Bisim_loss: 0.0603                      z_loss: 0.0767  z_proprio_loss: 0.0098                     Bisim z_dist: 1.7346  Bisim r_dist: 0.0367                      Var reg (comparable to PCA var col): 0.0000  Transition_dist: 1.8130                     Cov reg (comparable to PCA cov col): 0.0000
[2026-04-27 06:50:43,946][__main__][INFO] - Validation:  Bisim_loss: 0.1317                      z_loss: 0.0897  z_proprio_loss: 0.0071                     Bisim z_dist: 1.7300  Bisim r_dist: 0.0452                      Var reg: 0.0000  Transition_dist: 1.7877                     Cov reg: 0.0000
[2026-04-27 06:50:44,113][__main__][INFO] - Saved model to /home/gloria/Bis-JEPA/outputs/2026-04-26/23-20-39
[2026-04-27 07:04:03,775][__main__][INFO] - Epoch 32  Training loss: 0.1362  Validation loss: 0.2187
[2026-04-27 07:04:03,775][__main__][INFO] - Train:  Bisim_loss: 0.0600                      z_loss: 0.0762  z_proprio_loss: 0.0095                     Bisim z_dist: 1.7336  Bisim r_dist: 0.0350                      Var reg (comparable to PCA var col): 0.0000  Transition_dist: 1.8129                     Cov reg (comparable to PCA cov col): 0.0000
[2026-04-27 07:04:03,775][__main__][INFO] - Validation:  Bisim_loss: 0.1293                      z_loss: 0.0893  z_proprio_loss: 0.0074                     Bisim z_dist: 1.7241  Bisim r_dist: 0.0457                      Var reg: 0.0000  Transition_dist: 1.7871                     Cov reg: 0.0000
[2026-04-27 07:04:04,004][__main__][INFO] - Saved model to /home/gloria/Bis-JEPA/outputs/2026-04-26/23-20-39
[2026-04-27 07:17:39,048][__main__][INFO] - Epoch 33  Training loss: 0.1361  Validation loss: 0.2172
[2026-04-27 07:17:39,049][__main__][INFO] - Train:  Bisim_loss: 0.0605                      z_loss: 0.0756  z_proprio_loss: 0.0093                     Bisim z_dist: 1.7333  Bisim r_dist: 0.0372                      Var reg (comparable to PCA var col): 0.0000  Transition_dist: 1.8128                     Cov reg (comparable to PCA cov col): 0.0000
[2026-04-27 07:17:39,049][__main__][INFO] - Validation:  Bisim_loss: 0.1277                      z_loss: 0.0895  z_proprio_loss: 0.0073                     Bisim z_dist: 1.7323  Bisim r_dist: 0.0433                      Var reg: 0.0000  Transition_dist: 1.7911                     Cov reg: 0.0000
[2026-04-27 07:17:39,239][__main__][INFO] - Saved model to /home/gloria/Bis-JEPA/outputs/2026-04-26/23-20-39
[2026-04-27 07:31:00,203][__main__][INFO] - Epoch 34  Training loss: 0.1351  Validation loss: 0.2192
[2026-04-27 07:31:00,204][__main__][INFO] - Train:  Bisim_loss: 0.0600                      z_loss: 0.0751  z_proprio_loss: 0.0091                     Bisim z_dist: 1.7348  Bisim r_dist: 0.0357                      Var reg (comparable to PCA var col): 0.0000  Transition_dist: 1.8142                     Cov reg (comparable to PCA cov col): 0.0000
[2026-04-27 07:31:00,204][__main__][INFO] - Validation:  Bisim_loss: 0.1277                      z_loss: 0.0915  z_proprio_loss: 0.0080                     Bisim z_dist: 1.7373  Bisim r_dist: 0.0452                      Var reg: 0.0000  Transition_dist: 1.7962                     Cov reg: 0.0000
[2026-04-27 07:31:00,387][__main__][INFO] - Saved model to /home/gloria/Bis-JEPA/outputs/2026-04-26/23-20-39
[2026-04-27 07:43:58,506][__main__][INFO] - Epoch 35  Training loss: 0.1352  Validation loss: 0.2252
[2026-04-27 07:43:58,506][__main__][INFO] - Train:  Bisim_loss: 0.0603                      z_loss: 0.0749  z_proprio_loss: 0.0089                     Bisim z_dist: 1.7376  Bisim r_dist: 0.0382                      Var reg (comparable to PCA var col): 0.0000  Transition_dist: 1.8160                     Cov reg (comparable to PCA cov col): 0.0000
[2026-04-27 07:43:58,506][__main__][INFO] - Validation:  Bisim_loss: 0.1332                      z_loss: 0.0920  z_proprio_loss: 0.0066                     Bisim z_dist: 1.7504  Bisim r_dist: 0.0473                      Var reg: 0.0000  Transition_dist: 1.8013                     Cov reg: 0.0000
[2026-04-27 07:43:58,694][__main__][INFO] - Saved model to /home/gloria/Bis-JEPA/outputs/2026-04-26/23-20-39
[2026-04-27 07:57:11,128][__main__][INFO] - Epoch 36  Training loss: 0.1334  Validation loss: 0.2165
[2026-04-27 07:57:11,128][__main__][INFO] - Train:  Bisim_loss: 0.0592                      z_loss: 0.0742  z_proprio_loss: 0.0087                     Bisim z_dist: 1.7381  Bisim r_dist: 0.0391                      Var reg (comparable to PCA var col): 0.0000  Transition_dist: 1.8164                     Cov reg (comparable to PCA cov col): 0.0000
[2026-04-27 07:57:11,128][__main__][INFO] - Validation:  Bisim_loss: 0.1276                      z_loss: 0.0889  z_proprio_loss: 0.0069                     Bisim z_dist: 1.7332  Bisim r_dist: 0.0456                      Var reg: 0.0000  Transition_dist: 1.7936                     Cov reg: 0.0000
[2026-04-27 07:57:11,312][__main__][INFO] - Saved model to /home/gloria/Bis-JEPA/outputs/2026-04-26/23-20-39
[2026-04-27 08:10:27,636][__main__][INFO] - Epoch 37  Training loss: 0.1331  Validation loss: 0.2238
[2026-04-27 08:10:27,637][__main__][INFO] - Train:  Bisim_loss: 0.0597                      z_loss: 0.0734  z_proprio_loss: 0.0084                     Bisim z_dist: 1.7321  Bisim r_dist: 0.0388                      Var reg (comparable to PCA var col): 0.0000  Transition_dist: 1.8107                     Cov reg (comparable to PCA cov col): 0.0000
[2026-04-27 08:10:27,637][__main__][INFO] - Validation:  Bisim_loss: 0.1331                      z_loss: 0.0908  z_proprio_loss: 0.0074                     Bisim z_dist: 1.7245  Bisim r_dist: 0.0429                      Var reg: 0.0000  Transition_dist: 1.7822                     Cov reg: 0.0000
[2026-04-27 08:10:27,831][__main__][INFO] - Saved model to /home/gloria/Bis-JEPA/outputs/2026-04-26/23-20-39
[2026-04-27 08:23:45,393][__main__][INFO] - Epoch 38  Training loss: 0.1328  Validation loss: 0.2186
[2026-04-27 08:23:45,394][__main__][INFO] - Train:  Bisim_loss: 0.0590                      z_loss: 0.0739  z_proprio_loss: 0.0083                     Bisim z_dist: 1.7359  Bisim r_dist: 0.0345                      Var reg (comparable to PCA var col): 0.0000  Transition_dist: 1.8140                     Cov reg (comparable to PCA cov col): 0.0000
[2026-04-27 08:23:45,394][__main__][INFO] - Validation:  Bisim_loss: 0.1270                      z_loss: 0.0916  z_proprio_loss: 0.0073                     Bisim z_dist: 1.7307  Bisim r_dist: 0.0397                      Var reg: 0.0000  Transition_dist: 1.7933                     Cov reg: 0.0000
[2026-04-27 08:23:45,620][__main__][INFO] - Saved model to /home/gloria/Bis-JEPA/outputs/2026-04-26/23-20-39
[2026-04-27 08:37:22,044][__main__][INFO] - Epoch 39  Training loss: 0.1335  Validation loss: 0.2174
[2026-04-27 08:37:22,045][__main__][INFO] - Train:  Bisim_loss: 0.0596                      z_loss: 0.0738  z_proprio_loss: 0.0082                     Bisim z_dist: 1.7400  Bisim r_dist: 0.0367                      Var reg (comparable to PCA var col): 0.0000  Transition_dist: 1.8173                     Cov reg (comparable to PCA cov col): 0.0000
[2026-04-27 08:37:22,045][__main__][INFO] - Validation:  Bisim_loss: 0.1274                      z_loss: 0.0900  z_proprio_loss: 0.0065                     Bisim z_dist: 1.7052  Bisim r_dist: 0.0447                      Var reg: 0.0000  Transition_dist: 1.7659                     Cov reg: 0.0000
[2026-04-27 08:37:22,251][__main__][INFO] - Saved model to /home/gloria/Bis-JEPA/outputs/2026-04-26/23-20-39
[2026-04-27 08:50:33,587][__main__][INFO] - Epoch 40  Training loss: 0.1323  Validation loss: 0.2208
[2026-04-27 08:50:33,588][__main__][INFO] - Train:  Bisim_loss: 0.0585                      z_loss: 0.0738  z_proprio_loss: 0.0081                     Bisim z_dist: 1.7393  Bisim r_dist: 0.0374                      Var reg (comparable to PCA var col): 0.0000  Transition_dist: 1.8158                     Cov reg (comparable to PCA cov col): 0.0000
[2026-04-27 08:50:33,588][__main__][INFO] - Validation:  Bisim_loss: 0.1287                      z_loss: 0.0921  z_proprio_loss: 0.0078                     Bisim z_dist: 1.7283  Bisim r_dist: 0.0458                      Var reg: 0.0000  Transition_dist: 1.7895                     Cov reg: 0.0000
[2026-04-27 08:50:33,765][__main__][INFO] - Saved model to /home/gloria/Bis-JEPA/outputs/2026-04-26/23-20-39
[2026-04-27 09:04:03,426][__main__][INFO] - Epoch 41  Training loss: 0.1324  Validation loss: 0.2224
[2026-04-27 09:04:03,426][__main__][INFO] - Train:  Bisim_loss: 0.0592                      z_loss: 0.0731  z_proprio_loss: 0.0079                     Bisim z_dist: 1.7375  Bisim r_dist: 0.0371                      Var reg (comparable to PCA var col): 0.0000  Transition_dist: 1.8155                     Cov reg (comparable to PCA cov col): 0.0000
[2026-04-27 09:04:03,426][__main__][INFO] - Validation:  Bisim_loss: 0.1301                      z_loss: 0.0923  z_proprio_loss: 0.0064                     Bisim z_dist: 1.7413  Bisim r_dist: 0.0427                      Var reg: 0.0000  Transition_dist: 1.7996                     Cov reg: 0.0000
[2026-04-27 09:04:03,605][__main__][INFO] - Saved model to /home/gloria/Bis-JEPA/outputs/2026-04-26/23-20-39
[2026-04-27 09:17:15,558][__main__][INFO] - Epoch 42  Training loss: 0.1301  Validation loss: 0.2201
[2026-04-27 09:17:15,559][__main__][INFO] - Train:  Bisim_loss: 0.0575                      z_loss: 0.0726  z_proprio_loss: 0.0077                     Bisim z_dist: 1.7392  Bisim r_dist: 0.0364                      Var reg (comparable to PCA var col): 0.0000  Transition_dist: 1.8159                     Cov reg (comparable to PCA cov col): 0.0000
[2026-04-27 09:17:15,559][__main__][INFO] - Validation:  Bisim_loss: 0.1283                      z_loss: 0.0918  z_proprio_loss: 0.0070                     Bisim z_dist: 1.7639  Bisim r_dist: 0.0479                      Var reg: 0.0000  Transition_dist: 1.8074                     Cov reg: 0.0000
[2026-04-27 09:17:15,841][__main__][INFO] - Saved model to /home/gloria/Bis-JEPA/outputs/2026-04-26/23-20-39
[2026-04-27 09:30:39,915][__main__][INFO] - Epoch 43  Training loss: 0.1300  Validation loss: 0.2218
[2026-04-27 09:30:39,916][__main__][INFO] - Train:  Bisim_loss: 0.0580                      z_loss: 0.0720  z_proprio_loss: 0.0076                     Bisim z_dist: 1.7370  Bisim r_dist: 0.0383                      Var reg (comparable to PCA var col): 0.0000  Transition_dist: 1.8148                     Cov reg (comparable to PCA cov col): 0.0000
[2026-04-27 09:30:39,916][__main__][INFO] - Validation:  Bisim_loss: 0.1311                      z_loss: 0.0908  z_proprio_loss: 0.0068                     Bisim z_dist: 1.7262  Bisim r_dist: 0.0455                      Var reg: 0.0000  Transition_dist: 1.7809                     Cov reg: 0.0000
[2026-04-27 09:30:40,206][__main__][INFO] - Saved model to /home/gloria/Bis-JEPA/outputs/2026-04-26/23-20-39
[2026-04-27 09:43:39,772][__main__][INFO] - Epoch 44  Training loss: 0.1282  Validation loss: 0.2209
[2026-04-27 09:43:39,772][__main__][INFO] - Train:  Bisim_loss: 0.0570                      z_loss: 0.0712  z_proprio_loss: 0.0075                     Bisim z_dist: 1.7409  Bisim r_dist: 0.0384                      Var reg (comparable to PCA var col): 0.0000  Transition_dist: 1.8171                     Cov reg (comparable to PCA cov col): 0.0000
[2026-04-27 09:43:39,772][__main__][INFO] - Validation:  Bisim_loss: 0.1299                      z_loss: 0.0910  z_proprio_loss: 0.0067                     Bisim z_dist: 1.7324  Bisim r_dist: 0.0483                      Var reg: 0.0000  Transition_dist: 1.7848                     Cov reg: 0.0000
[2026-04-27 09:43:39,973][__main__][INFO] - Saved model to /home/gloria/Bis-JEPA/outputs/2026-04-26/23-20-39
[2026-04-27 09:57:34,175][__main__][INFO] - Epoch 45  Training loss: 0.1254  Validation loss: 0.2170
[2026-04-27 09:57:34,175][__main__][INFO] - Train:  Bisim_loss: 0.0545                      z_loss: 0.0709  z_proprio_loss: 0.0074                     Bisim z_dist: 1.7455  Bisim r_dist: 0.0353                      Var reg (comparable to PCA var col): 0.0000  Transition_dist: 1.8186                     Cov reg (comparable to PCA cov col): 0.0000
[2026-04-27 09:57:34,175][__main__][INFO] - Validation:  Bisim_loss: 0.1255                      z_loss: 0.0915  z_proprio_loss: 0.0069                     Bisim z_dist: 1.7431  Bisim r_dist: 0.0402                      Var reg: 0.0000  Transition_dist: 1.7967                     Cov reg: 0.0000
[2026-04-27 09:57:34,409][__main__][INFO] - Saved model to /home/gloria/Bis-JEPA/outputs/2026-04-26/23-20-39
[2026-04-27 10:11:52,105][__main__][INFO] - Epoch 46  Training loss: 0.1271  Validation loss: 0.2238
[2026-04-27 10:11:52,106][__main__][INFO] - Train:  Bisim_loss: 0.0565                      z_loss: 0.0706  z_proprio_loss: 0.0073                     Bisim z_dist: 1.7448  Bisim r_dist: 0.0347                      Var reg (comparable to PCA var col): 0.0000  Transition_dist: 1.8194                     Cov reg (comparable to PCA cov col): 0.0000
[2026-04-27 10:11:52,106][__main__][INFO] - Validation:  Bisim_loss: 0.1310                      z_loss: 0.0928  z_proprio_loss: 0.0074                     Bisim z_dist: 1.7294  Bisim r_dist: 0.0465                      Var reg: 0.0000  Transition_dist: 1.7898                     Cov reg: 0.0000
[2026-04-27 10:11:52,285][__main__][INFO] - Saved model to /home/gloria/Bis-JEPA/outputs/2026-04-26/23-20-39
[2026-04-27 10:26:11,058][__main__][INFO] - Epoch 47  Training loss: 0.1253  Validation loss: 0.2196
[2026-04-27 10:26:11,058][__main__][INFO] - Train:  Bisim_loss: 0.0550                      z_loss: 0.0703  z_proprio_loss: 0.0072                     Bisim z_dist: 1.7469  Bisim r_dist: 0.0385                      Var reg (comparable to PCA var col): 0.0000  Transition_dist: 1.8192                     Cov reg (comparable to PCA cov col): 0.0000
[2026-04-27 10:26:11,059][__main__][INFO] - Validation:  Bisim_loss: 0.1287                      z_loss: 0.0908  z_proprio_loss: 0.0069                     Bisim z_dist: 1.7290  Bisim r_dist: 0.0464                      Var reg: 0.0000  Transition_dist: 1.7889                     Cov reg: 0.0000
[2026-04-27 10:26:11,380][__main__][INFO] - Saved model to /home/gloria/Bis-JEPA/outputs/2026-04-26/23-20-39
[2026-04-27 10:40:48,349][__main__][INFO] - Epoch 48  Training loss: 0.1240  Validation loss: 0.2199
[2026-04-27 10:40:48,349][__main__][INFO] - Train:  Bisim_loss: 0.0544                      z_loss: 0.0696  z_proprio_loss: 0.0071                     Bisim z_dist: 1.7504  Bisim r_dist: 0.0382                      Var reg (comparable to PCA var col): 0.0000  Transition_dist: 1.8223                     Cov reg (comparable to PCA cov col): 0.0000
[2026-04-27 10:40:48,350][__main__][INFO] - Validation:  Bisim_loss: 0.1290                      z_loss: 0.0909  z_proprio_loss: 0.0067                     Bisim z_dist: 1.7148  Bisim r_dist: 0.0452                      Var reg: 0.0000  Transition_dist: 1.7828                     Cov reg: 0.0000
[2026-04-27 10:40:48,516][__main__][INFO] - Saved model to /home/gloria/Bis-JEPA/outputs/2026-04-26/23-20-39
[2026-04-27 10:55:05,379][__main__][INFO] - Epoch 49  Training loss: 0.1244  Validation loss: 0.2282
[2026-04-27 10:55:05,380][__main__][INFO] - Train:  Bisim_loss: 0.0553                      z_loss: 0.0691  z_proprio_loss: 0.0070                     Bisim z_dist: 1.7462  Bisim r_dist: 0.0354                      Var reg (comparable to PCA var col): 0.0000  Transition_dist: 1.8185                     Cov reg (comparable to PCA cov col): 0.0000
[2026-04-27 10:55:05,380][__main__][INFO] - Validation:  Bisim_loss: 0.1370                      z_loss: 0.0912  z_proprio_loss: 0.0060                     Bisim z_dist: 1.7310  Bisim r_dist: 0.0419                      Var reg: 0.0000  Transition_dist: 1.7805                     Cov reg: 0.0000
[2026-04-27 10:55:05,619][__main__][INFO] - Saved model to /home/gloria/Bis-JEPA/outputs/2026-04-26/23-20-39
[2026-04-27 11:09:30,611][__main__][INFO] - Epoch 50  Training loss: 0.1252  Validation loss: 0.2191
[2026-04-27 11:09:30,612][__main__][INFO] - Train:  Bisim_loss: 0.0562                      z_loss: 0.0690  z_proprio_loss: 0.0069                     Bisim z_dist: 1.7411  Bisim r_dist: 0.0359                      Var reg (comparable to PCA var col): 0.0000  Transition_dist: 1.8157                     Cov reg (comparable to PCA cov col): 0.0000
[2026-04-27 11:09:30,612][__main__][INFO] - Validation:  Bisim_loss: 0.1270                      z_loss: 0.0921  z_proprio_loss: 0.0065                     Bisim z_dist: 1.7391  Bisim r_dist: 0.0438                      Var reg: 0.0000  Transition_dist: 1.7952                     Cov reg: 0.0000
[2026-04-27 11:09:30,838][__main__][INFO] - Saved model to /home/gloria/Bis-JEPA/outputs/2026-04-26/23-20-39
[2026-04-27 11:23:44,467][__main__][INFO] - Epoch 51  Training loss: 0.1253  Validation loss: 0.2228
[2026-04-27 11:23:44,468][__main__][INFO] - Train:  Bisim_loss: 0.0562                      z_loss: 0.0691  z_proprio_loss: 0.0068                     Bisim z_dist: 1.7468  Bisim r_dist: 0.0366                      Var reg (comparable to PCA var col): 0.0000  Transition_dist: 1.8204                     Cov reg (comparable to PCA cov col): 0.0000
[2026-04-27 11:23:44,468][__main__][INFO] - Validation:  Bisim_loss: 0.1304                      z_loss: 0.0924  z_proprio_loss: 0.0062                     Bisim z_dist: 1.7227  Bisim r_dist: 0.0429                      Var reg: 0.0000  Transition_dist: 1.7829                     Cov reg: 0.0000
[2026-04-27 11:23:44,643][__main__][INFO] - Saved model to /home/gloria/Bis-JEPA/outputs/2026-04-26/23-20-39
[2026-04-27 11:37:49,793][__main__][INFO] - Epoch 52  Training loss: 0.1246  Validation loss: 0.2153
[2026-04-27 11:37:49,793][__main__][INFO] - Train:  Bisim_loss: 0.0556                      z_loss: 0.0691  z_proprio_loss: 0.0068                     Bisim z_dist: 1.7488  Bisim r_dist: 0.0370                      Var reg (comparable to PCA var col): 0.0000  Transition_dist: 1.8217                     Cov reg (comparable to PCA cov col): 0.0000
[2026-04-27 11:37:49,793][__main__][INFO] - Validation:  Bisim_loss: 0.1227                      z_loss: 0.0926  z_proprio_loss: 0.0064                     Bisim z_dist: 1.7040  Bisim r_dist: 0.0452                      Var reg: 0.0000  Transition_dist: 1.7741                     Cov reg: 0.0000
[2026-04-27 11:37:49,967][__main__][INFO] - Saved model to /home/gloria/Bis-JEPA/outputs/2026-04-26/23-20-39
[2026-04-27 11:52:20,847][__main__][INFO] - Epoch 53  Training loss: 0.1229  Validation loss: 0.2225
[2026-04-27 11:52:20,848][__main__][INFO] - Train:  Bisim_loss: 0.0539                      z_loss: 0.0690  z_proprio_loss: 0.0067                     Bisim z_dist: 1.7508  Bisim r_dist: 0.0370                      Var reg (comparable to PCA var col): 0.0000  Transition_dist: 1.8218                     Cov reg (comparable to PCA cov col): 0.0000
[2026-04-27 11:52:20,848][__main__][INFO] - Validation:  Bisim_loss: 0.1278                      z_loss: 0.0947  z_proprio_loss: 0.0064                     Bisim z_dist: 1.7395  Bisim r_dist: 0.0431                      Var reg: 0.0000  Transition_dist: 1.7912                     Cov reg: 0.0000
[2026-04-27 11:52:21,029][__main__][INFO] - Saved model to /home/gloria/Bis-JEPA/outputs/2026-04-26/23-20-39
[2026-04-27 12:07:09,855][__main__][INFO] - Epoch 54  Training loss: 0.1233  Validation loss: 0.2207
[2026-04-27 12:07:09,855][__main__][INFO] - Train:  Bisim_loss: 0.0542                      z_loss: 0.0690  z_proprio_loss: 0.0067                     Bisim z_dist: 1.7518  Bisim r_dist: 0.0379                      Var reg (comparable to PCA var col): 0.0000  Transition_dist: 1.8231                     Cov reg (comparable to PCA cov col): 0.0000
[2026-04-27 12:07:09,855][__main__][INFO] - Validation:  Bisim_loss: 0.1266                      z_loss: 0.0941  z_proprio_loss: 0.0066                     Bisim z_dist: 1.7369  Bisim r_dist: 0.0468                      Var reg: 0.0000  Transition_dist: 1.7913                     Cov reg: 0.0000
[2026-04-27 12:07:10,098][__main__][INFO] - Saved model to /home/gloria/Bis-JEPA/outputs/2026-04-26/23-20-39
[2026-04-27 12:21:32,304][__main__][INFO] - Epoch 55  Training loss: 0.1209  Validation loss: 0.2155
[2026-04-27 12:21:32,304][__main__][INFO] - Train:  Bisim_loss: 0.0526                      z_loss: 0.0683  z_proprio_loss: 0.0066                     Bisim z_dist: 1.7533  Bisim r_dist: 0.0370                      Var reg (comparable to PCA var col): 0.0000  Transition_dist: 1.8243                     Cov reg (comparable to PCA cov col): 0.0000
[2026-04-27 12:21:32,304][__main__][INFO] - Validation:  Bisim_loss: 0.1221                      z_loss: 0.0934  z_proprio_loss: 0.0062                     Bisim z_dist: 1.7100  Bisim r_dist: 0.0439                      Var reg: 0.0000  Transition_dist: 1.7780                     Cov reg: 0.0000
[2026-04-27 12:21:32,561][__main__][INFO] - Saved model to /home/gloria/Bis-JEPA/outputs/2026-04-26/23-20-39
[2026-04-27 12:35:49,344][__main__][INFO] - Epoch 56  Training loss: 0.1205  Validation loss: 0.2175
[2026-04-27 12:35:49,344][__main__][INFO] - Train:  Bisim_loss: 0.0527                      z_loss: 0.0678  z_proprio_loss: 0.0065                     Bisim z_dist: 1.7556  Bisim r_dist: 0.0352                      Var reg (comparable to PCA var col): 0.0000  Transition_dist: 1.8252                     Cov reg (comparable to PCA cov col): 0.0000
[2026-04-27 12:35:49,344][__main__][INFO] - Validation:  Bisim_loss: 0.1234                      z_loss: 0.0941  z_proprio_loss: 0.0065                     Bisim z_dist: 1.7222  Bisim r_dist: 0.0438                      Var reg: 0.0000  Transition_dist: 1.7843                     Cov reg: 0.0000
[2026-04-27 12:35:49,539][__main__][INFO] - Saved model to /home/gloria/Bis-JEPA/outputs/2026-04-26/23-20-39
[2026-04-27 12:50:06,729][__main__][INFO] - Epoch 57  Training loss: 0.1205  Validation loss: 0.2263
[2026-04-27 12:50:06,729][__main__][INFO] - Train:  Bisim_loss: 0.0529                      z_loss: 0.0675  z_proprio_loss: 0.0065                     Bisim z_dist: 1.7559  Bisim r_dist: 0.0338                      Var reg (comparable to PCA var col): 0.0000  Transition_dist: 1.8252                     Cov reg (comparable to PCA cov col): 0.0000
[2026-04-27 12:50:06,729][__main__][INFO] - Validation:  Bisim_loss: 0.1324                      z_loss: 0.0939  z_proprio_loss: 0.0068                     Bisim z_dist: 1.7108  Bisim r_dist: 0.0407                      Var reg: 0.0000  Transition_dist: 1.7735                     Cov reg: 0.0000
[2026-04-27 12:50:06,908][__main__][INFO] - Saved model to /home/gloria/Bis-JEPA/outputs/2026-04-26/23-20-39
[2026-04-27 13:04:57,502][__main__][INFO] - Epoch 58  Training loss: 0.1214  Validation loss: 0.2256
[2026-04-27 13:04:57,502][__main__][INFO] - Train:  Bisim_loss: 0.0539                      z_loss: 0.0675  z_proprio_loss: 0.0065                     Bisim z_dist: 1.7538  Bisim r_dist: 0.0321                      Var reg (comparable to PCA var col): 0.0000  Transition_dist: 1.8250                     Cov reg (comparable to PCA cov col): 0.0000
[2026-04-27 13:04:57,503][__main__][INFO] - Validation:  Bisim_loss: 0.1312                      z_loss: 0.0944  z_proprio_loss: 0.0065                     Bisim z_dist: 1.7161  Bisim r_dist: 0.0393                      Var reg: 0.0000  Transition_dist: 1.7785                     Cov reg: 0.0000
[2026-04-27 13:04:57,741][__main__][INFO] - Saved model to /home/gloria/Bis-JEPA/outputs/2026-04-26/23-20-39
[2026-04-27 13:19:38,267][__main__][INFO] - Epoch 59  Training loss: 0.1195  Validation loss: 0.2245
[2026-04-27 13:19:38,268][__main__][INFO] - Train:  Bisim_loss: 0.0523                      z_loss: 0.0672  z_proprio_loss: 0.0064                     Bisim z_dist: 1.7579  Bisim r_dist: 0.0343                      Var reg (comparable to PCA var col): 0.0000  Transition_dist: 1.8262                     Cov reg (comparable to PCA cov col): 0.0000
[2026-04-27 13:19:38,268][__main__][INFO] - Validation:  Bisim_loss: 0.1292                      z_loss: 0.0953  z_proprio_loss: 0.0066                     Bisim z_dist: 1.7237  Bisim r_dist: 0.0421                      Var reg: 0.0000  Transition_dist: 1.7772                     Cov reg: 0.0000
[2026-04-27 13:19:38,473][__main__][INFO] - Saved model to /home/gloria/Bis-JEPA/outputs/2026-04-26/23-20-39
[2026-04-27 13:33:58,308][__main__][INFO] - Epoch 60  Training loss: 0.1185  Validation loss: 0.2272
[2026-04-27 13:33:58,309][__main__][INFO] - Train:  Bisim_loss: 0.0518                      z_loss: 0.0667  z_proprio_loss: 0.0064                     Bisim z_dist: 1.7609  Bisim r_dist: 0.0344                      Var reg (comparable to PCA var col): 0.0000  Transition_dist: 1.8292                     Cov reg (comparable to PCA cov col): 0.0000
[2026-04-27 13:33:58,309][__main__][INFO] - Validation:  Bisim_loss: 0.1324                      z_loss: 0.0948  z_proprio_loss: 0.0063                     Bisim z_dist: 1.7328  Bisim r_dist: 0.0404                      Var reg: 0.0000  Transition_dist: 1.7886                     Cov reg: 0.0000
[2026-04-27 13:33:58,519][__main__][INFO] - Saved model to /home/gloria/Bis-JEPA/outputs/2026-04-26/23-20-39
[2026-04-27 13:47:28,568][__main__][INFO] - Epoch 61  Training loss: 0.1174  Validation loss: 0.2253
[2026-04-27 13:47:28,568][__main__][INFO] - Train:  Bisim_loss: 0.0510                      z_loss: 0.0664  z_proprio_loss: 0.0063                     Bisim z_dist: 1.7581  Bisim r_dist: 0.0352                      Var reg (comparable to PCA var col): 0.0000  Transition_dist: 1.8246                     Cov reg (comparable to PCA cov col): 0.0000
[2026-04-27 13:47:28,568][__main__][INFO] - Validation:  Bisim_loss: 0.1290                      z_loss: 0.0963  z_proprio_loss: 0.0067                     Bisim z_dist: 1.7456  Bisim r_dist: 0.0437                      Var reg: 0.0000  Transition_dist: 1.7936                     Cov reg: 0.0000
[2026-04-27 13:47:28,761][__main__][INFO] - Saved model to /home/gloria/Bis-JEPA/outputs/2026-04-26/23-20-39
[2026-04-27 14:00:04,491][__main__][INFO] - Epoch 62  Training loss: 0.1185  Validation loss: 0.2263
[2026-04-27 14:00:04,491][__main__][INFO] - Train:  Bisim_loss: 0.0522                      z_loss: 0.0663  z_proprio_loss: 0.0063                     Bisim z_dist: 1.7557  Bisim r_dist: 0.0345                      Var reg (comparable to PCA var col): 0.0000  Transition_dist: 1.8239                     Cov reg (comparable to PCA cov col): 0.0000
[2026-04-27 14:00:04,492][__main__][INFO] - Validation:  Bisim_loss: 0.1308                      z_loss: 0.0954  z_proprio_loss: 0.0069                     Bisim z_dist: 1.7406  Bisim r_dist: 0.0425                      Var reg: 0.0000  Transition_dist: 1.7935                     Cov reg: 0.0000
[2026-04-27 14:00:04,678][__main__][INFO] - Saved model to /home/gloria/Bis-JEPA/outputs/2026-04-26/23-20-39
[2026-04-27 14:12:50,042][__main__][INFO] - Epoch 63  Training loss: 0.1186  Validation loss: 0.2222
[2026-04-27 14:12:50,043][__main__][INFO] - Train:  Bisim_loss: 0.0530                      z_loss: 0.0656  z_proprio_loss: 0.0063                     Bisim z_dist: 1.7499  Bisim r_dist: 0.0351                      Var reg (comparable to PCA var col): 0.0000  Transition_dist: 1.8210                     Cov reg (comparable to PCA cov col): 0.0000
[2026-04-27 14:12:50,043][__main__][INFO] - Validation:  Bisim_loss: 0.1278                      z_loss: 0.0944  z_proprio_loss: 0.0061                     Bisim z_dist: 1.6910  Bisim r_dist: 0.0393                      Var reg: 0.0000  Transition_dist: 1.7664                     Cov reg: 0.0000
[2026-04-27 14:12:50,258][__main__][INFO] - Saved model to /home/gloria/Bis-JEPA/outputs/2026-04-26/23-20-39
[2026-04-27 14:25:20,673][__main__][INFO] - Epoch 64  Training loss: 0.1153  Validation loss: 0.2202
[2026-04-27 14:25:20,674][__main__][INFO] - Train:  Bisim_loss: 0.0501                      z_loss: 0.0652  z_proprio_loss: 0.0062                     Bisim z_dist: 1.7638  Bisim r_dist: 0.0327                      Var reg (comparable to PCA var col): 0.0000  Transition_dist: 1.8299                     Cov reg (comparable to PCA cov col): 0.0000
[2026-04-27 14:25:20,674][__main__][INFO] - Validation:  Bisim_loss: 0.1264                      z_loss: 0.0939  z_proprio_loss: 0.0068                     Bisim z_dist: 1.7186  Bisim r_dist: 0.0397                      Var reg: 0.0000  Transition_dist: 1.7819                     Cov reg: 0.0000
[2026-04-27 14:25:20,866][__main__][INFO] - Saved model to /home/gloria/Bis-JEPA/outputs/2026-04-26/23-20-39
[2026-04-27 14:38:04,141][__main__][INFO] - Epoch 65  Training loss: 0.1157  Validation loss: 0.2216
[2026-04-27 14:38:04,149][__main__][INFO] - Train:  Bisim_loss: 0.0509                      z_loss: 0.0648  z_proprio_loss: 0.0062                     Bisim z_dist: 1.7586  Bisim r_dist: 0.0318                      Var reg (comparable to PCA var col): 0.0000  Transition_dist: 1.8265                     Cov reg (comparable to PCA cov col): 0.0000
[2026-04-27 14:38:04,149][__main__][INFO] - Validation:  Bisim_loss: 0.1273                      z_loss: 0.0943  z_proprio_loss: 0.0062                     Bisim z_dist: 1.7066  Bisim r_dist: 0.0393                      Var reg: 0.0000  Transition_dist: 1.7743                     Cov reg: 0.0000
[2026-04-27 14:38:04,319][__main__][INFO] - Saved model to /home/gloria/Bis-JEPA/outputs/2026-04-26/23-20-39
[2026-04-27 14:50:55,740][__main__][INFO] - Epoch 66  Training loss: 0.1157  Validation loss: 0.2222
[2026-04-27 14:50:55,749][__main__][INFO] - Train:  Bisim_loss: 0.0513                      z_loss: 0.0645  z_proprio_loss: 0.0062                     Bisim z_dist: 1.7582  Bisim r_dist: 0.0326                      Var reg (comparable to PCA var col): 0.0000  Transition_dist: 1.8263                     Cov reg (comparable to PCA cov col): 0.0000
[2026-04-27 14:50:55,749][__main__][INFO] - Validation:  Bisim_loss: 0.1275                      z_loss: 0.0947  z_proprio_loss: 0.0066                     Bisim z_dist: 1.7189  Bisim r_dist: 0.0417                      Var reg: 0.0000  Transition_dist: 1.7852                     Cov reg: 0.0000
[2026-04-27 14:50:55,948][__main__][INFO] - Saved model to /home/gloria/Bis-JEPA/outputs/2026-04-26/23-20-39
[2026-04-27 15:04:51,990][__main__][INFO] - Epoch 67  Training loss: 0.1153  Validation loss: 0.2223
[2026-04-27 15:04:51,990][__main__][INFO] - Train:  Bisim_loss: 0.0515                      z_loss: 0.0638  z_proprio_loss: 0.0062                     Bisim z_dist: 1.7564  Bisim r_dist: 0.0350                      Var reg (comparable to PCA var col): 0.0000  Transition_dist: 1.8260                     Cov reg (comparable to PCA cov col): 0.0000
[2026-04-27 15:04:51,990][__main__][INFO] - Validation:  Bisim_loss: 0.1285                      z_loss: 0.0939  z_proprio_loss: 0.0063                     Bisim z_dist: 1.7115  Bisim r_dist: 0.0452                      Var reg: 0.0000  Transition_dist: 1.7768                     Cov reg: 0.0000
[2026-04-27 15:04:52,171][__main__][INFO] - Saved model to /home/gloria/Bis-JEPA/outputs/2026-04-26/23-20-39
[2026-04-27 15:19:21,330][__main__][INFO] - Epoch 68  Training loss: 0.1143  Validation loss: 0.2241
[2026-04-27 15:19:21,330][__main__][INFO] - Train:  Bisim_loss: 0.0506                      z_loss: 0.0637  z_proprio_loss: 0.0062                     Bisim z_dist: 1.7590  Bisim r_dist: 0.0348                      Var reg (comparable to PCA var col): 0.0000  Transition_dist: 1.8256                     Cov reg (comparable to PCA cov col): 0.0000
[2026-04-27 15:19:21,331][__main__][INFO] - Validation:  Bisim_loss: 0.1283                      z_loss: 0.0958  z_proprio_loss: 0.0067                     Bisim z_dist: 1.7357  Bisim r_dist: 0.0401                      Var reg: 0.0000  Transition_dist: 1.7942                     Cov reg: 0.0000
[2026-04-27 15:19:21,561][__main__][INFO] - Saved model to /home/gloria/Bis-JEPA/outputs/2026-04-26/23-20-39
[2026-04-27 15:34:01,179][__main__][INFO] - Epoch 69  Training loss: 0.1144  Validation loss: 0.2185
[2026-04-27 15:34:01,180][__main__][INFO] - Train:  Bisim_loss: 0.0508                      z_loss: 0.0636  z_proprio_loss: 0.0062                     Bisim z_dist: 1.7588  Bisim r_dist: 0.0319                      Var reg (comparable to PCA var col): 0.0000  Transition_dist: 1.8266                     Cov reg (comparable to PCA cov col): 0.0000
[2026-04-27 15:34:01,180][__main__][INFO] - Validation:  Bisim_loss: 0.1249                      z_loss: 0.0936  z_proprio_loss: 0.0065                     Bisim z_dist: 1.7011  Bisim r_dist: 0.0364                      Var reg: 0.0000  Transition_dist: 1.7690                     Cov reg: 0.0000
[2026-04-27 15:34:01,378][__main__][INFO] - Saved model to /home/gloria/Bis-JEPA/outputs/2026-04-26/23-20-39
[2026-04-27 15:48:25,138][__main__][INFO] - Epoch 70  Training loss: 0.1133  Validation loss: 0.2208
[2026-04-27 15:48:25,139][__main__][INFO] - Train:  Bisim_loss: 0.0501                      z_loss: 0.0632  z_proprio_loss: 0.0061                     Bisim z_dist: 1.7637  Bisim r_dist: 0.0327                      Var reg (comparable to PCA var col): 0.0000  Transition_dist: 1.8304                     Cov reg (comparable to PCA cov col): 0.0000
[2026-04-27 15:48:25,139][__main__][INFO] - Validation:  Bisim_loss: 0.1256                      z_loss: 0.0952  z_proprio_loss: 0.0066                     Bisim z_dist: 1.7223  Bisim r_dist: 0.0417                      Var reg: 0.0000  Transition_dist: 1.7832                     Cov reg: 0.0000
[2026-04-27 15:48:25,325][__main__][INFO] - Saved model to /home/gloria/Bis-JEPA/outputs/2026-04-26/23-20-39
[2026-04-27 16:02:41,822][__main__][INFO] - Epoch 71  Training loss: 0.1143  Validation loss: 0.2273
[2026-04-27 16:02:41,823][__main__][INFO] - Train:  Bisim_loss: 0.0510                      z_loss: 0.0633  z_proprio_loss: 0.0062                     Bisim z_dist: 1.7576  Bisim r_dist: 0.0335                      Var reg (comparable to PCA var col): 0.0000  Transition_dist: 1.8253                     Cov reg (comparable to PCA cov col): 0.0000
[2026-04-27 16:02:41,823][__main__][INFO] - Validation:  Bisim_loss: 0.1314                      z_loss: 0.0960  z_proprio_loss: 0.0066                     Bisim z_dist: 1.7368  Bisim r_dist: 0.0407                      Var reg: 0.0000  Transition_dist: 1.7891                     Cov reg: 0.0000
[2026-04-27 16:02:42,111][__main__][INFO] - Saved model to /home/gloria/Bis-JEPA/outputs/2026-04-26/23-20-39
[2026-04-27 16:17:17,751][__main__][INFO] - Epoch 72  Training loss: 0.1143  Validation loss: 0.2248
[2026-04-27 16:17:17,752][__main__][INFO] - Train:  Bisim_loss: 0.0509                      z_loss: 0.0634  z_proprio_loss: 0.0062                     Bisim z_dist: 1.7648  Bisim r_dist: 0.0327                      Var reg (comparable to PCA var col): 0.0000  Transition_dist: 1.8303                     Cov reg (comparable to PCA cov col): 0.0000
[2026-04-27 16:17:17,752][__main__][INFO] - Validation:  Bisim_loss: 0.1280                      z_loss: 0.0968  z_proprio_loss: 0.0071                     Bisim z_dist: 1.7219  Bisim r_dist: 0.0403                      Var reg: 0.0000  Transition_dist: 1.7875                     Cov reg: 0.0000
[2026-04-27 16:17:17,947][__main__][INFO] - Saved model to /home/gloria/Bis-JEPA/outputs/2026-04-26/23-20-39
[2026-04-27 16:31:26,914][__main__][INFO] - Epoch 73  Training loss: 0.1132  Validation loss: 0.2247
[2026-04-27 16:31:26,915][__main__][INFO] - Train:  Bisim_loss: 0.0503                      z_loss: 0.0629  z_proprio_loss: 0.0061                     Bisim z_dist: 1.7621  Bisim r_dist: 0.0347                      Var reg (comparable to PCA var col): 0.0000  Transition_dist: 1.8281                     Cov reg (comparable to PCA cov col): 0.0000
[2026-04-27 16:31:26,915][__main__][INFO] - Validation:  Bisim_loss: 0.1270                      z_loss: 0.0977  z_proprio_loss: 0.0070                     Bisim z_dist: 1.7545  Bisim r_dist: 0.0438                      Var reg: 0.0000  Transition_dist: 1.8000                     Cov reg: 0.0000
[2026-04-27 16:31:27,133][__main__][INFO] - Saved model to /home/gloria/Bis-JEPA/outputs/2026-04-26/23-20-39
[2026-04-27 16:45:47,880][__main__][INFO] - Epoch 74  Training loss: 0.1122  Validation loss: 0.2186
[2026-04-27 16:45:47,881][__main__][INFO] - Train:  Bisim_loss: 0.0492                      z_loss: 0.0630  z_proprio_loss: 0.0061                     Bisim z_dist: 1.7626  Bisim r_dist: 0.0346                      Var reg (comparable to PCA var col): 0.0000  Transition_dist: 1.8280                     Cov reg (comparable to PCA cov col): 0.0000
[2026-04-27 16:45:47,881][__main__][INFO] - Validation:  Bisim_loss: 0.1223                      z_loss: 0.0963  z_proprio_loss: 0.0068                     Bisim z_dist: 1.7107  Bisim r_dist: 0.0422                      Var reg: 0.0000  Transition_dist: 1.7761                     Cov reg: 0.0000
[2026-04-27 16:45:48,112][__main__][INFO] - Saved model to /home/gloria/Bis-JEPA/outputs/2026-04-26/23-20-39
[2026-04-27 17:00:27,069][__main__][INFO] - Epoch 75  Training loss: 0.1126  Validation loss: 0.2140
[2026-04-27 17:00:27,070][__main__][INFO] - Train:  Bisim_loss: 0.0503                      z_loss: 0.0623  z_proprio_loss: 0.0061                     Bisim z_dist: 1.7620  Bisim r_dist: 0.0352                      Var reg (comparable to PCA var col): 0.0000  Transition_dist: 1.8288                     Cov reg (comparable to PCA cov col): 0.0000
[2026-04-27 17:00:27,070][__main__][INFO] - Validation:  Bisim_loss: 0.1183                      z_loss: 0.0957  z_proprio_loss: 0.0068                     Bisim z_dist: 1.7155  Bisim r_dist: 0.0424                      Var reg: 0.0000  Transition_dist: 1.7782                     Cov reg: 0.0000
[2026-04-27 17:00:27,252][__main__][INFO] - Saved model to /home/gloria/Bis-JEPA/outputs/2026-04-26/23-20-39
[2026-04-27 17:14:15,801][__main__][INFO] - Epoch 76  Training loss: 0.1119  Validation loss: 0.2197
[2026-04-27 17:14:15,810][__main__][INFO] - Train:  Bisim_loss: 0.0500                      z_loss: 0.0618  z_proprio_loss: 0.0061                     Bisim z_dist: 1.7627  Bisim r_dist: 0.0364                      Var reg (comparable to PCA var col): 0.0000  Transition_dist: 1.8288                     Cov reg (comparable to PCA cov col): 0.0000
[2026-04-27 17:14:15,810][__main__][INFO] - Validation:  Bisim_loss: 0.1227                      z_loss: 0.0971  z_proprio_loss: 0.0069                     Bisim z_dist: 1.7272  Bisim r_dist: 0.0449                      Var reg: 0.0000  Transition_dist: 1.7866                     Cov reg: 0.0000
[2026-04-27 17:14:16,089][__main__][INFO] - Saved model to /home/gloria/Bis-JEPA/outputs/2026-04-26/23-20-39
[2026-04-27 17:29:30,427][__main__][INFO] - Epoch 77  Training loss: 0.1105  Validation loss: 0.2253
[2026-04-27 17:29:30,427][__main__][INFO] - Train:  Bisim_loss: 0.0484                      z_loss: 0.0621  z_proprio_loss: 0.0061                     Bisim z_dist: 1.7679  Bisim r_dist: 0.0355                      Var reg (comparable to PCA var col): 0.0000  Transition_dist: 1.8317                     Cov reg (comparable to PCA cov col): 0.0000
[2026-04-27 17:29:30,427][__main__][INFO] - Validation:  Bisim_loss: 0.1282                      z_loss: 0.0971  z_proprio_loss: 0.0069                     Bisim z_dist: 1.7460  Bisim r_dist: 0.0462                      Var reg: 0.0000  Transition_dist: 1.8015                     Cov reg: 0.0000
[2026-04-27 17:29:30,622][__main__][INFO] - Saved model to /home/gloria/Bis-JEPA/outputs/2026-04-26/23-20-39
[2026-04-27 17:44:30,588][__main__][INFO] - Epoch 78  Training loss: 0.1112  Validation loss: 0.2205
[2026-04-27 17:44:30,589][__main__][INFO] - Train:  Bisim_loss: 0.0490                      z_loss: 0.0621  z_proprio_loss: 0.0061                     Bisim z_dist: 1.7674  Bisim r_dist: 0.0370                      Var reg (comparable to PCA var col): 0.0000  Transition_dist: 1.8315                     Cov reg (comparable to PCA cov col): 0.0000
[2026-04-27 17:44:30,589][__main__][INFO] - Validation:  Bisim_loss: 0.1221                      z_loss: 0.0983  z_proprio_loss: 0.0073                     Bisim z_dist: 1.7167  Bisim r_dist: 0.0426                      Var reg: 0.0000  Transition_dist: 1.7746                     Cov reg: 0.0000
[2026-04-27 17:44:30,835][__main__][INFO] - Saved model to /home/gloria/Bis-JEPA/outputs/2026-04-26/23-20-39
[2026-04-27 17:59:38,547][__main__][INFO] - Epoch 79  Training loss: 0.1111  Validation loss: 0.2227
[2026-04-27 17:59:38,547][__main__][INFO] - Train:  Bisim_loss: 0.0493                      z_loss: 0.0618  z_proprio_loss: 0.0061                     Bisim z_dist: 1.7664  Bisim r_dist: 0.0355                      Var reg (comparable to PCA var col): 0.0000  Transition_dist: 1.8306                     Cov reg (comparable to PCA cov col): 0.0000
[2026-04-27 17:59:38,548][__main__][INFO] - Validation:  Bisim_loss: 0.1258                      z_loss: 0.0969  z_proprio_loss: 0.0071                     Bisim z_dist: 1.7270  Bisim r_dist: 0.0463                      Var reg: 0.0000  Transition_dist: 1.7864                     Cov reg: 0.0000
[2026-04-27 17:59:38,798][__main__][INFO] - Saved model to /home/gloria/Bis-JEPA/outputs/2026-04-26/23-20-39
[2026-04-27 18:14:24,064][__main__][INFO] - Epoch 80  Training loss: 0.1119  Validation loss: 0.2246
[2026-04-27 18:14:24,064][__main__][INFO] - Train:  Bisim_loss: 0.0499                      z_loss: 0.0620  z_proprio_loss: 0.0062                     Bisim z_dist: 1.7660  Bisim r_dist: 0.0349                      Var reg (comparable to PCA var col): 0.0000  Transition_dist: 1.8306                     Cov reg (comparable to PCA cov col): 0.0000
[2026-04-27 18:14:24,065][__main__][INFO] - Validation:  Bisim_loss: 0.1259                      z_loss: 0.0987  z_proprio_loss: 0.0069                     Bisim z_dist: 1.7038  Bisim r_dist: 0.0446                      Var reg: 0.0000  Transition_dist: 1.7693                     Cov reg: 0.0000
[2026-04-27 18:14:24,256][__main__][INFO] - Saved model to /home/gloria/Bis-JEPA/outputs/2026-04-26/23-20-39
[2026-04-27 18:29:22,083][__main__][INFO] - Epoch 81  Training loss: 0.1110  Validation loss: 0.2218
[2026-04-27 18:29:22,084][__main__][INFO] - Train:  Bisim_loss: 0.0493                      z_loss: 0.0617  z_proprio_loss: 0.0061                     Bisim z_dist: 1.7693  Bisim r_dist: 0.0364                      Var reg (comparable to PCA var col): 0.0000  Transition_dist: 1.8337                     Cov reg (comparable to PCA cov col): 0.0000
[2026-04-27 18:29:22,084][__main__][INFO] - Validation:  Bisim_loss: 0.1238                      z_loss: 0.0980  z_proprio_loss: 0.0070                     Bisim z_dist: 1.7330  Bisim r_dist: 0.0432                      Var reg: 0.0000  Transition_dist: 1.7858                     Cov reg: 0.0000
[2026-04-27 18:29:22,304][__main__][INFO] - Saved model to /home/gloria/Bis-JEPA/outputs/2026-04-26/23-20-39
[2026-04-27 18:44:08,032][__main__][INFO] - Epoch 82  Training loss: 0.1090  Validation loss: 0.2247
[2026-04-27 18:44:08,032][__main__][INFO] - Train:  Bisim_loss: 0.0478                      z_loss: 0.0612  z_proprio_loss: 0.0061                     Bisim z_dist: 1.7732  Bisim r_dist: 0.0366                      Var reg (comparable to PCA var col): 0.0000  Transition_dist: 1.8356                     Cov reg (comparable to PCA cov col): 0.0000
[2026-04-27 18:44:08,032][__main__][INFO] - Validation:  Bisim_loss: 0.1263                      z_loss: 0.0984  z_proprio_loss: 0.0071                     Bisim z_dist: 1.7339  Bisim r_dist: 0.0434                      Var reg: 0.0000  Transition_dist: 1.7875                     Cov reg: 0.0000
[2026-04-27 18:44:08,311][__main__][INFO] - Saved model to /home/gloria/Bis-JEPA/outputs/2026-04-26/23-20-39
[2026-04-27 18:59:11,575][__main__][INFO] - Epoch 83  Training loss: 0.1088  Validation loss: 0.2204
[2026-04-27 18:59:11,576][__main__][INFO] - Train:  Bisim_loss: 0.0475                      z_loss: 0.0612  z_proprio_loss: 0.0061                     Bisim z_dist: 1.7725  Bisim r_dist: 0.0345                      Var reg (comparable to PCA var col): 0.0000  Transition_dist: 1.8354                     Cov reg (comparable to PCA cov col): 0.0000
[2026-04-27 18:59:11,576][__main__][INFO] - Validation:  Bisim_loss: 0.1225                      z_loss: 0.0980  z_proprio_loss: 0.0071                     Bisim z_dist: 1.7214  Bisim r_dist: 0.0437                      Var reg: 0.0000  Transition_dist: 1.7862                     Cov reg: 0.0000
[2026-04-27 18:59:11,854][__main__][INFO] - Saved model to /home/gloria/Bis-JEPA/outputs/2026-04-26/23-20-39
[2026-04-27 19:13:50,324][__main__][INFO] - Epoch 84  Training loss: 0.1082  Validation loss: 0.2226
[2026-04-27 19:13:50,325][__main__][INFO] - Train:  Bisim_loss: 0.0474                      z_loss: 0.0607  z_proprio_loss: 0.0061                     Bisim z_dist: 1.7720  Bisim r_dist: 0.0377                      Var reg (comparable to PCA var col): 0.0000  Transition_dist: 1.8349                     Cov reg (comparable to PCA cov col): 0.0000
[2026-04-27 19:13:50,325][__main__][INFO] - Validation:  Bisim_loss: 0.1232                      z_loss: 0.0994  z_proprio_loss: 0.0071                     Bisim z_dist: 1.7246  Bisim r_dist: 0.0466                      Var reg: 0.0000  Transition_dist: 1.7844                     Cov reg: 0.0000
[2026-04-27 19:13:50,645][__main__][INFO] - Saved model to /home/gloria/Bis-JEPA/outputs/2026-04-26/23-20-39
